../X-CUBE-AI/App/app_x-cube-ai.c:105:13:ai_log_err	16	static
../X-CUBE-AI/App/app_x-cube-ai.c:118:12:ai_boostrap	32	static
../X-CUBE-AI/App/app_x-cube-ai.c:161:12:ai_run	16	static
../X-CUBE-AI/App/app_x-cube-ai.c:176:5:acquire_and_process_data	16	static
../X-CUBE-AI/App/app_x-cube-ai.c:189:6:UART_Transmit	16	static
../X-CUBE-AI/App/app_x-cube-ai.c:197:5:post_process	128	static
../X-CUBE-AI/App/app_x-cube-ai.c:221:5:argmax	24	static
../X-CUBE-AI/App/app_x-cube-ai.c:232:6:led	16	static
../X-CUBE-AI/App/app_x-cube-ai.c:271:6:MX_X_CUBE_AI_Init	8	static
../X-CUBE-AI/App/app_x-cube-ai.c:280:6:MX_X_CUBE_AI_Process	16	static
