../Core/Src/MLX90640_API.c:39:5:MLX90640_DumpEE	0	static
../Core/Src/MLX90640_API.c:44:5:MLX90640_GetFrameData	24	static
../Core/Src/MLX90640_API.c:128:5:MLX90640_SetResolution	24	static
../Core/Src/MLX90640_API.c:149:5:MLX90640_GetCurResolution	16	static
../Core/Src/MLX90640_API.c:167:5:MLX90640_SetRefreshRate	24	static
../Core/Src/MLX90640_API.c:187:5:MLX90640_GetRefreshRate	16	static
../Core/Src/MLX90640_API.c:205:5:MLX90640_SetInterleavedMode	16	static
../Core/Src/MLX90640_API.c:224:5:MLX90640_SetChessMode	16	static
../Core/Src/MLX90640_API.c:243:5:MLX90640_GetCurMode	16	static
../Core/Src/MLX90640_API.c:516:7:MLX90640_GetVdd	32	static
../Core/Src/MLX90640_API.c:537:7:MLX90640_GetTa	16	static
../Core/Src/MLX90640_API.c:261:6:MLX90640_CalculateTo	144	static
../Core/Src/MLX90640_API.c:411:6:MLX90640_GetImage	72	static
../Core/Src/MLX90640_API.c:567:5:MLX90640_GetSubPageNumber	0	static
../Core/Src/MLX90640_API.c:677:6:ExtractVDDParameters	0	static
../Core/Src/MLX90640_API.c:699:6:ExtractPTATParameters	0	static
../Core/Src/MLX90640_API.c:732:6:ExtractGainParameters	0	static
../Core/Src/MLX90640_API.c:747:6:ExtractTgcParameters	0	static
../Core/Src/MLX90640_API.c:762:6:ExtractResolutionParameters	0	static
../Core/Src/MLX90640_API.c:772:6:ExtractKsTaParameters	0	static
../Core/Src/MLX90640_API.c:787:6:ExtractKsToParameters	8	static
../Core/Src/MLX90640_API.c:825:6:ExtractAlphaParameters	3376	static
../Core/Src/MLX90640_API.c:926:6:ExtractOffsetParameters	264	static
../Core/Src/MLX90640_API.c:998:6:ExtractKtaPixelParameters	3152	static
../Core/Src/MLX90640_API.c:1097:6:ExtractKvPixelParameters	3136	static
../Core/Src/MLX90640_API.c:1188:6:ExtractCPParameters	40	static
../Core/Src/MLX90640_API.c:1251:6:ExtractCILCParameters	0	static
../Core/Src/MLX90640_API.c:1379:6:CheckAdjacentPixels	0	static
../Core/Src/MLX90640_API.c:1288:5:ExtractDeviatingPixels	32	static
../Core/Src/MLX90640_API.c:103:5:MLX90640_ExtractParameters	16	static
../Core/Src/MLX90640_API.c:1402:7:GetMedian	20	static
../Core/Src/MLX90640_API.c:1433:5:IsPixelBad	0	static
../Core/Src/MLX90640_API.c:574:6:MLX90640_BadPixelsCorrection	64	static
