Archive member included to satisfy reference by file (symbol)

../Middlewares/ST/AI/Lib\NetworkRuntime810_CM4_GCC.a(ai_datatypes_internal.o)
                              ./X-CUBE-AI/App/aiValidation.o (get_tensor_size)
../Middlewares/ST/AI/Lib\NetworkRuntime810_CM4_GCC.a(ai_platform.o)
                              ./X-CUBE-AI/App/aiTestHelper.o (ai_buffer_get_size)
../Middlewares/ST/AI/Lib\NetworkRuntime810_CM4_GCC.a(ai_platform_interface.o)
                              ./X-CUBE-AI/App/network.o (ai_platform_get_weights_map)
../Middlewares/ST/AI/Lib\NetworkRuntime810_CM4_GCC.a(core_common.o)
                              ../Middlewares/ST/AI/Lib\NetworkRuntime810_CM4_GCC.a(ai_platform_interface.o) (core_init)
../Middlewares/ST/AI/Lib\NetworkRuntime810_CM4_GCC.a(core_convert.o)
                              ./X-CUBE-AI/App/network.o (node_convert)
../Middlewares/ST/AI/Lib\NetworkRuntime810_CM4_GCC.a(core_mem_manager.o)
                              ../Middlewares/ST/AI/Lib\NetworkRuntime810_CM4_GCC.a(ai_platform_interface.o) (core_mem_alloc)
../Middlewares/ST/AI/Lib\NetworkRuntime810_CM4_GCC.a(layers.o)
                              ../Middlewares/ST/AI/Lib\NetworkRuntime810_CM4_GCC.a(ai_platform_interface.o) (ai_check_custom_types)
../Middlewares/ST/AI/Lib\NetworkRuntime810_CM4_GCC.a(layers_conv2d_stm32_integer.o)
                              ../Middlewares/ST/AI/Lib\NetworkRuntime810_CM4_GCC.a(layers.o) (get_conv2d_scratch_size)
../Middlewares/ST/AI/Lib\NetworkRuntime810_CM4_GCC.a(layers_generic_float.o)
                              ./X-CUBE-AI/App/network.o (forward_concat)
../Middlewares/ST/AI/Lib\NetworkRuntime810_CM4_GCC.a(layers_nl_stm32_integer.o)
                              ./X-CUBE-AI/App/network.o (forward_sm_integer)
../Middlewares/ST/AI/Lib\NetworkRuntime810_CM4_GCC.a(layers_pad_generic.o)
                              ../Middlewares/ST/AI/Lib\NetworkRuntime810_CM4_GCC.a(layers_generic_float.o) (forward_pad_8bit_ch1st_3x3_constant)
../Middlewares/ST/AI/Lib\NetworkRuntime810_CM4_GCC.a(layers_pool_stm32_integer.o)
                              ./X-CUBE-AI/App/network.o (forward_mp_integer_INT8)
../Middlewares/ST/AI/Lib\NetworkRuntime810_CM4_GCC.a(layers_pw_sssa8_ch.o)
                              ./X-CUBE-AI/App/network.o (forward_pw_sssa8_ch)
../Middlewares/ST/AI/Lib\NetworkRuntime810_CM4_GCC.a(forward_lite_convert.o)
                              ../Middlewares/ST/AI/Lib\NetworkRuntime810_CM4_GCC.a(core_convert.o) (forward_lite_node_convert_is1os8)
../Middlewares/ST/AI/Lib\NetworkRuntime810_CM4_GCC.a(forward_lite_maxpool_is16os16.o)
                              ../Middlewares/ST/AI/Lib\NetworkRuntime810_CM4_GCC.a(layers_pool_stm32_integer.o) (forward_lite_maxpool_is16os16_scalepos)
../Middlewares/ST/AI/Lib\NetworkRuntime810_CM4_GCC.a(forward_lite_maxpool_is8os8.o)
                              ../Middlewares/ST/AI/Lib\NetworkRuntime810_CM4_GCC.a(layers_pool_stm32_integer.o) (forward_lite_maxpool_is8os8_scalepos)
../Middlewares/ST/AI/Lib\NetworkRuntime810_CM4_GCC.a(forward_lite_maxpool_iu16ou16.o)
                              ../Middlewares/ST/AI/Lib\NetworkRuntime810_CM4_GCC.a(layers_pool_stm32_integer.o) (forward_lite_maxpool_iu16ou16_scalepos)
../Middlewares/ST/AI/Lib\NetworkRuntime810_CM4_GCC.a(forward_lite_maxpool_iu8ou8.o)
                              ../Middlewares/ST/AI/Lib\NetworkRuntime810_CM4_GCC.a(layers_pool_stm32_integer.o) (forward_lite_maxpool_iu8ou8_scalepos)
../Middlewares/ST/AI/Lib\NetworkRuntime810_CM4_GCC.a(forward_lite_pw_sssa8_ch.o)
                              ../Middlewares/ST/AI/Lib\NetworkRuntime810_CM4_GCC.a(layers_pw_sssa8_ch.o) (forward_lite_pw_sssa8_ch)
../Middlewares/ST/AI/Lib\NetworkRuntime810_CM4_GCC.a(lite_generic_float.o)
                              ../Middlewares/ST/AI/Lib\NetworkRuntime810_CM4_GCC.a(layers_generic_float.o) (forward_lite_topK_axis_0_if32of32)
../Middlewares/ST/AI/Lib\NetworkRuntime810_CM4_GCC.a(lite_nl_generic_integer.o)
                              ../Middlewares/ST/AI/Lib\NetworkRuntime810_CM4_GCC.a(layers_nl_stm32_integer.o) (forward_lite_nl_softmax_is8os8)
../Middlewares/ST/AI/Lib\NetworkRuntime810_CM4_GCC.a(forward_lite_pad_generic.o)
                              ../Middlewares/ST/AI/Lib\NetworkRuntime810_CM4_GCC.a(layers_pad_generic.o) (forward_lite_pad_8bit_ch1st_3x3_constant)
../Middlewares/ST/AI/Lib\NetworkRuntime810_CM4_GCC.a(st_convolve_reference.o)
                              ../Middlewares/ST/AI/Lib\NetworkRuntime810_CM4_GCC.a(layers_conv2d_stm32_integer.o) (align_factor)
../Middlewares/ST/AI/Lib\NetworkRuntime810_CM4_GCC.a(st_sssa8_ch_convolve.o)
                              ../Middlewares/ST/AI/Lib\NetworkRuntime810_CM4_GCC.a(layers_conv2d_stm32_integer.o) (st_sssa8_ch_convolve_rank1upd)
../Middlewares/ST/AI/Lib\NetworkRuntime810_CM4_GCC.a(st_sssa8_convolve.o)
[...]
Memory Configuration

Name             Origin             Length             Attributes
CCMRAM           0x0000000010000000 0x0000000000010000 xrw
RAM              0x0000000020000000 0x000000000001c000 xrw
FLASH            0x0000000008000000 0x0000000000080000 xr
*default*        0x0000000000000000 0xffffffffffffffff

Linker script and memory map

LOAD C:/ST/STM32CubeIDE_1.14.0/STM32CubeIDE/plugins/com.st.stm32cube.ide.mcu.externaltools.gnu-tools-for-stm32.11.3.rel1.win32_1.1.100.202309141235/tools/bin/../lib/gcc/arm-none-eabi/11.3.1/thumb/v7e-m+fp/hard/crti.o
LOAD C:/ST/STM32CubeIDE_1.14.0/STM32CubeIDE/plugins/com.st.stm32cube.ide.mcu.externaltools.gnu-tools-for-stm32.11.3.rel1.win32_1.1.100.202309141235/tools/bin/../lib/gcc/arm-none-eabi/11.3.1/thumb/v7e-m+fp/hard/crtbegin.o
LOAD C:/ST/STM32CubeIDE_1.14.0/STM32CubeIDE/plugins/com.st.stm32cube.ide.mcu.externaltools.gnu-tools-for-stm32.11.3.rel1.win32_1.1.100.202309141235/tools/bin/../lib/gcc/arm-none-eabi/11.3.1/../../../../arm-none-eabi/lib/thumb/v7e-m+fp/hard/crt0.o
LOAD ./Core/Src/main.o
LOAD ./Core/Src/stm32f4xx_hal_msp.o
LOAD ./Core/Src/stm32f4xx_it.o
LOAD ./Core/Src/sysmem.o
LOAD ./Core/Src/system_stm32f4xx.o
LOAD ./Core/Startup/startup_stm32f407vetx.o
LOAD ./Drivers/STM32F4xx_HAL_Driver/Src/stm32f4xx_hal.o
LOAD ./Drivers/STM32F4xx_HAL_Driver/Src/stm32f4xx_hal_cortex.o
LOAD ./Drivers/STM32F4xx_HAL_Driver/Src/stm32f4xx_hal_crc.o
LOAD ./Drivers/STM32F4xx_HAL_Driver/Src/stm32f4xx_hal_dma.o
LOAD ./Drivers/STM32F4xx_HAL_Driver/Src/stm32f4xx_hal_dma_ex.o
LOAD ./Drivers/STM32F4xx_HAL_Driver/Src/stm32f4xx_hal_exti.o
LOAD ./Drivers/STM32F4xx_HAL_Driver/Src/stm32f4xx_hal_flash.o
LOAD ./Drivers/STM32F4xx_HAL_Driver/Src/stm32f4xx_hal_flash_ex.o
LOAD ./Drivers/STM32F4xx_HAL_Driver/Src/stm32f4xx_hal_flash_ramfunc.o
LOAD ./Drivers/STM32F4xx_HAL_Driver/Src/stm32f4xx_hal_gpio.o
LOAD ./Drivers/STM32F4xx_HAL_Driver/Src/stm32f4xx_hal_pwr.o
LOAD ./Drivers/STM32F4xx_HAL_Driver/Src/stm32f4xx_hal_pwr_ex.o
LOAD ./Drivers/STM32F4xx_HAL_Driver/Src/stm32f4xx_hal_rcc.o
LOAD ./Drivers/STM32F4xx_HAL_Driver/Src/stm32f4xx_hal_rcc_ex.o
LOAD ./Drivers/STM32F4xx_HAL_Driver/Src/stm32f4xx_hal_tim.o
LOAD ./Drivers/STM32F4xx_HAL_Driver/Src/stm32f4xx_hal_tim_ex.o
LOAD ./Drivers/STM32F4xx_HAL_Driver/Src/stm32f4xx_hal_uart.o
LOAD ./X-CUBE-AI/App/aiPbIO.o
LOAD ./X-CUBE-AI/App/aiPbMemRWServices.o
LOAD ./X-CUBE-AI/App/aiPbMgr.o
LOAD ./X-CUBE-AI/App/aiTestHelper.o
LOAD ./X-CUBE-AI/App/aiTestUtility.o
LOAD ./X-CUBE-AI/App/aiValidation.o
LOAD ./X-CUBE-AI/App/ai_device_adaptor.o
LOAD ./X-CUBE-AI/App/app_x-cube-ai.o
LOAD ./X-CUBE-AI/App/lc_print.o
LOAD ./X-CUBE-AI/App/network.o
LOAD ./X-CUBE-AI/App/network_data.o
LOAD ./X-CUBE-AI/App/network_data_params.o
LOAD ./X-CUBE-AI/App/pb_common.o
LOAD ./X-CUBE-AI/App/pb_decode.o
LOAD ./X-CUBE-AI/App/pb_encode.o
LOAD ./X-CUBE-AI/App/stm32msg.pb.o
LOAD ./X-CUBE-AI/App/syscalls.o
LOAD ../Middlewares/ST/AI/Lib\NetworkRuntime810_CM4_GCC.a
START GROUP
LOAD C:/ST/STM32CubeIDE_1.14.0/STM32CubeIDE/plugins/com.st.stm32cube.ide.mcu.externaltools.gnu-tools-for-stm32.11.3.rel1.win32_1.1.100.202309141235/tools/bin/../lib/gcc/arm-none-eabi/11.3.1/../../../../arm-none-eabi/lib/thumb/v7e-m+fp/hard\libc_nano.a
LOAD C:/ST/STM32CubeIDE_1.14.0/STM32CubeIDE/plugins/com.st.stm32cube.ide.mcu.externaltools.gnu-tools-for-stm32.11.3.rel1.win32_1.1.100.202309141235/tools/bin/../lib/gcc/arm-none-eabi/11.3.1/../../../../arm-none-eabi/lib/thumb/v7e-m+fp/hard\libm.a
END GROUP
START GROUP
LOAD C:/ST/STM32CubeIDE_1.14.0/STM32CubeIDE/plugins/com.st.stm32cube.ide.mcu.externaltools.gnu-tools-for-stm32.11.3.rel1.win32_1.1.100.202309141235/tools/bin/../lib/gcc/arm-none-eabi/11.3.1/thumb/v7e-m+fp/hard\libgcc.a
LOAD C:/ST/STM32CubeIDE_1.14.0/STM32CubeIDE/plugins/com.st.stm32cube.ide.mcu.externaltools.gnu-tools-for-stm32.11.3.rel1.win32_1.1.100.202309141235/tools/bin/../lib/gcc/arm-none-eabi/11.3.1/../../../../arm-none-eabi/lib/thumb/v7e-m+fp/hard\libc_nano.a
END GROUP
START GROUP
LOAD C:/ST/STM32CubeIDE_1.14.0/STM32CubeIDE/plugins/com.st.stm32cube.ide.mcu.externaltools.gnu-tools-for-stm32.11.3.rel1.win32_1.1.100.202309141235/tools/bin/../lib/gcc/arm-none-eabi/11.3.1/thumb/v7e-m+fp/hard\libgcc.a
LOAD C:/ST/STM32CubeIDE_1.14.0/STM32CubeIDE/plugins/com.st.stm32cube.ide.mcu.externaltools.gnu-tools-for-stm32.11.3.rel1.win32_1.1.100.202309141235/tools/bin/../lib/gcc/arm-none-eabi/11.3.1/../../../../arm-none-eabi/lib/thumb/v7e-m+fp/hard\libc_nano.a
LOAD C:/ST/STM32CubeIDE_1.14.0/STM32CubeIDE/plugins/com.st.stm32cube.ide.mcu.externaltools.gnu-tools-for-stm32.11.3.rel1.win32_1.1.100.202309141235/tools/bin/../lib/gcc/arm-none-eabi/11.3.1/../../../../arm-none-eabi/lib/thumb/v7e-m+fp/hard\libnosys.a
END GROUP
START GROUP
LOAD C:/ST/STM32CubeIDE_1.14.0/STM32CubeIDE/plugins/com.st.stm32cube.ide.mcu.externaltools.gnu-tools-for-stm32.11.3.rel1.win32_1.1.100.202309141235/tools/bin/../lib/gcc/arm-none-eabi/11.3.1/thumb/v7e-m+fp/hard\libgcc.a
LOAD C:/ST/STM32CubeIDE_1.14.0/STM32CubeIDE/plugins/com.st.stm32cube.ide.mcu.externaltools.gnu-tools-for-stm32.11.3.rel1.win32_1.1.100.202309141235/tools/bin/../lib/gcc/arm-none-eabi/11.3.1/../../../../arm-none-eabi/lib/thumb/v7e-m+fp/hard\libc_nano.a
LOAD C:/ST/STM32CubeIDE_1.14.0/STM32CubeIDE/plugins/com.st.stm32cube.ide.mcu.externaltools.gnu-tools-for-stm32.11.3.rel1.win32_1.1.100.202309141235/tools/bin/../lib/gcc/arm-none-eabi/11.3.1/../../../../arm-none-eabi/lib/thumb/v7e-m+fp/hard\libnosys.a
END GROUP
LOAD C:/ST/STM32CubeIDE_1.14.0/STM32CubeIDE/plugins/com.st.stm32cube.ide.mcu.externaltools.gnu-tools-for-stm32.11.3.rel1.win32_1.1.100.202309141235/tools/bin/../lib/gcc/arm-none-eabi/11.3.1/thumb/v7e-m+fp/hard/crtend.o
LOAD C:/ST/STM32CubeIDE_1.14.0/STM32CubeIDE/plugins/com.st.stm32cube.ide.mcu.externaltools.gnu-tools-for-stm32.11.3.rel1.win32_1.1.100.202309141235/tools/bin/../lib/gcc/arm-none-eabi/11.3.1/thumb/v7e-m+fp/hard/crtn.o
                0x000000002001c000                _estack = (ORIGIN (RAM) + LENGTH (RAM))
                0x0000000000000800                _Min_Heap_Size = 0x800
                0x0000000000000800                _Min_Stack_Size = 0x800

.isr_vector     0x0000000008000000      0x188
                0x0000000008000000                . = ALIGN (0x4)
 *(.isr_vector)
 .isr_vector    0x0000000008000000      0x188 ./Core/Startup/startup_stm32f407vetx.o
                0x0000000008000000                g_pfnVectors
                0x0000000008000188                . = ALIGN (0x4)

.text           0x0000000008000190     0xeb3c
                0x0000000008000190                . = ALIGN (0x4)
 *(.text)
 .text          0x0000000008000190       0x40 C:/ST/STM32CubeIDE_1.14.0/STM32CubeIDE/plugins/com.st.stm32cube.ide.mcu.externaltools.gnu-tools-for-stm32.11.3.rel1.win32_1.1.100.202309141235/tools/bin/../lib/gcc/arm-none-eabi/11.3.1/thumb/v7e-m+fp/hard/crtbegin.o
 .text          0x00000000080001d0       0xa0 C:/ST/STM32CubeIDE_1.14.0/STM32CubeIDE/plugins/com.st.stm32cube.ide.mcu.externaltools.gnu-tools-for-stm32.11.3.rel1.win32_1.1.100.202309141235/tools/bin/../lib/gcc/arm-none-eabi/11.3.1/../../../../arm-none-eabi/lib/thumb/v7e-m+fp/hard\libc_nano.a(libc_a-memchr.o)
                0x00000000080001d0                memchr
 .text          0x0000000008000270       0x10 C:/ST/STM32CubeIDE_1.14.0/STM32CubeIDE/plugins/com.st.stm32cube.ide.mcu.externaltools.gnu-tools-for-stm32.11.3.rel1.win32_1.1.100.202309141235/tools/bin/../lib/gcc/arm-none-eabi/11.3.1/../../../../arm-none-eabi/lib/thumb/v7e-m+fp/hard\libc_nano.a(libc_a-strlen.o)
                0x0000000008000270                strlen
 .text          0x0000000008000280      0x378 C:/ST/STM32CubeIDE_1.14.0/STM32CubeIDE/plugins/com.st.stm32cube.ide.mcu.externaltools.gnu-tools-for-stm32.11.3.rel1.win32_1.1.100.202309141235/tools/bin/../lib/gcc/arm-none-eabi/11.3.1/thumb/v7e-m+fp/hard\libgcc.a(_arm_addsubdf3.o)
                0x0000000008000280                __aeabi_drsub
                0x0000000008000288                __aeabi_dsub
                0x0000000008000288                __subdf3
                0x000000000800028c                __aeabi_dadd
                0x000000000800028c                __adddf3
                0x0000000008000504                __floatunsidf
                0x0000000008000504                __aeabi_ui2d
                0x0000000008000524                __floatsidf
                0x0000000008000524                __aeabi_i2d
                0x0000000008000548                __aeabi_f2d
                0x0000000008000548                __extendsfdf2
                0x000000000800058c                __floatundidf
                0x000000000800058c                __aeabi_ul2d
                0x000000000800059c                __floatdidf
                0x000000000800059c                __aeabi_l2d
 .text          0x00000000080005f8      0x424 C:/ST/STM32CubeIDE_1.14.0/STM32CubeIDE/plugins/com.st.stm32cube.ide.mcu.externaltools.gnu-tools-for-stm32.11.3.rel1.win32_1.1.100.202309141235/tools/bin/../lib/gcc/arm-none-eabi/11.3.1/thumb/v7e-m+fp/hard\libgcc.a(_arm_muldivdf3.o)
                0x00000000080005f8                __aeabi_dmul
                0x00000000080005f8                __muldf3
                0x000000000800084c                __divdf3
                0x000000000800084c                __aeabi_ddiv
 .text          0x0000000008000a1c      0x110 C:/ST/STM32CubeIDE_1.14.0/STM32CubeIDE/plugins/com.st.stm32cube.ide.mcu.externaltools.gnu-tools-for-stm32.11.3.rel1.win32_1.1.100.202309141235/tools/bin/../lib/gcc/arm-none-eabi/11.3.1/thumb/v7e-m+fp/hard\libgcc.a(_arm_cmpdf2.o)
                0x0000000008000a1c                __gtdf2
                0x0000000008000a1c                __gedf2
                0x0000000008000a24                __ltdf2
                0x0000000008000a24                __ledf2
                0x0000000008000a2c                __nedf2
                0x0000000008000a2c                __eqdf2
                0x0000000008000a2c                __cmpdf2
                0x0000000008000aa8                __aeabi_cdrcmple
                0x0000000008000ab8                __aeabi_cdcmpeq
                0x0000000008000ab8                __aeabi_cdcmple
                0x0000000008000ac8                __aeabi_dcmpeq
                0x0000000008000adc                __aeabi_dcmplt
                0x0000000008000af0                __aeabi_dcmple
                0x0000000008000b04                __aeabi_dcmpge
                0x0000000008000b18                __aeabi_dcmpgt
 .text          0x0000000008000b2c       0x2c C:/ST/STM32CubeIDE_1.14.0/STM32CubeIDE/plugins/com.st.stm32cube.ide.mcu.externaltools.gnu-tools-for-stm32.11.3.rel1.win32_1.1.100.202309141235/tools/bin/../lib/gcc/arm-none-eabi/11.3.1/thumb/v7e-m+fp/hard\libgcc.a(_arm_unorddf2.o)
                0x0000000008000b2c                __unorddf2
                0x0000000008000b2c                __aeabi_dcmpun
 .text          0x0000000008000b58       0x50 C:/ST/STM32CubeIDE_1.14.0/STM32CubeIDE/plugins/com.st.stm32cube.ide.mcu.externaltools.gnu-tools-for-stm32.11.3.rel1.win32_1.1.100.202309141235/tools/bin/../lib/gcc/arm-none-eabi/11.3.1/thumb/v7e-m+fp/hard\libgcc.a(_arm_fixdfsi.o)
                0x0000000008000b58                __aeabi_d2iz
                0x0000000008000b58                __fixdfsi
 .text          0x0000000008000ba8      0x21c C:/ST/STM32CubeIDE_1.14.0/STM32CubeIDE/plugins/com.st.stm32cube.ide.mcu.externaltools.gnu-tools-for-stm32.11.3.rel1.win32_1.1.100.202309141235/tools/bin/../lib/gcc/arm-none-eabi/11.3.1/thumb/v7e-m+fp/hard\libgcc.a(_arm_addsubsf3.o)
                0x0000000008000ba8                __aeabi_frsub
                0x0000000008000bb0                __subsf3
                0x0000000008000bb0                __aeabi_fsub
                0x0000000008000bb4                __aeabi_fadd
                0x0000000008000bb4                __addsf3
                0x0000000008000d14                __aeabi_ui2f
                0x0000000008000d14                __floatunsisf
                0x0000000008000d1c                __aeabi_i2f
                0x0000000008000d1c                __floatsisf
                0x0000000008000d38                __aeabi_ul2f
                0x0000000008000d38                __floatundisf
                0x0000000008000d48                __aeabi_l2f
                0x0000000008000d48                __floatdisf
 .text          0x0000000008000dc4       0x30 C:/ST/STM32CubeIDE_1.14.0/STM32CubeIDE/plugins/com.st.stm32cube.ide.mcu.externaltools.gnu-tools-for-stm32.11.3.rel1.win32_1.1.100.202309141235/tools/bin/../lib/gcc/arm-none-eabi/11.3.1/thumb/v7e-m+fp/hard\libgcc.a(_aeabi_uldivmod.o)
                0x0000000008000dc4                __aeabi_uldivmod
 .text          0x0000000008000df4       0x28 C:/ST/STM32CubeIDE_1.14.0/STM32CubeIDE/plugins/com.st.stm32cube.ide.mcu.externaltools.gnu-tools-for-stm32.11.3.rel1.win32_1.1.100.202309141235/tools/bin/../lib/gcc/arm-none-eabi/11.3.1/thumb/v7e-m+fp/hard\libgcc.a(_fixsfdi.o)
                0x0000000008000df4                __fixsfdi
                0x0000000008000df4                __aeabi_f2lz
 .text          0x0000000008000e1c       0x40 C:/ST/STM32CubeIDE_1.14.0/STM32CubeIDE/plugins/com.st.stm32cube.ide.mcu.externaltools.gnu-tools-for-stm32.11.3.rel1.win32_1.1.100.202309141235/tools/bin/../lib/gcc/arm-none-eabi/11.3.1/thumb/v7e-m+fp/hard\libgcc.a(_fixunssfdi.o)
                0x0000000008000e1c                __fixunssfdi
                0x0000000008000e1c                __aeabi_f2ulz
 .text          0x0000000008000e5c       0x3c C:/ST/STM32CubeIDE_1.14.0/STM32CubeIDE/plugins/com.st.stm32cube.ide.mcu.externaltools.gnu-tools-for-stm32.11.3.rel1.win32_1.1.100.202309141235/tools/bin/../lib/gcc/arm-none-eabi/11.3.1/thumb/v7e-m+fp/hard\libgcc.a(_fixunsdfdi.o)
                0x0000000008000e5c                __fixunsdfdi
                0x0000000008000e5c                __aeabi_d2ulz
 .text          0x0000000008000e98      0x2c8 C:/ST/STM32CubeIDE_1.14.0/STM32CubeIDE/plugins/com.st.stm32cube.ide.mcu.externaltools.gnu-tools-for-stm32.11.3.rel1.win32_1.1.100.202309141235/tools/bin/../lib/gcc/arm-none-eabi/11.3.1/thumb/v7e-m+fp/hard\libgcc.a(_udivmoddi4.o)
                0x0000000008000e98                __udivmoddi4
 .text          0x0000000008001160        0x4 C:/ST/STM32CubeIDE_1.14.0/STM32CubeIDE/plugins/com.st.stm32cube.ide.mcu.externaltools.gnu-tools-for-stm32.11.3.rel1.win32_1.1.100.202309141235/tools/bin/../lib/gcc/arm-none-eabi/11.3.1/thumb/v7e-m+fp/hard\libgcc.a(_dvmd_tls.o)
                0x0000000008001160                __aeabi_idiv0
                0x0000000008001160                __aeabi_ldiv0
 .text          0x0000000008001164       0x40 C:/ST/STM32CubeIDE_1.14.0/STM32CubeIDE/plugins/com.st.stm32cube.ide.mcu.externaltools.gnu-tools-for-stm32.11.3.rel1.win32_1.1.100.202309141235/tools/bin/../lib/gcc/arm-none-eabi/11.3.1/thumb/v7e-m+fp/hard\libgcc.a(_arm_fixunsdfsi.o)
                0x0000000008001164                __aeabi_d2uiz
                0x0000000008001164                __fixunsdfsi
 *(.text*)
 .text.SystemClock_Config
                0x00000000080011a4       0xa0 ./Core/Src/main.o
                0x00000000080011a4                SystemClock_Config
 .text.startup.main
                0x0000000008001244       0xe4 ./Core/Src/main.o
                0x0000000008001244                main
 .text.MX_USART3_UART_Init
                0x0000000008001328       0x34 ./Core/Src/main.o
                0x0000000008001328                MX_USART3_UART_Init
 .text.HAL_MspInit
                0x000000000800135c       0x38 ./Core/Src/stm32f4xx_hal_msp.o
                0x000000000800135c                HAL_MspInit
 .text.HAL_CRC_MspInit
                0x0000000008001394       0x30 ./Core/Src/stm32f4xx_hal_msp.o
                0x0000000008001394                HAL_CRC_MspInit
 .text.HAL_UART_MspInit
                0x00000000080013c4       0x6c ./Core/Src/stm32f4xx_hal_msp.o
                0x00000000080013c4                HAL_UART_MspInit
 .text.NMI_Handler
                0x0000000008001430        0x2 ./Core/Src/stm32f4xx_it.o
                0x0000000008001430                NMI_Handler
 .text.HardFault_Handler
                0x0000000008001432        0x2 ./Core/Src/stm32f4xx_it.o
                0x0000000008001432                HardFault_Handler
 .text.MemManage_Handler
                0x0000000008001434        0x2 ./Core/Src/stm32f4xx_it.o
                0x0000000008001434                MemManage_Handler
 .text.BusFault_Handler
                0x0000000008001436        0x2 ./Core/Src/stm32f4xx_it.o
                0x0000000008001436                BusFault_Handler
 .text.UsageFault_Handler
                0x0000000008001438        0x2 ./Core/Src/stm32f4xx_it.o
                0x0000000008001438                UsageFault_Handler
 .text.SVC_Handler
                0x000000000800143a        0x2 ./Core/Src/stm32f4xx_it.o
                0x000000000800143a                SVC_Handler
 .text.DebugMon_Handler
                0x000000000800143c        0x2 ./Core/Src/stm32f4xx_it.o
                0x000000000800143c                DebugMon_Handler
 .text.PendSV_Handler
                0x000000000800143e        0x2 ./Core/Src/stm32f4xx_it.o
                0x000000000800143e                PendSV_Handler
 .text.SysTick_Handler
                0x0000000008001440        0x4 ./Core/Src/stm32f4xx_it.o
                0x0000000008001440                SysTick_Handler
 .text._sbrk    0x0000000008001444       0x40 ./Core/Src/sysmem.o
                0x0000000008001444                _sbrk
 .text.SystemInit
                0x0000000008001484       0x14 ./Core/Src/system_stm32f4xx.o
                0x0000000008001484                SystemInit
 .text.Reset_Handler
                0x0000000008001498       0x50 ./Core/Startup/startup_stm32f407vetx.o
                0x0000000008001498                Reset_Handler
 .text.Default_Handler
                0x00000000080014e8        0x2 ./Core/Startup/startup_stm32f407vetx.o
                0x00000000080014e8                RTC_Alarm_IRQHandler
                0x00000000080014e8                HASH_RNG_IRQHandler
                0x00000000080014e8                EXTI2_IRQHandler
                0x00000000080014e8                TIM8_CC_IRQHandler
                0x00000000080014e8                TIM1_CC_IRQHandler
                0x00000000080014e8                DMA2_Stream5_IRQHandler
                0x00000000080014e8                DMA1_Stream5_IRQHandler
                0x00000000080014e8                PVD_IRQHandler
                0x00000000080014e8                SDIO_IRQHandler
                0x00000000080014e8                TAMP_STAMP_IRQHandler
                0x00000000080014e8                CAN2_RX1_IRQHandler
                0x00000000080014e8                EXTI3_IRQHandler
                0x00000000080014e8                TIM8_TRG_COM_TIM14_IRQHandler
                0x00000000080014e8                TIM1_UP_TIM10_IRQHandler
                0x00000000080014e8                TIM8_UP_TIM13_IRQHandler
                0x00000000080014e8                I2C3_ER_IRQHandler
                0x00000000080014e8                EXTI0_IRQHandler
                0x00000000080014e8                I2C2_EV_IRQHandler
                0x00000000080014e8                DMA1_Stream2_IRQHandler
                0x00000000080014e8                CAN1_RX0_IRQHandler
                0x00000000080014e8                FPU_IRQHandler
                0x00000000080014e8                OTG_HS_WKUP_IRQHandler
                0x00000000080014e8                CAN2_SCE_IRQHandler
                0x00000000080014e8                DMA2_Stream2_IRQHandler
                0x00000000080014e8                SPI1_IRQHandler
                0x00000000080014e8                TIM6_DAC_IRQHandler
                0x00000000080014e8                TIM1_BRK_TIM9_IRQHandler
                0x00000000080014e8                DCMI_IRQHandler
                0x00000000080014e8                CAN2_RX0_IRQHandler
                0x00000000080014e8                DMA2_Stream3_IRQHandler
                0x00000000080014e8                USART6_IRQHandler
                0x00000000080014e8                USART3_IRQHandler
                0x00000000080014e8                CAN1_RX1_IRQHandler
                0x00000000080014e8                UART5_IRQHandler
                0x00000000080014e8                DMA2_Stream0_IRQHandler
                0x00000000080014e8                TIM4_IRQHandler
                0x00000000080014e8                I2C1_EV_IRQHandler
                0x00000000080014e8                DMA1_Stream6_IRQHandler
                0x00000000080014e8                DMA1_Stream1_IRQHandler
                0x00000000080014e8                UART4_IRQHandler
                0x00000000080014e8                TIM3_IRQHandler
                0x00000000080014e8                RCC_IRQHandler
                0x00000000080014e8                TIM8_BRK_TIM12_IRQHandler
                0x00000000080014e8                Default_Handler
                0x00000000080014e8                EXTI15_10_IRQHandler
                0x00000000080014e8                ADC_IRQHandler
                0x00000000080014e8                DMA1_Stream7_IRQHandler
                0x00000000080014e8                TIM7_IRQHandler
                0x00000000080014e8                CAN2_TX_IRQHandler
                0x00000000080014e8                TIM5_IRQHandler
                0x00000000080014e8                DMA2_Stream7_IRQHandler
                0x00000000080014e8                I2C3_EV_IRQHandler
                0x00000000080014e8                EXTI9_5_IRQHandler
                0x00000000080014e8                RTC_WKUP_IRQHandler
                0x00000000080014e8                ETH_WKUP_IRQHandler
                0x00000000080014e8                SPI2_IRQHandler
                0x00000000080014e8                OTG_HS_EP1_IN_IRQHandler
                0x00000000080014e8                DMA1_Stream0_IRQHandler
                0x00000000080014e8                CAN1_TX_IRQHandler
                0x00000000080014e8                EXTI4_IRQHandler
                0x00000000080014e8                FSMC_IRQHandler
                0x00000000080014e8                ETH_IRQHandler
                0x00000000080014e8                OTG_HS_EP1_OUT_IRQHandler
                0x00000000080014e8                WWDG_IRQHandler
                0x00000000080014e8                TIM2_IRQHandler
                0x00000000080014e8                OTG_FS_WKUP_IRQHandler
                0x00000000080014e8                TIM1_TRG_COM_TIM11_IRQHandler
                0x00000000080014e8                OTG_HS_IRQHandler
                0x00000000080014e8                EXTI1_IRQHandler
                0x00000000080014e8                USART2_IRQHandler
                0x00000000080014e8                I2C2_ER_IRQHandler
                0x00000000080014e8                DMA2_Stream1_IRQHandler
                0x00000000080014e8                CAN1_SCE_IRQHandler
                0x00000000080014e8                FLASH_IRQHandler
                0x00000000080014e8                DMA2_Stream4_IRQHandler
                0x00000000080014e8                USART1_IRQHandler
                0x00000000080014e8                OTG_FS_IRQHandler
                0x00000000080014e8                SPI3_IRQHandler
                0x00000000080014e8                DMA1_Stream4_IRQHandler
                0x00000000080014e8                I2C1_ER_IRQHandler
                0x00000000080014e8                DMA2_Stream6_IRQHandler
                0x00000000080014e8                DMA1_Stream3_IRQHandler
 *fill*         0x00000000080014ea        0x2 
 .text.HAL_InitTick
                0x00000000080014ec       0x48 ./Drivers/STM32F4xx_HAL_Driver/Src/stm32f4xx_hal.o
                0x00000000080014ec                HAL_InitTick
 .text.HAL_Init
                0x0000000008001534       0x34 ./Drivers/STM32F4xx_HAL_Driver/Src/stm32f4xx_hal.o
                0x0000000008001534                HAL_Init
 .text.HAL_IncTick
                0x0000000008001568       0x18 ./Drivers/STM32F4xx_HAL_Driver/Src/stm32f4xx_hal.o
                0x0000000008001568                HAL_IncTick
 .text.HAL_GetTick
                0x0000000008001580        0xc ./Drivers/STM32F4xx_HAL_Driver/Src/stm32f4xx_hal.o
                0x0000000008001580                HAL_GetTick
 .text.HAL_Delay
                0x000000000800158c       0x28 ./Drivers/STM32F4xx_HAL_Driver/Src/stm32f4xx_hal.o
                0x000000000800158c                HAL_Delay
 .text.HAL_GetHalVersion
                0x00000000080015b4        0x8 ./Drivers/STM32F4xx_HAL_Driver/Src/stm32f4xx_hal.o
                0x00000000080015b4                HAL_GetHalVersion
 .text.HAL_GetREVID
                0x00000000080015bc        0xc ./Drivers/STM32F4xx_HAL_Driver/Src/stm32f4xx_hal.o
                0x00000000080015bc                HAL_GetREVID
 .text.HAL_GetDEVID
                0x00000000080015c8       0x10 ./Drivers/STM32F4xx_HAL_Driver/Src/stm32f4xx_hal.o
                0x00000000080015c8                HAL_GetDEVID
 .text.HAL_NVIC_SetPriorityGrouping
                0x00000000080015d8       0x24 ./Drivers/STM32F4xx_HAL_Driver/Src/stm32f4xx_hal_cortex.o
                0x00000000080015d8                HAL_NVIC_SetPriorityGrouping
 .text.HAL_NVIC_SetPriority
                0x00000000080015fc       0x64 ./Drivers/STM32F4xx_HAL_Driver/Src/stm32f4xx_hal_cortex.o
                0x00000000080015fc                HAL_NVIC_SetPriority
 .text.HAL_SYSTICK_Config
                0x0000000008001660       0x28 ./Drivers/STM32F4xx_HAL_Driver/Src/stm32f4xx_hal_cortex.o
                0x0000000008001660                HAL_SYSTICK_Config
 .text.HAL_CRC_Init
                0x0000000008001688       0x20 ./Drivers/STM32F4xx_HAL_Driver/Src/stm32f4xx_hal_crc.o
                0x0000000008001688                HAL_CRC_Init
 .text.HAL_GPIO_Init
                0x00000000080016a8      0x1b4 ./Drivers/STM32F4xx_HAL_Driver/Src/stm32f4xx_hal_gpio.o
                0x00000000080016a8                HAL_GPIO_Init
 .text.HAL_GPIO_WritePin
                0x000000000800185c        0xa ./Drivers/STM32F4xx_HAL_Driver/Src/stm32f4xx_hal_gpio.o
                0x000000000800185c                HAL_GPIO_WritePin
 *fill*         0x0000000008001866        0x2 
 .text.HAL_RCC_OscConfig
                0x0000000008001868      0x358 ./Drivers/STM32F4xx_HAL_Driver/Src/stm32f4xx_hal_rcc.o
                0x0000000008001868                HAL_RCC_OscConfig
 .text.HAL_RCC_GetSysClockFreq
                0x0000000008001bc0       0x5c ./Drivers/STM32F4xx_HAL_Driver/Src/stm32f4xx_hal_rcc.o
                0x0000000008001bc0                HAL_RCC_GetSysClockFreq
 .text.HAL_RCC_ClockConfig
                0x0000000008001c1c      0x134 ./Drivers/STM32F4xx_HAL_Driver/Src/stm32f4xx_hal_rcc.o
                0x0000000008001c1c                HAL_RCC_ClockConfig
 .text.HAL_RCC_GetHCLKFreq
                0x0000000008001d50        0xc ./Drivers/STM32F4xx_HAL_Driver/Src/stm32f4xx_hal_rcc.o
                0x0000000008001d50                HAL_RCC_GetHCLKFreq
 .text.HAL_RCC_GetPCLK1Freq
                0x0000000008001d5c       0x20 ./Drivers/STM32F4xx_HAL_Driver/Src/stm32f4xx_hal_rcc.o
                0x0000000008001d5c                HAL_RCC_GetPCLK1Freq
 .text.HAL_RCC_GetPCLK2Freq
                0x0000000008001d7c       0x20 ./Drivers/STM32F4xx_HAL_Driver/Src/stm32f4xx_hal_rcc.o
                0x0000000008001d7c                HAL_RCC_GetPCLK2Freq
 .text.UART_EndRxTransfer
                0x0000000008001d9c       0x5c ./Drivers/STM32F4xx_HAL_Driver/Src/stm32f4xx_hal_uart.o
 .text.UART_SetConfig
                0x0000000008001df8       0xbc ./Drivers/STM32F4xx_HAL_Driver/Src/stm32f4xx_hal_uart.o
 .text.UART_WaitOnFlagUntilTimeout.constprop.0
                0x0000000008001eb4       0x64 ./Drivers/STM32F4xx_HAL_Driver/Src/stm32f4xx_hal_uart.o
 .text.HAL_UART_Init
                0x0000000008001f18       0x5e ./Drivers/STM32F4xx_HAL_Driver/Src/stm32f4xx_hal_uart.o
                0x0000000008001f18                HAL_UART_Init
 .text.HAL_UART_Transmit
                0x0000000008001f76       0x9c ./Drivers/STM32F4xx_HAL_Driver/Src/stm32f4xx_hal_uart.o
                0x0000000008001f76                HAL_UART_Transmit
 .text.HAL_UART_Receive
                0x0000000008002012       0xaa ./Drivers/STM32F4xx_HAL_Driver/Src/stm32f4xx_hal_uart.o
                0x0000000008002012                HAL_UART_Receive
 .text.write_callback
                0x00000000080020bc       0x40 ./X-CUBE-AI/App/aiPbIO.o
 .text.read_callback
                0x00000000080020fc       0x94 ./X-CUBE-AI/App/aiPbIO.o
 .text.pb_io_flush_ostream
                0x0000000008002190       0x20 ./X-CUBE-AI/App/aiPbIO.o
                0x0000000008002190                pb_io_flush_ostream
 .text.pb_io_flush_istream
                0x00000000080021b0       0x18 ./X-CUBE-AI/App/aiPbIO.o
                0x00000000080021b0                pb_io_flush_istream
 .text.pb_io_ostream
                0x00000000080021c8       0x1c ./X-CUBE-AI/App/aiPbIO.o
                0x00000000080021c8                pb_io_ostream
 .text.pb_io_istream
                0x00000000080021e4       0x18 ./X-CUBE-AI/App/aiPbIO.o
                0x00000000080021e4                pb_io_istream
 .text.pb_io_stream_init
                0x00000000080021fc        0xa ./X-CUBE-AI/App/aiPbIO.o
                0x00000000080021fc                pb_io_stream_init
 .text.encode_uint32
                0x0000000008002206       0x56 ./X-CUBE-AI/App/aiPbMgr.o
                0x0000000008002206                encode_uint32
 .text.encode_data_cb
                0x000000000800225c       0x1e ./X-CUBE-AI/App/aiPbMgr.o
                0x000000000800225c                encode_data_cb
 .text.decode_data_cb
                0x000000000800227a       0x3e ./X-CUBE-AI/App/aiPbMgr.o
 .text.aiPbMgrInit
                0x00000000080022b8       0x74 ./X-CUBE-AI/App/aiPbMgr.o
                0x00000000080022b8                aiPbMgrInit
 .text.aiPbStrCopy
                0x000000000800232c       0x4c ./X-CUBE-AI/App/aiPbMgr.o
                0x000000000800232c                aiPbStrCopy
 .text.encode_tensor_desc
                0x0000000008002378       0x68 ./X-CUBE-AI/App/aiPbMgr.o
                0x0000000008002378                encode_tensor_desc
 .text.aiPbMgrSendResp
                0x00000000080023e0       0x24 ./X-CUBE-AI/App/aiPbMgr.o
                0x00000000080023e0                aiPbMgrSendResp
 .text.aiPbMgrWaitAndProcess
                0x0000000008002404       0x84 ./X-CUBE-AI/App/aiPbMgr.o
                0x0000000008002404                aiPbMgrWaitAndProcess
 .text.aiPbMgrSendAck
                0x0000000008002488       0x14 ./X-CUBE-AI/App/aiPbMgr.o
                0x0000000008002488                aiPbMgrSendAck
 .text.aiPbMgrWaitAck
                0x000000000800249c       0x2c ./X-CUBE-AI/App/aiPbMgr.o
                0x000000000800249c                aiPbMgrWaitAck
 .text.aiPbMgrSendLogV2
                0x00000000080024c8       0x70 ./X-CUBE-AI/App/aiPbMgr.o
                0x00000000080024c8                aiPbMgrSendLogV2
 .text.aiPbMgrReceiveData
                0x0000000008002538       0x34 ./X-CUBE-AI/App/aiPbMgr.o
                0x0000000008002538                aiPbMgrReceiveData
 .text.aiPbMgrSendOperator
                0x000000000800256c       0x6c ./X-CUBE-AI/App/aiPbMgr.o
                0x000000000800256c                aiPbMgrSendOperator
 .text.aiPbCmdSync
                0x00000000080025d8       0x22 ./X-CUBE-AI/App/aiPbMgr.o
                0x00000000080025d8                aiPbCmdSync
 *fill*         0x00000000080025fa        0x2 
 .text.aiPlatformVersion
                0x00000000080025fc       0x2c ./X-CUBE-AI/App/aiTestHelper.o
                0x00000000080025fc                aiPlatformVersion
 .text.aiLogErr
                0x0000000008002628       0x2c ./X-CUBE-AI/App/aiTestHelper.o
                0x0000000008002628                aiLogErr
 .text.aiPrintBufferInfo
                0x0000000008002654      0x1f0 ./X-CUBE-AI/App/aiTestHelper.o
                0x0000000008002654                aiPrintBufferInfo
 .text.aiPrintNetworkInfo
                0x0000000008002844      0x170 ./X-CUBE-AI/App/aiTestHelper.o
                0x0000000008002844                aiPrintNetworkInfo
 .text._put_c_buffer_cb
                0x00000000080029b4       0x1c ./X-CUBE-AI/App/aiTestUtility.o
 .text._put_c_driver
                0x00000000080029d0       0x2c ./X-CUBE-AI/App/aiTestUtility.o
 .text.ioRawWriteBuffer
                0x00000000080029fc       0x1c ./X-CUBE-AI/App/aiTestUtility.o
                0x00000000080029fc                ioRawWriteBuffer
 .text.ioRawReadBuffer
                0x0000000008002a18       0x1c ./X-CUBE-AI/App/aiTestUtility.o
                0x0000000008002a18                ioRawReadBuffer
 .text.ioRawDisableLLWrite
                0x0000000008002a34        0xc ./X-CUBE-AI/App/aiTestUtility.o
                0x0000000008002a34                ioRawDisableLLWrite
 .text._write   0x0000000008002a40       0x40 ./X-CUBE-AI/App/aiTestUtility.o
                0x0000000008002a40                _write
 .text.lc_print
                0x0000000008002a80       0x24 ./X-CUBE-AI/App/aiTestUtility.o
                0x0000000008002a80                lc_print
 .text.lc_vsnprint
                0x0000000008002aa4       0x20 ./X-CUBE-AI/App/aiTestUtility.o
                0x0000000008002aa4                lc_vsnprint
 .text.__wrap_malloc
                0x0000000008002ac4       0x50 ./X-CUBE-AI/App/aiTestUtility.o
                0x0000000008002ac4                __wrap_malloc
 .text.dwtCyclesToTime
                0x0000000008002b14       0x78 ./X-CUBE-AI/App/aiTestUtility.o
                0x0000000008002b14                dwtCyclesToTime
 .text.dwtCyclesToFloatMs
                0x0000000008002b8c       0x3c ./X-CUBE-AI/App/aiTestUtility.o
                0x0000000008002b8c                dwtCyclesToFloatMs
 .text.getFlashCacheConf
                0x0000000008002bc8       0x3c ./X-CUBE-AI/App/aiTestUtility.o
                0x0000000008002bc8                getFlashCacheConf
 .text.getSysConf.part.0
                0x0000000008002c04       0x24 ./X-CUBE-AI/App/aiTestUtility.o
 .text.getSysConf
                0x0000000008002c28        0x8 ./X-CUBE-AI/App/aiTestUtility.o
                0x0000000008002c28                getSysConf
 .text.systemSettingLog
                0x0000000008002c30       0xd4 ./X-CUBE-AI/App/aiTestUtility.o
                0x0000000008002c30                systemSettingLog
 .text.aiPbCmdSysInfo
                0x0000000008002d04       0x30 ./X-CUBE-AI/App/aiValidation.o
                0x0000000008002d04                aiPbCmdSysInfo
 .text.encode_mempool_to_tensor_desc
                0x0000000008002d34       0x4c ./X-CUBE-AI/App/aiValidation.o
 .text.fill_tensor_desc_msg
                0x0000000008002d80       0x94 ./X-CUBE-AI/App/aiValidation.o
 .text.encode_ai_buffer_to_tensor_desc
                0x0000000008002e14       0x22 ./X-CUBE-AI/App/aiValidation.o
 .text._get_buffer_size
                0x0000000008002e36       0x1a ./X-CUBE-AI/App/aiValidation.o
 .text.cyclesCounterStart
                0x0000000008002e50       0x20 ./X-CUBE-AI/App/aiValidation.o
 .text.cyclesCounterEnd
                0x0000000008002e70       0x4c ./X-CUBE-AI/App/aiValidation.o
 .text.aiExecCtx
                0x0000000008002ebc       0x50 ./X-CUBE-AI/App/aiValidation.o
 .text.send_ai_io_tensor.isra.0
                0x0000000008002f0c       0x74 ./X-CUBE-AI/App/aiValidation.o
 .text.aiOnExecNode_cb
                0x0000000008002f80      0x19c ./X-CUBE-AI/App/aiValidation.o
 .text.aiPbCmdNNInfo
                0x000000000800311c      0x194 ./X-CUBE-AI/App/aiValidation.o
                0x000000000800311c                aiPbCmdNNInfo
 .text._print_debug
                0x00000000080032b0       0x48 ./X-CUBE-AI/App/aiValidation.o
                0x00000000080032b0                _print_debug
 .text.aiPbCmdNNRun
                0x00000000080032f8      0x2c0 ./X-CUBE-AI/App/aiValidation.o
                0x00000000080032f8                aiPbCmdNNRun
 .text.aiValidationInit
                0x00000000080035b8       0x90 ./X-CUBE-AI/App/aiValidation.o
                0x00000000080035b8                aiValidationInit
 .text.aiValidationProcess
                0x0000000008003648      0x1e8 ./X-CUBE-AI/App/aiValidation.o
                0x0000000008003648                aiValidationProcess
 .text.port_hal_crc_ip_init_imp
                0x0000000008003830       0x24 ./X-CUBE-AI/App/ai_device_adaptor.o
                0x0000000008003830                port_hal_crc_ip_init_imp
 .text.port_dwt_init_imp
                0x0000000008003854       0x28 ./X-CUBE-AI/App/ai_device_adaptor.o
                0x0000000008003854                port_dwt_init_imp
 .text.ai_mnetwork_handle
                0x000000000800387c       0x1c ./X-CUBE-AI/App/app_x-cube-ai.o
 .text.ai_mnetwork_is_valid.constprop.0
                0x0000000008003898       0x28 ./X-CUBE-AI/App/app_x-cube-ai.o
 .text.MX_X_CUBE_AI_Init
                0x00000000080038c0        0xe ./X-CUBE-AI/App/app_x-cube-ai.o
                0x00000000080038c0                MX_X_CUBE_AI_Init
 .text.MX_X_CUBE_AI_Process
                0x00000000080038ce        0x4 ./X-CUBE-AI/App/app_x-cube-ai.o
                0x00000000080038ce                MX_X_CUBE_AI_Process
 *fill*         0x00000000080038d2        0x2 
 .text.ai_mnetwork_find
                0x00000000080038d4       0x1c ./X-CUBE-AI/App/app_x-cube-ai.o
                0x00000000080038d4                ai_mnetwork_find
 .text.ai_mnetwork_create
                0x00000000080038f0       0x54 ./X-CUBE-AI/App/app_x-cube-ai.o
                0x00000000080038f0                ai_mnetwork_create
 .text.ai_mnetwork_destroy
                0x0000000008003944       0x30 ./X-CUBE-AI/App/app_x-cube-ai.o
                0x0000000008003944                ai_mnetwork_destroy
 .text.ai_mnetwork_get_report
                0x0000000008003974       0x16 ./X-CUBE-AI/App/app_x-cube-ai.o
                0x0000000008003974                ai_mnetwork_get_report
 .text.ai_mnetwork_get_error
                0x000000000800398a       0x1a ./X-CUBE-AI/App/app_x-cube-ai.o
                0x000000000800398a                ai_mnetwork_get_error
 .text.ai_mnetwork_init
                0x00000000080039a4       0x3e ./X-CUBE-AI/App/app_x-cube-ai.o
                0x00000000080039a4                ai_mnetwork_init
 .text.ai_mnetwork_run
                0x00000000080039e2       0x22 ./X-CUBE-AI/App/app_x-cube-ai.o
                0x00000000080039e2                ai_mnetwork_run
 .text.ai_mnetwork_get_private_handle
                0x0000000008003a04       0x34 ./X-CUBE-AI/App/app_x-cube-ai.o
                0x0000000008003a04                ai_mnetwork_get_private_handle
 .text._write_number
                0x0000000008003a38      0x128 ./X-CUBE-AI/App/lc_print.o
 .text.vlc_print
                0x0000000008003b60      0x4a8 ./X-CUBE-AI/App/lc_print.o
                0x0000000008003b60                vlc_print
 .text.ai_network_get_report
                0x0000000008004008       0x9c ./X-CUBE-AI/App/network.o
                0x0000000008004008                ai_network_get_report
 .text.ai_network_get_error
                0x00000000080040a4        0x4 ./X-CUBE-AI/App/network.o
                0x00000000080040a4                ai_network_get_error
 .text.ai_network_create
                0x00000000080040a8       0x1c ./X-CUBE-AI/App/network.o
                0x00000000080040a8                ai_network_create
 .text.ai_network_destroy
                0x00000000080040c4        0x4 ./X-CUBE-AI/App/network.o
                0x00000000080040c4                ai_network_destroy
 .text.ai_network_init
                0x00000000080040c8      0x1ec ./X-CUBE-AI/App/network.o
                0x00000000080040c8                ai_network_init
 .text.ai_network_run
                0x00000000080042b4        0x4 ./X-CUBE-AI/App/network.o
                0x00000000080042b4                ai_network_run
 .text.ai_network_forward
                0x00000000080042b8        0x6 ./X-CUBE-AI/App/network.o
                0x00000000080042b8                ai_network_forward
 *fill*         0x00000000080042be        0x2 
 .text.ai_network_data_params_get
                0x00000000080042c0       0x30 ./X-CUBE-AI/App/network_data.o
                0x00000000080042c0                ai_network_data_params_get
 .text.pb_field_iter_begin
                0x00000000080042f0       0x24 ./X-CUBE-AI/App/pb_common.o
                0x00000000080042f0                pb_field_iter_begin
 .text.pb_field_iter_next
                0x0000000008004314       0x82 ./X-CUBE-AI/App/pb_common.o
                0x0000000008004314                pb_field_iter_next
 .text.pb_field_iter_find
                0x0000000008004396       0x2e ./X-CUBE-AI/App/pb_common.o
                0x0000000008004396                pb_field_iter_find
 .text.buf_read
                0x00000000080043c4       0x1e ./X-CUBE-AI/App/pb_decode.o
 .text.pb_field_set_to_default
                0x00000000080043e2       0xb8 ./X-CUBE-AI/App/pb_decode.o
 .text.pb_message_set_to_defaults
                0x000000000800449a       0x22 ./X-CUBE-AI/App/pb_decode.o
 .text.pb_readbyte
                0x00000000080044bc       0x40 ./X-CUBE-AI/App/pb_decode.o
 .text.pb_decode_varint32_eof
                0x00000000080044fc       0x9c ./X-CUBE-AI/App/pb_decode.o
 .text.pb_read  0x0000000008004598       0x78 ./X-CUBE-AI/App/pb_decode.o
                0x0000000008004598                pb_read
 .text.pb_decode_varint32
                0x0000000008004610        0x6 ./X-CUBE-AI/App/pb_decode.o
                0x0000000008004610                pb_decode_varint32
 *fill*         0x0000000008004616        0x2 
 .text.pb_dec_fixed_length_bytes
                0x0000000008004618       0x60 ./X-CUBE-AI/App/pb_decode.o
 .text.pb_dec_string
                0x0000000008004678       0x6c ./X-CUBE-AI/App/pb_decode.o
 .text.pb_dec_bytes
                0x00000000080046e4       0x60 ./X-CUBE-AI/App/pb_decode.o
 .text.pb_decode_varint
                0x0000000008004744       0x6c ./X-CUBE-AI/App/pb_decode.o
                0x0000000008004744                pb_decode_varint
 .text.pb_dec_uvarint
                0x00000000080047b0       0x74 ./X-CUBE-AI/App/pb_decode.o
 .text.pb_dec_varint
                0x0000000008004824       0x6c ./X-CUBE-AI/App/pb_decode.o
 .text.pb_decode_tag
                0x0000000008004890       0x34 ./X-CUBE-AI/App/pb_decode.o
                0x0000000008004890                pb_decode_tag
 .text.pb_skip_field
                0x00000000080048c4       0x60 ./X-CUBE-AI/App/pb_decode.o
                0x00000000080048c4                pb_skip_field
 .text.pb_make_string_substream
                0x0000000008004924       0x40 ./X-CUBE-AI/App/pb_decode.o
                0x0000000008004924                pb_make_string_substream
 .text.pb_close_string_substream
                0x0000000008004964       0x24 ./X-CUBE-AI/App/pb_decode.o
                0x0000000008004964                pb_close_string_substream
 .text.decode_field
                0x0000000008004988      0x200 ./X-CUBE-AI/App/pb_decode.o
 .text.pb_decode_noinit
                0x0000000008004b88      0x218 ./X-CUBE-AI/App/pb_decode.o
                0x0000000008004b88                pb_decode_noinit
 .text.pb_decode
                0x0000000008004da0       0x20 ./X-CUBE-AI/App/pb_decode.o
                0x0000000008004da0                pb_decode
 .text.pb_dec_submessage
                0x0000000008004dc0       0x60 ./X-CUBE-AI/App/pb_decode.o
 .text.pb_decode_delimited
                0x0000000008004e20       0x30 ./X-CUBE-AI/App/pb_decode.o
                0x0000000008004e20                pb_decode_delimited
 .text.pb_decode_svarint
                0x0000000008004e50       0x2a ./X-CUBE-AI/App/pb_decode.o
                0x0000000008004e50                pb_decode_svarint
 *fill*         0x0000000008004e7a        0x2 
 .text.pb_dec_svarint
                0x0000000008004e7c       0x70 ./X-CUBE-AI/App/pb_decode.o
 .text.pb_decode_fixed32
                0x0000000008004eec       0x18 ./X-CUBE-AI/App/pb_decode.o
                0x0000000008004eec                pb_decode_fixed32
 .text.pb_dec_fixed32
                0x0000000008004f04        0x6 ./X-CUBE-AI/App/pb_decode.o
 .text.pb_decode_fixed64
                0x0000000008004f0a       0x1a ./X-CUBE-AI/App/pb_decode.o
                0x0000000008004f0a                pb_decode_fixed64
 .text.pb_dec_fixed64
                0x0000000008004f24        0x6 ./X-CUBE-AI/App/pb_decode.o
 .text.pb_check_proto3_default_value
                0x0000000008004f2a       0x98 ./X-CUBE-AI/App/pb_encode.o
 *fill*         0x0000000008004fc2        0x2 
 .text.pb_write
                0x0000000008004fc4       0x48 ./X-CUBE-AI/App/pb_encode.o
                0x0000000008004fc4                pb_write
 .text.pb_encode_varint
                0x000000000800500c       0x56 ./X-CUBE-AI/App/pb_encode.o
                0x000000000800500c                pb_encode_varint
 *fill*         0x0000000008005062        0x2 
 .text.pb_enc_uvarint
                0x0000000008005064       0x40 ./X-CUBE-AI/App/pb_encode.o
 .text.pb_enc_varint
                0x00000000080050a4       0x44 ./X-CUBE-AI/App/pb_encode.o
 .text.pb_encode_svarint
                0x00000000080050e8       0x12 ./X-CUBE-AI/App/pb_encode.o
                0x00000000080050e8                pb_encode_svarint
 *fill*         0x00000000080050fa        0x2 
 .text.pb_enc_svarint
                0x00000000080050fc       0x44 ./X-CUBE-AI/App/pb_encode.o
 .text.pb_encode_fixed32
                0x0000000008005140       0x16 ./X-CUBE-AI/App/pb_encode.o
                0x0000000008005140                pb_encode_fixed32
 .text.pb_enc_fixed32
                0x0000000008005156        0x6 ./X-CUBE-AI/App/pb_encode.o
 .text.pb_encode_fixed64
                0x000000000800515c       0x2c ./X-CUBE-AI/App/pb_encode.o
                0x000000000800515c                pb_encode_fixed64
 .text.pb_enc_fixed64
                0x0000000008005188        0x6 ./X-CUBE-AI/App/pb_encode.o
 .text.pb_encode_tag
                0x000000000800518e        0xc ./X-CUBE-AI/App/pb_encode.o
                0x000000000800518e                pb_encode_tag
 *fill*         0x000000000800519a        0x2 
 .text.pb_encode_tag_for_field
                0x000000000800519c       0x44 ./X-CUBE-AI/App/pb_encode.o
                0x000000000800519c                pb_encode_tag_for_field
 .text.encode_field
                0x00000000080051e0      0x208 ./X-CUBE-AI/App/pb_encode.o
 .text.pb_encode
                0x00000000080053e8       0x68 ./X-CUBE-AI/App/pb_encode.o
                0x00000000080053e8                pb_encode
 .text.pb_encode_string
                0x0000000008005450       0x24 ./X-CUBE-AI/App/pb_encode.o
                0x0000000008005450                pb_encode_string
 .text.pb_enc_fixed_length_bytes
                0x0000000008005474        0xc ./X-CUBE-AI/App/pb_encode.o
 .text.pb_enc_string
                0x0000000008005480       0x2e ./X-CUBE-AI/App/pb_encode.o
 *fill*         0x00000000080054ae        0x2 
 .text.pb_enc_bytes
                0x00000000080054b0       0x40 ./X-CUBE-AI/App/pb_encode.o
 .text.pb_encode_submessage
                0x00000000080054f0       0x98 ./X-CUBE-AI/App/pb_encode.o
                0x00000000080054f0                pb_encode_submessage
 .text.pb_enc_submessage
                0x0000000008005588       0x20 ./X-CUBE-AI/App/pb_encode.o
 .text.ai_version_get
                0x00000000080055a8        0xc ../Middlewares/ST/AI/Lib\NetworkRuntime810_CM4_GCC.a(ai_datatypes_internal.o)
                0x00000000080055a8                ai_version_get
 .text.ai_platform_version_get
                0x00000000080055b4       0x24 ../Middlewares/ST/AI/Lib\NetworkRuntime810_CM4_GCC.a(ai_datatypes_internal.o)
                0x00000000080055b4                ai_platform_version_get
 .text.get_tensor_size
                0x00000000080055d8       0x28 ../Middlewares/ST/AI/Lib\NetworkRuntime810_CM4_GCC.a(ai_datatypes_internal.o)
                0x00000000080055d8                get_tensor_size
 .text.get_tensor_byte_size
                0x0000000008005600       0x30 ../Middlewares/ST/AI/Lib\NetworkRuntime810_CM4_GCC.a(ai_datatypes_internal.o)
                0x0000000008005600                get_tensor_byte_size
 .text.ai_buffer_get_size
                0x0000000008005630       0x68 ../Middlewares/ST/AI/Lib\NetworkRuntime810_CM4_GCC.a(ai_platform.o)
                0x0000000008005630                ai_buffer_get_size
 .text.ai_buffer_get_byte_size
                0x0000000008005698       0x10 ../Middlewares/ST/AI/Lib\NetworkRuntime810_CM4_GCC.a(ai_platform.o)
                0x0000000008005698                ai_buffer_get_byte_size
 .text.ai_buffer_array_sane
                0x00000000080056a8       0x14 ../Middlewares/ST/AI/Lib\NetworkRuntime810_CM4_GCC.a(ai_platform.o)
                0x00000000080056a8                ai_buffer_array_sane
 .text.ai_buffer_array_item_set_address
                0x00000000080056bc       0x20 ../Middlewares/ST/AI/Lib\NetworkRuntime810_CM4_GCC.a(ai_platform.o)
                0x00000000080056bc                ai_buffer_array_item_set_address
 .text._platform_observer_node_exec_cb
                0x00000000080056dc      0x118 ../Middlewares/ST/AI/Lib\NetworkRuntime810_CM4_GCC.a(ai_platform_interface.o)
 .text._ai_platform_acquire_crc
                0x00000000080057f4        0x4 ../Middlewares/ST/AI/Lib\NetworkRuntime810_CM4_GCC.a(ai_platform_interface.o)
                0x00000000080057f4                _ai_platform_acquire_crc
 .text._ai_platform_release_crc
                0x00000000080057f8        0x4 ../Middlewares/ST/AI/Lib\NetworkRuntime810_CM4_GCC.a(ai_platform_interface.o)
                0x00000000080057f8                _ai_platform_release_crc
 .text.ai_platform_get_weights_map
                0x00000000080057fc       0xa8 ../Middlewares/ST/AI/Lib\NetworkRuntime810_CM4_GCC.a(ai_platform_interface.o)
                0x00000000080057fc                ai_platform_get_weights_map
 .text.ai_platform_get_activations_map
                0x00000000080058a4       0xa8 ../Middlewares/ST/AI/Lib\NetworkRuntime810_CM4_GCC.a(ai_platform_interface.o)
                0x00000000080058a4                ai_platform_get_activations_map
 .text.ai_platform_bind_network_params
                0x000000000800594c       0x44 ../Middlewares/ST/AI/Lib\NetworkRuntime810_CM4_GCC.a(ai_platform_interface.o)
                0x000000000800594c                ai_platform_bind_network_params
 .text.ai_platform_runtime_get_revision
                0x0000000008005990       0x70 ../Middlewares/ST/AI/Lib\NetworkRuntime810_CM4_GCC.a(ai_platform_interface.o)
                0x0000000008005990                ai_platform_runtime_get_revision
 .text.ai_platform_runtime_get_version
                0x0000000008005a00       0x98 ../Middlewares/ST/AI/Lib\NetworkRuntime810_CM4_GCC.a(ai_platform_interface.o)
                0x0000000008005a00                ai_platform_runtime_get_version
 .text.ai_platform_api_get_version
                0x0000000008005a98       0x98 ../Middlewares/ST/AI/Lib\NetworkRuntime810_CM4_GCC.a(ai_platform_interface.o)
                0x0000000008005a98                ai_platform_api_get_version
 .text.ai_platform_interface_api_get_version
                0x0000000008005b30       0x98 ../Middlewares/ST/AI/Lib\NetworkRuntime810_CM4_GCC.a(ai_platform_interface.o)
                0x0000000008005b30                ai_platform_interface_api_get_version
 .text.ai_platform_context_acquire
                0x0000000008005bc8       0x80 ../Middlewares/ST/AI/Lib\NetworkRuntime810_CM4_GCC.a(ai_platform_interface.o)
                0x0000000008005bc8                ai_platform_context_acquire
 .text.ai_platform_network_get_error
                0x0000000008005c48       0xdc ../Middlewares/ST/AI/Lib\NetworkRuntime810_CM4_GCC.a(ai_platform_interface.o)
                0x0000000008005c48                ai_platform_network_get_error
 .text.ai_platform_network_set_error
                0x0000000008005d24        0xc ../Middlewares/ST/AI/Lib\NetworkRuntime810_CM4_GCC.a(ai_platform_interface.o)
                0x0000000008005d24                ai_platform_network_set_error
 .text.ai_platform_api_get_network_report
                0x0000000008005d30      0x57c ../Middlewares/ST/AI/Lib\NetworkRuntime810_CM4_GCC.a(ai_platform_interface.o)
                0x0000000008005d30                ai_platform_api_get_network_report
 .text.ai_platform_network_create
                0x00000000080062ac      0x1ac ../Middlewares/ST/AI/Lib\NetworkRuntime810_CM4_GCC.a(ai_platform_interface.o)
                0x00000000080062ac                ai_platform_network_create
 .text.ai_platform_network_destroy
                0x0000000008006458       0xd8 ../Middlewares/ST/AI/Lib\NetworkRuntime810_CM4_GCC.a(ai_platform_interface.o)
                0x0000000008006458                ai_platform_network_destroy
 .text.ai_platform_network_init
                0x0000000008006530      0x1dc ../Middlewares/ST/AI/Lib\NetworkRuntime810_CM4_GCC.a(ai_platform_interface.o)
                0x0000000008006530                ai_platform_network_init
 .text.ai_platform_network_post_init
                0x000000000800670c      0x110 ../Middlewares/ST/AI/Lib\NetworkRuntime810_CM4_GCC.a(ai_platform_interface.o)
                0x000000000800670c                ai_platform_network_post_init
 .text.ai_platform_network_process
                0x000000000800681c      0x508 ../Middlewares/ST/AI/Lib\NetworkRuntime810_CM4_GCC.a(ai_platform_interface.o)
                0x000000000800681c                ai_platform_network_process
 .text.ai_platform_observer_register_s
                0x0000000008006d24      0x12c ../Middlewares/ST/AI/Lib\NetworkRuntime810_CM4_GCC.a(ai_platform_interface.o)
                0x0000000008006d24                ai_platform_observer_register_s
 .text.ai_platform_observer_unregister_s
                0x0000000008006e50       0xec ../Middlewares/ST/AI/Lib\NetworkRuntime810_CM4_GCC.a(ai_platform_interface.o)
                0x0000000008006e50                ai_platform_observer_unregister_s
 .text.core_init
                0x0000000008006f3c        0x4 ../Middlewares/ST/AI/Lib\NetworkRuntime810_CM4_GCC.a(core_common.o)
                0x0000000008006f3c                core_init
 .text.core_get_error
                0x0000000008006f40        0xc ../Middlewares/ST/AI/Lib\NetworkRuntime810_CM4_GCC.a(core_common.o)
                0x0000000008006f40                core_get_error
 .text.core_set_error
                0x0000000008006f4c       0x18 ../Middlewares/ST/AI/Lib\NetworkRuntime810_CM4_GCC.a(core_common.o)
                0x0000000008006f4c                core_set_error
 .text.node_convert
                0x0000000008006f64      0x29c ../Middlewares/ST/AI/Lib\NetworkRuntime810_CM4_GCC.a(core_convert.o)
                0x0000000008006f64                node_convert
 .text.ai_check_custom_types
                0x0000000008007200       0x54 ../Middlewares/ST/AI/Lib\NetworkRuntime810_CM4_GCC.a(layers.o)
                0x0000000008007200                ai_check_custom_types
 .text.ai_layers_init_all
                0x0000000008007254       0x1c ../Middlewares/ST/AI/Lib\NetworkRuntime810_CM4_GCC.a(layers.o)
                0x0000000008007254                ai_layers_init_all
 .text.ai_layers_post_init_all
                0x0000000008007270       0x28 ../Middlewares/ST/AI/Lib\NetworkRuntime810_CM4_GCC.a(layers.o)
                0x0000000008007270                ai_layers_post_init_all
 .text.ai_layers_forward_all
                0x0000000008007298       0x94 ../Middlewares/ST/AI/Lib\NetworkRuntime810_CM4_GCC.a(layers.o)
                0x0000000008007298                ai_layers_forward_all
 .text.ai_layers_destroy_all
                0x000000000800732c       0x28 ../Middlewares/ST/AI/Lib\NetworkRuntime810_CM4_GCC.a(layers.o)
                0x000000000800732c                ai_layers_destroy_all
 .text.forward_dense_integer_SSSA
                0x0000000008007354      0x2f4 ../Middlewares/ST/AI/Lib\NetworkRuntime810_CM4_GCC.a(layers_conv2d_stm32_integer.o)
                0x0000000008007354                forward_dense_integer_SSSA
 .text.forward_concat
                0x0000000008007648      0x548 ../Middlewares/ST/AI/Lib\NetworkRuntime810_CM4_GCC.a(layers_generic_float.o)
                0x0000000008007648                forward_concat
 .text.forward_sm_integer
                0x0000000008007b90       0xb8 ../Middlewares/ST/AI/Lib\NetworkRuntime810_CM4_GCC.a(layers_nl_stm32_integer.o)
                0x0000000008007b90                forward_sm_integer
 .text.forward_mp_integer_INT8
                0x0000000008007c48      0x220 ../Middlewares/ST/AI/Lib\NetworkRuntime810_CM4_GCC.a(layers_pool_stm32_integer.o)
                0x0000000008007c48                forward_mp_integer_INT8
 .text.forward_ap_integer_INT8
                0x0000000008007e68      0x1e4 ../Middlewares/ST/AI/Lib\NetworkRuntime810_CM4_GCC.a(layers_pool_stm32_integer.o)
                0x0000000008007e68                forward_ap_integer_INT8
 .text.func_dummy
                0x000000000800804c        0x4 ../Middlewares/ST/AI/Lib\NetworkRuntime810_CM4_GCC.a(layers_pw_sssa8_ch.o)
 .text.forward_pw_sssa8_ch
                0x0000000008008050      0x2a4 ../Middlewares/ST/AI/Lib\NetworkRuntime810_CM4_GCC.a(layers_pw_sssa8_ch.o)
                0x0000000008008050                forward_pw_sssa8_ch
 .text.forward_lite_maxpool_is8os8_scalepos
                0x00000000080082f4      0x1c4 ../Middlewares/ST/AI/Lib\NetworkRuntime810_CM4_GCC.a(forward_lite_maxpool_is8os8.o)
                0x00000000080082f4                forward_lite_maxpool_is8os8_scalepos
 .text.forward_lite_maxpool_is8os8_scaleneg
                0x00000000080084b8      0x1c0 ../Middlewares/ST/AI/Lib\NetworkRuntime810_CM4_GCC.a(forward_lite_maxpool_is8os8.o)
                0x00000000080084b8                forward_lite_maxpool_is8os8_scaleneg
 .text.forward_lite_pw_sssa8_ch
                0x0000000008008678      0x170 ../Middlewares/ST/AI/Lib\NetworkRuntime810_CM4_GCC.a(forward_lite_pw_sssa8_ch.o)
                0x0000000008008678                forward_lite_pw_sssa8_ch
 .text.forward_lite_nl_softmax_is8os8
                0x00000000080087e8      0x874 ../Middlewares/ST/AI/Lib\NetworkRuntime810_CM4_GCC.a(lite_nl_generic_integer.o)
                0x00000000080087e8                forward_lite_nl_softmax_is8os8
 .text.forward_lite_nl_softmax_iu8ou8
                0x000000000800905c      0x868 ../Middlewares/ST/AI/Lib\NetworkRuntime810_CM4_GCC.a(lite_nl_generic_integer.o)
                0x000000000800905c                forward_lite_nl_softmax_iu8ou8
 .text.align_factor
                0x00000000080098c4       0xa8 ../Middlewares/ST/AI/Lib\NetworkRuntime810_CM4_GCC.a(st_convolve_reference.o)
                0x00000000080098c4                align_factor
 .text.align_factor_ch
                0x000000000800996c       0x60 ../Middlewares/ST/AI/Lib\NetworkRuntime810_CM4_GCC.a(st_convolve_reference.o)
                0x000000000800996c                align_factor_ch
 .text.st_sssa8_fully_connected
                0x00000000080099cc      0x5f4 ../Middlewares/ST/AI/Lib\NetworkRuntime810_CM4_GCC.a(st_sssa8_dense.o)
                0x00000000080099cc                st_sssa8_fully_connected
 .text.st_int8_copy
                0x0000000008009fc0      0x10c ../Middlewares/ST/AI/Lib\NetworkRuntime810_CM4_GCC.a(st_int8_fill.o)
                0x0000000008009fc0                st_int8_copy
 .text.st_int8_reordered_no_shift_zero
                0x000000000800a0cc       0x6c ../Middlewares/ST/AI/Lib\NetworkRuntime810_CM4_GCC.a(st_int8_reordered_no_shift.o)
                0x000000000800a0cc                st_int8_reordered_no_shift_zero
 .text.weights_2channels_prefetch
                0x000000000800a138      0x1d4 ../Middlewares/ST/AI/Lib\NetworkRuntime810_CM4_GCC.a(st_sssa8_ch_nn_mat_mult_nt_t.o)
                0x000000000800a138                weights_2channels_prefetch
 .text.st_sssa8_ch_fullW_prefetch
                0x000000000800a30c       0x80 ../Middlewares/ST/AI/Lib\NetworkRuntime810_CM4_GCC.a(st_sssa8_ch_nn_mat_mult_nt_t.o)
                0x000000000800a30c                st_sssa8_ch_fullW_prefetch
 .text.st_sssa8_ch_nn_mat_mult_nt_t
                0x000000000800a38c      0xd68 ../Middlewares/ST/AI/Lib\NetworkRuntime810_CM4_GCC.a(st_sssa8_ch_nn_mat_mult_nt_t.o)
                0x000000000800a38c                st_sssa8_ch_nn_mat_mult_nt_t
 .text.st_int8_avepool
                0x000000000800b0f4      0x3fc ../Middlewares/ST/AI/Lib\NetworkRuntime810_CM4_GCC.a(st_int8_pool.o)
                0x000000000800b0f4                st_int8_avepool
 .text.arm_float_to_q15
                0x000000000800b4f0      0x18c ../Middlewares/ST/AI/Lib\NetworkRuntime810_CM4_GCC.a(arm_float_to_q15.o)
                0x000000000800b4f0                arm_float_to_q15
 .text.arm_float_to_q7
                0x000000000800b67c      0x1bc ../Middlewares/ST/AI/Lib\NetworkRuntime810_CM4_GCC.a(arm_float_to_q7.o)
                0x000000000800b67c                arm_float_to_q7
 .text.arm_q15_to_float
                0x000000000800b838       0xcc ../Middlewares/ST/AI/Lib\NetworkRuntime810_CM4_GCC.a(arm_q15_to_float.o)
                0x000000000800b838                arm_q15_to_float
 .text.arm_q7_to_float
                0x000000000800b904       0xcc ../Middlewares/ST/AI/Lib\NetworkRuntime810_CM4_GCC.a(arm_q7_to_float.o)
                0x000000000800b904                arm_q7_to_float
 .text.ai_array_to_buffer_fmt
                0x000000000800b9d0       0xd8 ../Middlewares/ST/AI/Lib\NetworkRuntime810_CM4_GCC.a(ai_datatypes_format.o)
                0x000000000800b9d0                ai_array_to_buffer_fmt
 .text.ai_array_get_byte_size
                0x000000000800baa8       0x50 ../Middlewares/ST/AI/Lib\NetworkRuntime810_CM4_GCC.a(ai_datatypes_format.o)
                0x000000000800baa8                ai_array_get_byte_size
 .text.ai_array_get_data_byte_size
                0x000000000800baf8       0x24 ../Middlewares/ST/AI/Lib\NetworkRuntime810_CM4_GCC.a(ai_datatypes_format.o)
                0x000000000800baf8                ai_array_get_data_byte_size
 .text.malloc   0x000000000800bb1c       0x10 C:/ST/STM32CubeIDE_1.14.0/STM32CubeIDE/plugins/com.st.stm32cube.ide.mcu.externaltools.gnu-tools-for-stm32.11.3.rel1.win32_1.1.100.202309141235/tools/bin/../lib/gcc/arm-none-eabi/11.3.1/../../../../arm-none-eabi/lib/thumb/v7e-m+fp/hard\libc_nano.a(libc_a-malloc.o)
                0x000000000800bb1c                malloc
 .text.sbrk_aligned
                0x000000000800bb2c       0x40 C:/ST/STM32CubeIDE_1.14.0/STM32CubeIDE/plugins/com.st.stm32cube.ide.mcu.externaltools.gnu-tools-for-stm32.11.3.rel1.win32_1.1.100.202309141235/tools/bin/../lib/gcc/arm-none-eabi/11.3.1/../../../../arm-none-eabi/lib/thumb/v7e-m+fp/hard\libc_nano.a(libc_a-mallocr.o)
 .text._malloc_r
                0x000000000800bb6c      0x100 C:/ST/STM32CubeIDE_1.14.0/STM32CubeIDE/plugins/com.st.stm32cube.ide.mcu.externaltools.gnu-tools-for-stm32.11.3.rel1.win32_1.1.100.202309141235/tools/bin/../lib/gcc/arm-none-eabi/11.3.1/../../../../arm-none-eabi/lib/thumb/v7e-m+fp/hard\libc_nano.a(libc_a-mallocr.o)
                0x000000000800bb6c                _malloc_r
 .text.__malloc_lock
                0x000000000800bc6c        0xc C:/ST/STM32CubeIDE_1.14.0/STM32CubeIDE/plugins/com.st.stm32cube.ide.mcu.externaltools.gnu-tools-for-stm32.11.3.rel1.win32_1.1.100.202309141235/tools/bin/../lib/gcc/arm-none-eabi/11.3.1/../../../../arm-none-eabi/lib/thumb/v7e-m+fp/hard\libc_nano.a(libc_a-mlock.o)
                0x000000000800bc6c                __malloc_lock
 .text.__malloc_unlock
                0x000000000800bc78        0xc C:/ST/STM32CubeIDE_1.14.0/STM32CubeIDE/plugins/com.st.stm32cube.ide.mcu.externaltools.gnu-tools-for-stm32.11.3.rel1.win32_1.1.100.202309141235/tools/bin/../lib/gcc/arm-none-eabi/11.3.1/../../../../arm-none-eabi/lib/thumb/v7e-m+fp/hard\libc_nano.a(libc_a-mlock.o)
                0x000000000800bc78                __malloc_unlock
 .text.__cvt    0x000000000800bc84       0xc4 C:/ST/STM32CubeIDE_1.14.0/STM32CubeIDE/plugins/com.st.stm32cube.ide.mcu.externaltools.gnu-tools-for-stm32.11.3.rel1.win32_1.1.100.202309141235/tools/bin/../lib/gcc/arm-none-eabi/11.3.1/../../../../arm-none-eabi/lib/thumb/v7e-m+fp/hard\libc_nano.a(libc_a-nano-vfprintf_float.o)
                0x000000000800bc84                __cvt
 .text.__exponent
                0x000000000800bd48       0x7c C:/ST/STM32CubeIDE_1.14.0/STM32CubeIDE/plugins/com.st.stm32cube.ide.mcu.externaltools.gnu-tools-for-stm32.11.3.rel1.win32_1.1.100.202309141235/tools/bin/../lib/gcc/arm-none-eabi/11.3.1/../../../../arm-none-eabi/lib/thumb/v7e-m+fp/hard\libc_nano.a(libc_a-nano-vfprintf_float.o)
                0x000000000800bd48                __exponent
 .text._printf_float
                0x000000000800bdc4      0x46c C:/ST/STM32CubeIDE_1.14.0/STM32CubeIDE/plugins/com.st.stm32cube.ide.mcu.externaltools.gnu-tools-for-stm32.11.3.rel1.win32_1.1.100.202309141235/tools/bin/../lib/gcc/arm-none-eabi/11.3.1/../../../../arm-none-eabi/lib/thumb/v7e-m+fp/hard\libc_nano.a(libc_a-nano-vfprintf_float.o)
                0x000000000800bdc4                _printf_float
 .text._printf_common
                0x000000000800c230       0xda C:/ST/STM32CubeIDE_1.14.0/STM32CubeIDE/plugins/com.st.stm32cube.ide.mcu.externaltools.gnu-tools-for-stm32.11.3.rel1.win32_1.1.100.202309141235/tools/bin/../lib/gcc/arm-none-eabi/11.3.1/../../../../arm-none-eabi/lib/thumb/v7e-m+fp/hard\libc_nano.a(libc_a-nano-vfprintf_i.o)
                0x000000000800c230                _printf_common
 *fill*         0x000000000800c30a        0x2 
 .text._printf_i
                0x000000000800c30c      0x244 C:/ST/STM32CubeIDE_1.14.0/STM32CubeIDE/plugins/com.st.stm32cube.ide.mcu.externaltools.gnu-tools-for-stm32.11.3.rel1.win32_1.1.100.202309141235/tools/bin/../lib/gcc/arm-none-eabi/11.3.1/../../../../arm-none-eabi/lib/thumb/v7e-m+fp/hard\libc_nano.a(libc_a-nano-vfprintf_i.o)
                0x000000000800c30c                _printf_i
 .text.std      0x000000000800c550       0x6c C:/ST/STM32CubeIDE_1.14.0/STM32CubeIDE/plugins/com.st.stm32cube.ide.mcu.externaltools.gnu-tools-for-stm32.11.3.rel1.win32_1.1.100.202309141235/tools/bin/../lib/gcc/arm-none-eabi/11.3.1/../../../../arm-none-eabi/lib/thumb/v7e-m+fp/hard\libc_nano.a(libc_a-findfp.o)
 .text.stdio_exit_handler
                0x000000000800c5bc       0x18 C:/ST/STM32CubeIDE_1.14.0/STM32CubeIDE/plugins/com.st.stm32cube.ide.mcu.externaltools.gnu-tools-for-stm32.11.3.rel1.win32_1.1.100.202309141235/tools/bin/../lib/gcc/arm-none-eabi/11.3.1/../../../../arm-none-eabi/lib/thumb/v7e-m+fp/hard\libc_nano.a(libc_a-findfp.o)
 .text.cleanup_stdio
                0x000000000800c5d4       0x40 C:/ST/STM32CubeIDE_1.14.0/STM32CubeIDE/plugins/com.st.stm32cube.ide.mcu.externaltools.gnu-tools-for-stm32.11.3.rel1.win32_1.1.100.202309141235/tools/bin/../lib/gcc/arm-none-eabi/11.3.1/../../../../arm-none-eabi/lib/thumb/v7e-m+fp/hard\libc_nano.a(libc_a-findfp.o)
 .text.global_stdio_init.part.0
                0x000000000800c614       0x3c C:/ST/STM32CubeIDE_1.14.0/STM32CubeIDE/plugins/com.st.stm32cube.ide.mcu.externaltools.gnu-tools-for-stm32.11.3.rel1.win32_1.1.100.202309141235/tools/bin/../lib/gcc/arm-none-eabi/11.3.1/../../../../arm-none-eabi/lib/thumb/v7e-m+fp/hard\libc_nano.a(libc_a-findfp.o)
 .text.__sfp_lock_acquire
                0x000000000800c650        0xc C:/ST/STM32CubeIDE_1.14.0/STM32CubeIDE/plugins/com.st.stm32cube.ide.mcu.externaltools.gnu-tools-for-stm32.11.3.rel1.win32_1.1.100.202309141235/tools/bin/../lib/gcc/arm-none-eabi/11.3.1/../../../../arm-none-eabi/lib/thumb/v7e-m+fp/hard\libc_nano.a(libc_a-findfp.o)
                0x000000000800c650                __sfp_lock_acquire
 .text.__sfp_lock_release
                0x000000000800c65c        0xc C:/ST/STM32CubeIDE_1.14.0/STM32CubeIDE/plugins/com.st.stm32cube.ide.mcu.externaltools.gnu-tools-for-stm32.11.3.rel1.win32_1.1.100.202309141235/tools/bin/../lib/gcc/arm-none-eabi/11.3.1/../../../../arm-none-eabi/lib/thumb/v7e-m+fp/hard\libc_nano.a(libc_a-findfp.o)
                0x000000000800c65c                __sfp_lock_release
 .text.__sinit  0x000000000800c668       0x30 C:/ST/STM32CubeIDE_1.14.0/STM32CubeIDE/plugins/com.st.stm32cube.ide.mcu.externaltools.gnu-tools-for-stm32.11.3.rel1.win32_1.1.100.202309141235/tools/bin/../lib/gcc/arm-none-eabi/11.3.1/../../../../arm-none-eabi/lib/thumb/v7e-m+fp/hard\libc_nano.a(libc_a-findfp.o)
                0x000000000800c668                __sinit
 .text._fwalk_sglue
                0x000000000800c698       0x3c C:/ST/STM32CubeIDE_1.14.0/STM32CubeIDE/plugins/com.st.stm32cube.ide.mcu.externaltools.gnu-tools-for-stm32.11.3.rel1.win32_1.1.100.202309141235/tools/bin/../lib/gcc/arm-none-eabi/11.3.1/../../../../arm-none-eabi/lib/thumb/v7e-m+fp/hard\libc_nano.a(libc_a-fwalk.o)
                0x000000000800c698                _fwalk_sglue
 .text.__sread  0x000000000800c6d4       0x22 C:/ST/STM32CubeIDE_1.14.0/STM32CubeIDE/plugins/com.st.stm32cube.ide.mcu.externaltools.gnu-tools-for-stm32.11.3.rel1.win32_1.1.100.202309141235/tools/bin/../lib/gcc/arm-none-eabi/11.3.1/../../../../arm-none-eabi/lib/thumb/v7e-m+fp/hard\libc_nano.a(libc_a-stdio.o)
                0x000000000800c6d4                __sread
 .text.__swrite
                0x000000000800c6f6       0x38 C:/ST/STM32CubeIDE_1.14.0/STM32CubeIDE/plugins/com.st.stm32cube.ide.mcu.externaltools.gnu-tools-for-stm32.11.3.rel1.win32_1.1.100.202309141235/tools/bin/../lib/gcc/arm-none-eabi/11.3.1/../../../../arm-none-eabi/lib/thumb/v7e-m+fp/hard\libc_nano.a(libc_a-stdio.o)
                0x000000000800c6f6                __swrite
 .text.__sseek  0x000000000800c72e       0x24 C:/ST/STM32CubeIDE_1.14.0/STM32CubeIDE/plugins/com.st.stm32cube.ide.mcu.externaltools.gnu-tools-for-stm32.11.3.rel1.win32_1.1.100.202309141235/tools/bin/../lib/gcc/arm-none-eabi/11.3.1/../../../../arm-none-eabi/lib/thumb/v7e-m+fp/hard\libc_nano.a(libc_a-stdio.o)
                0x000000000800c72e                __sseek
 .text.__sclose
                0x000000000800c752        0x8 C:/ST/STM32CubeIDE_1.14.0/STM32CubeIDE/plugins/com.st.stm32cube.ide.mcu.externaltools.gnu-tools-for-stm32.11.3.rel1.win32_1.1.100.202309141235/tools/bin/../lib/gcc/arm-none-eabi/11.3.1/../../../../arm-none-eabi/lib/thumb/v7e-m+fp/hard\libc_nano.a(libc_a-stdio.o)
                0x000000000800c752                __sclose
 .text.memset   0x000000000800c75a       0x10 C:/ST/STM32CubeIDE_1.14.0/STM32CubeIDE/plugins/com.st.stm32cube.ide.mcu.externaltools.gnu-tools-for-stm32.11.3.rel1.win32_1.1.100.202309141235/tools/bin/../lib/gcc/arm-none-eabi/11.3.1/../../../../arm-none-eabi/lib/thumb/v7e-m+fp/hard\libc_nano.a(libc_a-memset.o)
                0x000000000800c75a                memset
 .text.strncmp  0x000000000800c76a       0x24 C:/ST/STM32CubeIDE_1.14.0/STM32CubeIDE/plugins/com.st.stm32cube.ide.mcu.externaltools.gnu-tools-for-stm32.11.3.rel1.win32_1.1.100.202309141235/tools/bin/../lib/gcc/arm-none-eabi/11.3.1/../../../../arm-none-eabi/lib/thumb/v7e-m+fp/hard\libc_nano.a(libc_a-strncmp.o)
                0x000000000800c76a                strncmp
 *fill*         0x000000000800c78e        0x2 
 .text._localeconv_r
                0x000000000800c790        0x8 C:/ST/STM32CubeIDE_1.14.0/STM32CubeIDE/plugins/com.st.stm32cube.ide.mcu.externaltools.gnu-tools-for-stm32.11.3.rel1.win32_1.1.100.202309141235/tools/bin/../lib/gcc/arm-none-eabi/11.3.1/../../../../arm-none-eabi/lib/thumb/v7e-m+fp/hard\libc_nano.a(libc_a-localeconv.o)
                0x000000000800c790                _localeconv_r
 .text._close_r
                0x000000000800c798       0x20 C:/ST/STM32CubeIDE_1.14.0/STM32CubeIDE/plugins/com.st.stm32cube.ide.mcu.externaltools.gnu-tools-for-stm32.11.3.rel1.win32_1.1.100.202309141235/tools/bin/../lib/gcc/arm-none-eabi/11.3.1/../../../../arm-none-eabi/lib/thumb/v7e-m+fp/hard\libc_nano.a(libc_a-closer.o)
                0x000000000800c798                _close_r
 .text._lseek_r
                0x000000000800c7b8       0x24 C:/ST/STM32CubeIDE_1.14.0/STM32CubeIDE/plugins/com.st.stm32cube.ide.mcu.externaltools.gnu-tools-for-stm32.11.3.rel1.win32_1.1.100.202309141235/tools/bin/../lib/gcc/arm-none-eabi/11.3.1/../../../../arm-none-eabi/lib/thumb/v7e-m+fp/hard\libc_nano.a(libc_a-lseekr.o)
                0x000000000800c7b8                _lseek_r
 .text._read_r  0x000000000800c7dc       0x24 C:/ST/STM32CubeIDE_1.14.0/STM32CubeIDE/plugins/com.st.stm32cube.ide.mcu.externaltools.gnu-tools-for-stm32.11.3.rel1.win32_1.1.100.202309141235/tools/bin/../lib/gcc/arm-none-eabi/11.3.1/../../../../arm-none-eabi/lib/thumb/v7e-m+fp/hard\libc_nano.a(libc_a-readr.o)
                0x000000000800c7dc                _read_r
 .text._sbrk_r  0x000000000800c800       0x20 C:/ST/STM32CubeIDE_1.14.0/STM32CubeIDE/plugins/com.st.stm32cube.ide.mcu.externaltools.gnu-tools-for-stm32.11.3.rel1.win32_1.1.100.202309141235/tools/bin/../lib/gcc/arm-none-eabi/11.3.1/../../../../arm-none-eabi/lib/thumb/v7e-m+fp/hard\libc_nano.a(libc_a-sbrkr.o)
                0x000000000800c800                _sbrk_r
 .text._write_r
                0x000000000800c820       0x24 C:/ST/STM32CubeIDE_1.14.0/STM32CubeIDE/plugins/com.st.stm32cube.ide.mcu.externaltools.gnu-tools-for-stm32.11.3.rel1.win32_1.1.100.202309141235/tools/bin/../lib/gcc/arm-none-eabi/11.3.1/../../../../arm-none-eabi/lib/thumb/v7e-m+fp/hard\libc_nano.a(libc_a-writer.o)
                0x000000000800c820                _write_r
 .text.__errno  0x000000000800c844        0xc C:/ST/STM32CubeIDE_1.14.0/STM32CubeIDE/plugins/com.st.stm32cube.ide.mcu.externaltools.gnu-tools-for-stm32.11.3.rel1.win32_1.1.100.202309141235/tools/bin/../lib/gcc/arm-none-eabi/11.3.1/../../../../arm-none-eabi/lib/thumb/v7e-m+fp/hard\libc_nano.a(libc_a-errno.o)
                0x000000000800c844                __errno
 .text.__libc_init_array
                0x000000000800c850       0x48 C:/ST/STM32CubeIDE_1.14.0/STM32CubeIDE/plugins/com.st.stm32cube.ide.mcu.externaltools.gnu-tools-for-stm32.11.3.rel1.win32_1.1.100.202309141235/tools/bin/../lib/gcc/arm-none-eabi/11.3.1/../../../../arm-none-eabi/lib/thumb/v7e-m+fp/hard\libc_nano.a(libc_a-init.o)
                0x000000000800c850                __libc_init_array
 .text.__retarget_lock_init_recursive
                0x000000000800c898        0x2 C:/ST/STM32CubeIDE_1.14.0/STM32CubeIDE/plugins/com.st.stm32cube.ide.mcu.externaltools.gnu-tools-for-stm32.11.3.rel1.win32_1.1.100.202309141235/tools/bin/../lib/gcc/arm-none-eabi/11.3.1/../../../../arm-none-eabi/lib/thumb/v7e-m+fp/hard\libc_nano.a(libc_a-lock.o)
                0x000000000800c898                __retarget_lock_init_recursive
 .text.__retarget_lock_acquire_recursive
                0x000000000800c89a        0x2 C:/ST/STM32CubeIDE_1.14.0/STM32CubeIDE/plugins/com.st.stm32cube.ide.mcu.externaltools.gnu-tools-for-stm32.11.3.rel1.win32_1.1.100.202309141235/tools/bin/../lib/gcc/arm-none-eabi/11.3.1/../../../../arm-none-eabi/lib/thumb/v7e-m+fp/hard\libc_nano.a(libc_a-lock.o)
                0x000000000800c89a                __retarget_lock_acquire_recursive
 .text.__retarget_lock_release_recursive
                0x000000000800c89c        0x2 C:/ST/STM32CubeIDE_1.14.0/STM32CubeIDE/plugins/com.st.stm32cube.ide.mcu.externaltools.gnu-tools-for-stm32.11.3.rel1.win32_1.1.100.202309141235/tools/bin/../lib/gcc/arm-none-eabi/11.3.1/../../../../arm-none-eabi/lib/thumb/v7e-m+fp/hard\libc_nano.a(libc_a-lock.o)
                0x000000000800c89c                __retarget_lock_release_recursive
 .text.memcpy   0x000000000800c89e       0x1c C:/ST/STM32CubeIDE_1.14.0/STM32CubeIDE/plugins/com.st.stm32cube.ide.mcu.externaltools.gnu-tools-for-stm32.11.3.rel1.win32_1.1.100.202309141235/tools/bin/../lib/gcc/arm-none-eabi/11.3.1/../../../../arm-none-eabi/lib/thumb/v7e-m+fp/hard\libc_nano.a(libc_a-memcpy-stub.o)
                0x000000000800c89e                memcpy
 .text.quorem   0x000000000800c8ba      0x110 C:/ST/STM32CubeIDE_1.14.0/STM32CubeIDE/plugins/com.st.stm32cube.ide.mcu.externaltools.gnu-tools-for-stm32.11.3.rel1.win32_1.1.100.202309141235/tools/bin/../lib/gcc/arm-none-eabi/11.3.1/../../../../arm-none-eabi/lib/thumb/v7e-m+fp/hard\libc_nano.a(libc_a-dtoa.o)
 *fill*         0x000000000800c9ca        0x6 
 .text._dtoa_r  0x000000000800c9d0      0xbe4 C:/ST/STM32CubeIDE_1.14.0/STM32CubeIDE/plugins/com.st.stm32cube.ide.mcu.externaltools.gnu-tools-for-stm32.11.3.rel1.win32_1.1.100.202309141235/tools/bin/../lib/gcc/arm-none-eabi/11.3.1/../../../../arm-none-eabi/lib/thumb/v7e-m+fp/hard\libc_nano.a(libc_a-dtoa.o)
                0x000000000800c9d0                _dtoa_r
 .text._free_r  0x000000000800d5b4       0x98 C:/ST/STM32CubeIDE_1.14.0/STM32CubeIDE/plugins/com.st.stm32cube.ide.mcu.externaltools.gnu-tools-for-stm32.11.3.rel1.win32_1.1.100.202309141235/tools/bin/../lib/gcc/arm-none-eabi/11.3.1/../../../../arm-none-eabi/lib/thumb/v7e-m+fp/hard\libc_nano.a(libc_a-freer.o)
                0x000000000800d5b4                _free_r
 .text._Balloc  0x000000000800d64c       0x80 C:/ST/STM32CubeIDE_1.14.0/STM32CubeIDE/plugins/com.st.stm32cube.ide.mcu.externaltools.gnu-tools-for-stm32.11.3.rel1.win32_1.1.100.202309141235/tools/bin/../lib/gcc/arm-none-eabi/11.3.1/../../../../arm-none-eabi/lib/thumb/v7e-m+fp/hard\libc_nano.a(libc_a-mprec.o)
                0x000000000800d64c                _Balloc
 .text._Bfree   0x000000000800d6cc       0x44 C:/ST/STM32CubeIDE_1.14.0/STM32CubeIDE/plugins/com.st.stm32cube.ide.mcu.externaltools.gnu-tools-for-stm32.11.3.rel1.win32_1.1.100.202309141235/tools/bin/../lib/gcc/arm-none-eabi/11.3.1/../../../../arm-none-eabi/lib/thumb/v7e-m+fp/hard\libc_nano.a(libc_a-mprec.o)
                0x000000000800d6cc                _Bfree
 .text.__multadd
                0x000000000800d710       0x8c C:/ST/STM32CubeIDE_1.14.0/STM32CubeIDE/plugins/com.st.stm32cube.ide.mcu.externaltools.gnu-tools-for-stm32.11.3.rel1.win32_1.1.100.202309141235/tools/bin/../lib/gcc/arm-none-eabi/11.3.1/../../../../arm-none-eabi/lib/thumb/v7e-m+fp/hard\libc_nano.a(libc_a-mprec.o)
                0x000000000800d710                __multadd
 .text.__hi0bits
                0x000000000800d79c       0x40 C:/ST/STM32CubeIDE_1.14.0/STM32CubeIDE/plugins/com.st.stm32cube.ide.mcu.externaltools.gnu-tools-for-stm32.11.3.rel1.win32_1.1.100.202309141235/tools/bin/../lib/gcc/arm-none-eabi/11.3.1/../../../../arm-none-eabi/lib/thumb/v7e-m+fp/hard\libc_nano.a(libc_a-mprec.o)
                0x000000000800d79c                __hi0bits
 .text.__lo0bits
                0x000000000800d7dc       0x5a C:/ST/STM32CubeIDE_1.14.0/STM32CubeIDE/plugins/com.st.stm32cube.ide.mcu.externaltools.gnu-tools-for-stm32.11.3.rel1.win32_1.1.100.202309141235/tools/bin/../lib/gcc/arm-none-eabi/11.3.1/../../../../arm-none-eabi/lib/thumb/v7e-m+fp/hard\libc_nano.a(libc_a-mprec.o)
                0x000000000800d7dc                __lo0bits
 *fill*         0x000000000800d836        0x2 
 .text.__i2b    0x000000000800d838       0x2c C:/ST/STM32CubeIDE_1.14.0/STM32CubeIDE/plugins/com.st.stm32cube.ide.mcu.externaltools.gnu-tools-for-stm32.11.3.rel1.win32_1.1.100.202309141235/tools/bin/../lib/gcc/arm-none-eabi/11.3.1/../../../../arm-none-eabi/lib/thumb/v7e-m+fp/hard\libc_nano.a(libc_a-mprec.o)
                0x000000000800d838                __i2b
 .text.__multiply
                0x000000000800d864      0x154 C:/ST/STM32CubeIDE_1.14.0/STM32CubeIDE/plugins/com.st.stm32cube.ide.mcu.externaltools.gnu-tools-for-stm32.11.3.rel1.win32_1.1.100.202309141235/tools/bin/../lib/gcc/arm-none-eabi/11.3.1/../../../../arm-none-eabi/lib/thumb/v7e-m+fp/hard\libc_nano.a(libc_a-mprec.o)
                0x000000000800d864                __multiply
 .text.__pow5mult
                0x000000000800d9b8       0xb4 C:/ST/STM32CubeIDE_1.14.0/STM32CubeIDE/plugins/com.st.stm32cube.ide.mcu.externaltools.gnu-tools-for-stm32.11.3.rel1.win32_1.1.100.202309141235/tools/bin/../lib/gcc/arm-none-eabi/11.3.1/../../../../arm-none-eabi/lib/thumb/v7e-m+fp/hard\libc_nano.a(libc_a-mprec.o)
                0x000000000800d9b8                __pow5mult
 .text.__lshift
                0x000000000800da6c       0xd8 C:/ST/STM32CubeIDE_1.14.0/STM32CubeIDE/plugins/com.st.stm32cube.ide.mcu.externaltools.gnu-tools-for-stm32.11.3.rel1.win32_1.1.100.202309141235/tools/bin/../lib/gcc/arm-none-eabi/11.3.1/../../../../arm-none-eabi/lib/thumb/v7e-m+fp/hard\libc_nano.a(libc_a-mprec.o)
                0x000000000800da6c                __lshift
 .text.__mcmp   0x000000000800db44       0x38 C:/ST/STM32CubeIDE_1.14.0/STM32CubeIDE/plugins/com.st.stm32cube.ide.mcu.externaltools.gnu-tools-for-stm32.11.3.rel1.win32_1.1.100.202309141235/tools/bin/../lib/gcc/arm-none-eabi/11.3.1/../../../../arm-none-eabi/lib/thumb/v7e-m+fp/hard\libc_nano.a(libc_a-mprec.o)
                0x000000000800db44                __mcmp
 .text.__mdiff  0x000000000800db7c      0x114 C:/ST/STM32CubeIDE_1.14.0/STM32CubeIDE/plugins/com.st.stm32cube.ide.mcu.externaltools.gnu-tools-for-stm32.11.3.rel1.win32_1.1.100.202309141235/tools/bin/../lib/gcc/arm-none-eabi/11.3.1/../../../../arm-none-eabi/lib/thumb/v7e-m+fp/hard\libc_nano.a(libc_a-mprec.o)
                0x000000000800db7c                __mdiff
 .text.__d2b    0x000000000800dc90       0xb4 C:/ST/STM32CubeIDE_1.14.0/STM32CubeIDE/plugins/com.st.stm32cube.ide.mcu.externaltools.gnu-tools-for-stm32.11.3.rel1.win32_1.1.100.202309141235/tools/bin/../lib/gcc/arm-none-eabi/11.3.1/../../../../arm-none-eabi/lib/thumb/v7e-m+fp/hard\libc_nano.a(libc_a-mprec.o)
                0x000000000800dc90                __d2b
 .text.__sflush_r
                0x000000000800dd44      0x10c C:/ST/STM32CubeIDE_1.14.0/STM32CubeIDE/plugins/com.st.stm32cube.ide.mcu.externaltools.gnu-tools-for-stm32.11.3.rel1.win32_1.1.100.202309141235/tools/bin/../lib/gcc/arm-none-eabi/11.3.1/../../../../arm-none-eabi/lib/thumb/v7e-m+fp/hard\libc_nano.a(libc_a-fflush.o)
                0x000000000800dd44                __sflush_r
 .text._fflush_r
                0x000000000800de50       0x50 C:/ST/STM32CubeIDE_1.14.0/STM32CubeIDE/plugins/com.st.stm32cube.ide.mcu.externaltools.gnu-tools-for-stm32.11.3.rel1.win32_1.1.100.202309141235/tools/bin/../lib/gcc/arm-none-eabi/11.3.1/../../../../arm-none-eabi/lib/thumb/v7e-m+fp/hard\libc_nano.a(libc_a-fflush.o)
                0x000000000800de50                _fflush_r
 .text.__assert_func
                0x000000000800dea0       0x3c C:/ST/STM32CubeIDE_1.14.0/STM32CubeIDE/plugins/com.st.stm32cube.ide.mcu.externaltools.gnu-tools-for-stm32.11.3.rel1.win32_1.1.100.202309141235/tools/bin/../lib/gcc/arm-none-eabi/11.3.1/../../../../arm-none-eabi/lib/thumb/v7e-m+fp/hard\libc_nano.a(libc_a-assert.o)
                0x000000000800dea0                __assert_func
 .text._calloc_r
                0x000000000800dedc       0x2c C:/ST/STM32CubeIDE_1.14.0/STM32CubeIDE/plugins/com.st.stm32cube.ide.mcu.externaltools.gnu-tools-for-stm32.11.3.rel1.win32_1.1.100.202309141235/tools/bin/../lib/gcc/arm-none-eabi/11.3.1/../../../../arm-none-eabi/lib/thumb/v7e-m+fp/hard\libc_nano.a(libc_a-callocr.o)
                0x000000000800dedc                _calloc_r
 .text.__ascii_mbtowc
                0x000000000800df08       0x24 C:/ST/STM32CubeIDE_1.14.0/STM32CubeIDE/plugins/com.st.stm32cube.ide.mcu.externaltools.gnu-tools-for-stm32.11.3.rel1.win32_1.1.100.202309141235/tools/bin/../lib/gcc/arm-none-eabi/11.3.1/../../../../arm-none-eabi/lib/thumb/v7e-m+fp/hard\libc_nano.a(libc_a-mbtowc_r.o)
                0x000000000800df08                __ascii_mbtowc
 .text.__ascii_wctomb
                0x000000000800df2c       0x1a C:/ST/STM32CubeIDE_1.14.0/STM32CubeIDE/plugins/com.st.stm32cube.ide.mcu.externaltools.gnu-tools-for-stm32.11.3.rel1.win32_1.1.100.202309141235/tools/bin/../lib/gcc/arm-none-eabi/11.3.1/../../../../arm-none-eabi/lib/thumb/v7e-m+fp/hard\libc_nano.a(libc_a-wctomb_r.o)
                0x000000000800df2c                __ascii_wctomb
 *fill*         0x000000000800df46        0x2 
 .text.fprintf  0x000000000800df48       0x24 C:/ST/STM32CubeIDE_1.14.0/STM32CubeIDE/plugins/com.st.stm32cube.ide.mcu.externaltools.gnu-tools-for-stm32.11.3.rel1.win32_1.1.100.202309141235/tools/bin/../lib/gcc/arm-none-eabi/11.3.1/../../../../arm-none-eabi/lib/thumb/v7e-m+fp/hard\libc_nano.a(libc_a-fprintf.o)
                0x000000000800df48                fiprintf
                0x000000000800df48                fprintf
 .text.abort    0x000000000800df6c        0xe C:/ST/STM32CubeIDE_1.14.0/STM32CubeIDE/plugins/com.st.stm32cube.ide.mcu.externaltools.gnu-tools-for-stm32.11.3.rel1.win32_1.1.100.202309141235/tools/bin/../lib/gcc/arm-none-eabi/11.3.1/../../../../arm-none-eabi/lib/thumb/v7e-m+fp/hard\libc_nano.a(libc_a-abort.o)
                0x000000000800df6c                abort
 .text.__sfputc_r
                0x000000000800df7a       0x2e C:/ST/STM32CubeIDE_1.14.0/STM32CubeIDE/plugins/com.st.stm32cube.ide.mcu.externaltools.gnu-tools-for-stm32.11.3.rel1.win32_1.1.100.202309141235/tools/bin/../lib/gcc/arm-none-eabi/11.3.1/../../../../arm-none-eabi/lib/thumb/v7e-m+fp/hard\libc_nano.a(libc_a-nano-vfprintf.o)
 .text.__sfputs_r
                0x000000000800dfa8       0x24 C:/ST/STM32CubeIDE_1.14.0/STM32CubeIDE/plugins/com.st.stm32cube.ide.mcu.externaltools.gnu-tools-for-stm32.11.3.rel1.win32_1.1.100.202309141235/tools/bin/../lib/gcc/arm-none-eabi/11.3.1/../../../../arm-none-eabi/lib/thumb/v7e-m+fp/hard\libc_nano.a(libc_a-nano-vfprintf.o)
                0x000000000800dfa8                __sfputs_r
 .text._vfprintf_r
                0x000000000800dfcc      0x234 C:/ST/STM32CubeIDE_1.14.0/STM32CubeIDE/plugins/com.st.stm32cube.ide.mcu.externaltools.gnu-tools-for-stm32.11.3.rel1.win32_1.1.100.202309141235/tools/bin/../lib/gcc/arm-none-eabi/11.3.1/../../../../arm-none-eabi/lib/thumb/v7e-m+fp/hard\libc_nano.a(libc_a-nano-vfprintf.o)
                0x000000000800dfcc                _vfprintf_r
                0x000000000800dfcc                _vfiprintf_r
 .text.__swbuf_r
                0x000000000800e200       0x7a C:/ST/STM32CubeIDE_1.14.0/STM32CubeIDE/plugins/com.st.stm32cube.ide.mcu.externaltools.gnu-tools-for-stm32.11.3.rel1.win32_1.1.100.202309141235/tools/bin/../lib/gcc/arm-none-eabi/11.3.1/../../../../arm-none-eabi/lib/thumb/v7e-m+fp/hard\libc_nano.a(libc_a-wbuf.o)
                0x000000000800e200                __swbuf_r
 *fill*         0x000000000800e27a        0x2 
 .text.__swsetup_r
                0x000000000800e27c       0xb0 C:/ST/STM32CubeIDE_1.14.0/STM32CubeIDE/plugins/com.st.stm32cube.ide.mcu.externaltools.gnu-tools-for-stm32.11.3.rel1.win32_1.1.100.202309141235/tools/bin/../lib/gcc/arm-none-eabi/11.3.1/../../../../arm-none-eabi/lib/thumb/v7e-m+fp/hard\libc_nano.a(libc_a-wsetup.o)
                0x000000000800e27c                __swsetup_r
 .text._raise_r
                0x000000000800e32c       0x50 C:/ST/STM32CubeIDE_1.14.0/STM32CubeIDE/plugins/com.st.stm32cube.ide.mcu.externaltools.gnu-tools-for-stm32.11.3.rel1.win32_1.1.100.202309141235/tools/bin/../lib/gcc/arm-none-eabi/11.3.1/../../../../arm-none-eabi/lib/thumb/v7e-m+fp/hard\libc_nano.a(libc_a-signal.o)
                0x000000000800e32c                _raise_r
 .text.raise    0x000000000800e37c       0x10 C:/ST/STM32CubeIDE_1.14.0/STM32CubeIDE/plugins/com.st.stm32cube.ide.mcu.externaltools.gnu-tools-for-stm32.11.3.rel1.win32_1.1.100.202309141235/tools/bin/../lib/gcc/arm-none-eabi/11.3.1/../../../../arm-none-eabi/lib/thumb/v7e-m+fp/hard\libc_nano.a(libc_a-signal.o)
                0x000000000800e37c                raise
 .text._kill_r  0x000000000800e38c       0x24 C:/ST/STM32CubeIDE_1.14.0/STM32CubeIDE/plugins/com.st.stm32cube.ide.mcu.externaltools.gnu-tools-for-stm32.11.3.rel1.win32_1.1.100.202309141235/tools/bin/../lib/gcc/arm-none-eabi/11.3.1/../../../../arm-none-eabi/lib/thumb/v7e-m+fp/hard\libc_nano.a(libc_a-signalr.o)
                0x000000000800e38c                _kill_r
 .text._getpid_r
                0x000000000800e3b0        0x4 C:/ST/STM32CubeIDE_1.14.0/STM32CubeIDE/plugins/com.st.stm32cube.ide.mcu.externaltools.gnu-tools-for-stm32.11.3.rel1.win32_1.1.100.202309141235/tools/bin/../lib/gcc/arm-none-eabi/11.3.1/../../../../arm-none-eabi/lib/thumb/v7e-m+fp/hard\libc_nano.a(libc_a-signalr.o)
                0x000000000800e3b0                _getpid_r
 .text.__swhatbuf_r
                0x000000000800e3b4       0x4c C:/ST/STM32CubeIDE_1.14.0/STM32CubeIDE/plugins/com.st.stm32cube.ide.mcu.externaltools.gnu-tools-for-stm32.11.3.rel1.win32_1.1.100.202309141235/tools/bin/../lib/gcc/arm-none-eabi/11.3.1/../../../../arm-none-eabi/lib/thumb/v7e-m+fp/hard\libc_nano.a(libc_a-makebuf.o)
                0x000000000800e3b4                __swhatbuf_r
 .text.__smakebuf_r
                0x000000000800e400       0x78 C:/ST/STM32CubeIDE_1.14.0/STM32CubeIDE/plugins/com.st.stm32cube.ide.mcu.externaltools.gnu-tools-for-stm32.11.3.rel1.win32_1.1.100.202309141235/tools/bin/../lib/gcc/arm-none-eabi/11.3.1/../../../../arm-none-eabi/lib/thumb/v7e-m+fp/hard\libc_nano.a(libc_a-makebuf.o)
                0x000000000800e400                __smakebuf_r
 .text._fstat_r
                0x000000000800e478       0x24 C:/ST/STM32CubeIDE_1.14.0/STM32CubeIDE/plugins/com.st.stm32cube.ide.mcu.externaltools.gnu-tools-for-stm32.11.3.rel1.win32_1.1.100.202309141235/tools/bin/../lib/gcc/arm-none-eabi/11.3.1/../../../../arm-none-eabi/lib/thumb/v7e-m+fp/hard\libc_nano.a(libc_a-fstatr.o)
                0x000000000800e478                _fstat_r
 .text._isatty_r
                0x000000000800e49c       0x20 C:/ST/STM32CubeIDE_1.14.0/STM32CubeIDE/plugins/com.st.stm32cube.ide.mcu.externaltools.gnu-tools-for-stm32.11.3.rel1.win32_1.1.100.202309141235/tools/bin/../lib/gcc/arm-none-eabi/11.3.1/../../../../arm-none-eabi/lib/thumb/v7e-m+fp/hard\libc_nano.a(libc_a-isattyr.o)
                0x000000000800e49c                _isatty_r
 .text.powf     0x000000000800e4bc       0xae C:/ST/STM32CubeIDE_1.14.0/STM32CubeIDE/plugins/com.st.stm32cube.ide.mcu.externaltools.gnu-tools-for-stm32.11.3.rel1.win32_1.1.100.202309141235/tools/bin/../lib/gcc/arm-none-eabi/11.3.1/../../../../arm-none-eabi/lib/thumb/v7e-m+fp/hard\libm.a(libm_a-wf_pow.o)
                0x000000000800e4bc                powf
 .text.fabsf    0x000000000800e56a        0xe C:/ST/STM32CubeIDE_1.14.0/STM32CubeIDE/plugins/com.st.stm32cube.ide.mcu.externaltools.gnu-tools-for-stm32.11.3.rel1.win32_1.1.100.202309141235/tools/bin/../lib/gcc/arm-none-eabi/11.3.1/../../../../arm-none-eabi/lib/thumb/v7e-m+fp/hard\libm.a(libm_a-sf_fabs.o)
                0x000000000800e56a                fabsf
 .text.finitef  0x000000000800e578       0x1a C:/ST/STM32CubeIDE_1.14.0/STM32CubeIDE/plugins/com.st.stm32cube.ide.mcu.externaltools.gnu-tools-for-stm32.11.3.rel1.win32_1.1.100.202309141235/tools/bin/../lib/gcc/arm-none-eabi/11.3.1/../../../../arm-none-eabi/lib/thumb/v7e-m+fp/hard\libm.a(libm_a-sf_finite.o)
                0x000000000800e578                finitef
 .text.with_errnof
                0x000000000800e592       0x16 C:/ST/STM32CubeIDE_1.14.0/STM32CubeIDE/plugins/com.st.stm32cube.ide.mcu.externaltools.gnu-tools-for-stm32.11.3.rel1.win32_1.1.100.202309141235/tools/bin/../lib/gcc/arm-none-eabi/11.3.1/../../../../arm-none-eabi/lib/thumb/v7e-m+fp/hard\libm.a(libm_a-math_errf.o)
 .text.xflowf   0x000000000800e5a8       0x16 C:/ST/STM32CubeIDE_1.14.0/STM32CubeIDE/plugins/com.st.stm32cube.ide.mcu.externaltools.gnu-tools-for-stm32.11.3.rel1.win32_1.1.100.202309141235/tools/bin/../lib/gcc/arm-none-eabi/11.3.1/../../../../arm-none-eabi/lib/thumb/v7e-m+fp/hard\libm.a(libm_a-math_errf.o)
 *fill*         0x000000000800e5be        0x2 
 .text.__math_uflowf
                0x000000000800e5c0        0xc C:/ST/STM32CubeIDE_1.14.0/STM32CubeIDE/plugins/com.st.stm32cube.ide.mcu.externaltools.gnu-tools-for-stm32.11.3.rel1.win32_1.1.100.202309141235/tools/bin/../lib/gcc/arm-none-eabi/11.3.1/../../../../arm-none-eabi/lib/thumb/v7e-m+fp/hard\libm.a(libm_a-math_errf.o)
                0x000000000800e5c0                __math_uflowf
 .text.__math_oflowf
                0x000000000800e5cc        0xc C:/ST/STM32CubeIDE_1.14.0/STM32CubeIDE/plugins/com.st.stm32cube.ide.mcu.externaltools.gnu-tools-for-stm32.11.3.rel1.win32_1.1.100.202309141235/tools/bin/../lib/gcc/arm-none-eabi/11.3.1/../../../../arm-none-eabi/lib/thumb/v7e-m+fp/hard\libm.a(libm_a-math_errf.o)
                0x000000000800e5cc                __math_oflowf
 .text.__ieee754_powf
                0x000000000800e5d8      0x594 C:/ST/STM32CubeIDE_1.14.0/STM32CubeIDE/plugins/com.st.stm32cube.ide.mcu.externaltools.gnu-tools-for-stm32.11.3.rel1.win32_1.1.100.202309141235/tools/bin/../lib/gcc/arm-none-eabi/11.3.1/../../../../arm-none-eabi/lib/thumb/v7e-m+fp/hard\libm.a(libm_a-ef_pow.o)
                0x000000000800e5d8                __ieee754_powf
 .text.scalbnf  0x000000000800eb6c       0xcc C:/ST/STM32CubeIDE_1.14.0/STM32CubeIDE/plugins/com.st.stm32cube.ide.mcu.externaltools.gnu-tools-for-stm32.11.3.rel1.win32_1.1.100.202309141235/tools/bin/../lib/gcc/arm-none-eabi/11.3.1/../../../../arm-none-eabi/lib/thumb/v7e-m+fp/hard\libm.a(libm_a-sf_scalbn.o)