Archive member included to satisfy reference by file (symbol)

../Middlewares/ST/AI/Lib\NetworkRuntime810_CM7_GCC.a(ai_platform.o)
                              ./X-CUBE-AI/App/network.o (ai_buffer_array_item_set_address)
../Middlewares/ST/AI/Lib\NetworkRuntime810_CM7_GCC.a(ai_platform_interface.o)
                              ./X-CUBE-AI/App/network.o (ai_platform_get_weights_map)
../Middlewares/ST/AI/Lib\NetworkRuntime810_CM7_GCC.a(core_common.o)
                              ../Middlewares/ST/AI/Lib\NetworkRuntime810_CM7_GCC.a(ai_platform_interface.o) (core_init)
../Middlewares/ST/AI/Lib\NetworkRuntime810_CM7_GCC.a(core_mem_manager.o)
                              ../Middlewares/ST/AI/Lib\NetworkRuntime810_CM7_GCC.a(ai_platform_interface.o) (core_mem_alloc)
../Middlewares/ST/AI/Lib\NetworkRuntime810_CM7_GCC.a(layers.o)
                              ../Middlewares/ST/AI/Lib\NetworkRuntime810_CM7_GCC.a(ai_platform_interface.o) (ai_check_custom_types)
../Middlewares/ST/AI/Lib\NetworkRuntime810_CM7_GCC.a(layers_conv2d_generic_float.o)
                              ./X-CUBE-AI/App/network.o (forward_conv2d_if32of32wf32)
../Middlewares/ST/AI/Lib\NetworkRuntime810_CM7_GCC.a(layers_conv2d_stm32_integer.o)
                              ../Middlewares/ST/AI/Lib\NetworkRuntime810_CM7_GCC.a(layers.o) (get_conv2d_scratch_size)
../Middlewares/ST/AI/Lib\NetworkRuntime810_CM7_GCC.a(layers_nl_generic_float.o)
                              ./X-CUBE-AI/App/network.o (forward_relu)
../Middlewares/ST/AI/Lib\NetworkRuntime810_CM7_GCC.a(layers_pool_generic_float.o)
                              ./X-CUBE-AI/App/network.o (forward_ap)
../Middlewares/ST/AI/Lib\NetworkRuntime810_CM7_GCC.a(forward_lite_conv2d_if32of32wf32.o)
                              ../Middlewares/ST/AI/Lib\NetworkRuntime810_CM7_GCC.a(layers_conv2d_generic_float.o) (forward_lite_conv2d_if32of32wf32)
../Middlewares/ST/AI/Lib\NetworkRuntime810_CM7_GCC.a(lite_dense_if32.o)
                              ../Middlewares/ST/AI/Lib\NetworkRuntime810_CM7_GCC.a(layers_conv2d_generic_float.o) (forward_lite_dense_if32of32wf32)
../Middlewares/ST/AI/Lib\NetworkRuntime810_CM7_GCC.a(st_convolve_reference.o)
                              ../Middlewares/ST/AI/Lib\NetworkRuntime810_CM7_GCC.a(layers_conv2d_stm32_integer.o) (align_factor)
../Middlewares/ST/AI/Lib\NetworkRuntime810_CM7_GCC.a(st_sssa8_ch_convolve.o)
                              ../Middlewares/ST/AI/Lib\NetworkRuntime810_CM7_GCC.a(layers_conv2d_stm32_integer.o) (st_sssa8_ch_convolve_rank1upd)
../Middlewares/ST/AI/Lib\NetworkRuntime810_CM7_GCC.a(st_sssa8_convolve.o)
                              ../Middlewares/ST/AI/Lib\NetworkRuntime810_CM7_GCC.a(layers_conv2d_stm32_integer.o) (st_sssa8_convolve_rank1upd)
../Middlewares/ST/AI/Lib\NetworkRuntime810_CM7_GCC.a(st_sssa8_convolve_1x1.o)
                              ../Middlewares/ST/AI/Lib\NetworkRuntime810_CM7_GCC.a(layers_conv2d_stm32_integer.o) (st_sssa8_convolve_1x1_WeightsPrefetch)
../Middlewares/ST/AI/Lib\NetworkRuntime810_CM7_GCC.a(st_sssa8_convolve_dw.o)
                              ../Middlewares/ST/AI/Lib\NetworkRuntime810_CM7_GCC.a(layers_conv2d_stm32_integer.o) (st_sssa8_conv_dw_Wadapt)
../Middlewares/ST/AI/Lib\NetworkRuntime810_CM7_GCC.a(st_sssa8_convolve_rgb.o)
                              ../Middlewares/ST/AI/Lib\NetworkRuntime810_CM7_GCC.a(layers_conv2d_stm32_integer.o) (st_sssa8_convolve_rgb)
../Middlewares/ST/AI/Lib\NetworkRuntime810_CM7_GCC.a(st_ssua8_ch_convolve.o)
                              ../Middlewares/ST/AI/Lib\NetworkRuntime810_CM7_GCC.a(layers_conv2d_stm32_integer.o) (st_ssua8_ch_convolve_rank1upd)
../Middlewares/ST/AI/Lib\NetworkRuntime810_CM7_GCC.a(st_ssua8_ch_convolve_1x1.o)
                              ../Middlewares/ST/AI/Lib\NetworkRuntime810_CM7_GCC.a(layers_conv2d_stm32_integer.o) (st_ssua8_ch_convolve_1x1)
../Middlewares/ST/AI/Lib\NetworkRuntime810_CM7_GCC.a(st_ssua8_ch_convolve_dw.o)
                              ../Middlewares/ST/AI/Lib\NetworkRuntime810_CM7_GCC.a(layers_conv2d_stm32_integer.o) (st_ssua8_ch_conv_dw_Wadapt)
../Middlewares/ST/AI/Lib\NetworkRuntime810_CM7_GCC.a(st_ssua8_ch_convolve_rgb.o)
                              ../Middlewares/ST/AI/Lib\NetworkRuntime810_CM7_GCC.a(layers_conv2d_stm32_integer.o) (st_ssua8_ch_convolve_rgb)
../Middlewares/ST/AI/Lib\NetworkRuntime810_CM7_GCC.a(st_ssua8_convolve.o)
                              ../Middlewares/ST/AI/Lib\NetworkRuntime810_CM7_GCC.a(layers_conv2d_stm32_integer.o) (st_ssua8_convolve_rank1upd)
../Middlewares/ST/AI/Lib\NetworkRuntime810_CM7_GCC.a(st_ssua8_convolve_1x1.o)
                              ../Middlewares/ST/AI/Lib\NetworkRuntime810_CM7_GCC.a(layers_conv2d_stm32_integer.o) (st_ssua8_convolve_1x1)
../Middlewares/ST/AI/Lib\NetworkRuntime810_CM7_GCC.a(st_ssua8_convolve_dw.o)
[...]
Memory Configuration

Name             Origin             Length             Attributes
RAM              0x0000000020000000 0x0000000000080000 xrw
FLASH            0x0000000008000000 0x0000000000200000 xr
*default*        0x0000000000000000 0xffffffffffffffff

Linker script and memory map

LOAD C:/ST/STM32CubeIDE_1.14.0/STM32CubeIDE/plugins/com.st.stm32cube.ide.mcu.externaltools.gnu-tools-for-stm32.11.3.rel1.win32_1.1.100.202309141235/tools/bin/../lib/gcc/arm-none-eabi/11.3.1/thumb/v7e-m+dp/hard/crti.o
LOAD C:/ST/STM32CubeIDE_1.14.0/STM32CubeIDE/plugins/com.st.stm32cube.ide.mcu.externaltools.gnu-tools-for-stm32.11.3.rel1.win32_1.1.100.202309141235/tools/bin/../lib/gcc/arm-none-eabi/11.3.1/thumb/v7e-m+dp/hard/crtbegin.o
LOAD C:/ST/STM32CubeIDE_1.14.0/STM32CubeIDE/plugins/com.st.stm32cube.ide.mcu.externaltools.gnu-tools-for-stm32.11.3.rel1.win32_1.1.100.202309141235/tools/bin/../lib/gcc/arm-none-eabi/11.3.1/../../../../arm-none-eabi/lib/thumb/v7e-m+dp/hard/crt0.o
LOAD ./Core/Src/MLX90640_API.o
LOAD ./Core/Src/MLX90640_I2C_Driver.o
LOAD ./Core/Src/crc.o
LOAD ./Core/Src/gpio.o
LOAD ./Core/Src/i2c.o
LOAD ./Core/Src/main.o
LOAD ./Core/Src/stm32f7xx_hal_msp.o
LOAD ./Core/Src/stm32f7xx_it.o
LOAD ./Core/Src/sysmem.o
LOAD ./Core/Src/system_stm32f7xx.o
LOAD ./Core/Src/usart.o
LOAD ./Core/Startup/startup_stm32f767zitx.o
LOAD ./Drivers/STM32F7xx_HAL_Driver/Src/stm32f7xx_hal.o
LOAD ./Drivers/STM32F7xx_HAL_Driver/Src/stm32f7xx_hal_cortex.o
LOAD ./Drivers/STM32F7xx_HAL_Driver/Src/stm32f7xx_hal_crc.o
LOAD ./Drivers/STM32F7xx_HAL_Driver/Src/stm32f7xx_hal_crc_ex.o
LOAD ./Drivers/STM32F7xx_HAL_Driver/Src/stm32f7xx_hal_dma.o
LOAD ./Drivers/STM32F7xx_HAL_Driver/Src/stm32f7xx_hal_dma_ex.o
LOAD ./Drivers/STM32F7xx_HAL_Driver/Src/stm32f7xx_hal_exti.o
LOAD ./Drivers/STM32F7xx_HAL_Driver/Src/stm32f7xx_hal_flash.o
LOAD ./Drivers/STM32F7xx_HAL_Driver/Src/stm32f7xx_hal_flash_ex.o
LOAD ./Drivers/STM32F7xx_HAL_Driver/Src/stm32f7xx_hal_gpio.o
LOAD ./Drivers/STM32F7xx_HAL_Driver/Src/stm32f7xx_hal_i2c.o
LOAD ./Drivers/STM32F7xx_HAL_Driver/Src/stm32f7xx_hal_i2c_ex.o
LOAD ./Drivers/STM32F7xx_HAL_Driver/Src/stm32f7xx_hal_pwr.o
LOAD ./Drivers/STM32F7xx_HAL_Driver/Src/stm32f7xx_hal_pwr_ex.o
LOAD ./Drivers/STM32F7xx_HAL_Driver/Src/stm32f7xx_hal_rcc.o
LOAD ./Drivers/STM32F7xx_HAL_Driver/Src/stm32f7xx_hal_rcc_ex.o
LOAD ./Drivers/STM32F7xx_HAL_Driver/Src/stm32f7xx_hal_tim.o
LOAD ./Drivers/STM32F7xx_HAL_Driver/Src/stm32f7xx_hal_tim_ex.o
LOAD ./Drivers/STM32F7xx_HAL_Driver/Src/stm32f7xx_hal_uart.o
LOAD ./Drivers/STM32F7xx_HAL_Driver/Src/stm32f7xx_hal_uart_ex.o
LOAD ./X-CUBE-AI/App/app_x-cube-ai.o
LOAD ./X-CUBE-AI/App/network.o
LOAD ./X-CUBE-AI/App/network_data.o
LOAD ./X-CUBE-AI/App/network_data_params.o
LOAD ../Middlewares/ST/AI/Lib\NetworkRuntime810_CM7_GCC.a
START GROUP
LOAD C:/ST/STM32CubeIDE_1.14.0/STM32CubeIDE/plugins/com.st.stm32cube.ide.mcu.externaltools.gnu-tools-for-stm32.11.3.rel1.win32_1.1.100.202309141235/tools/bin/../lib/gcc/arm-none-eabi/11.3.1/../../../../arm-none-eabi/lib/thumb/v7e-m+dp/hard\libc_nano.a
LOAD C:/ST/STM32CubeIDE_1.14.0/STM32CubeIDE/plugins/com.st.stm32cube.ide.mcu.externaltools.gnu-tools-for-stm32.11.3.rel1.win32_1.1.100.202309141235/tools/bin/../lib/gcc/arm-none-eabi/11.3.1/../../../../arm-none-eabi/lib/thumb/v7e-m+dp/hard\libm.a
END GROUP
START GROUP
LOAD C:/ST/STM32CubeIDE_1.14.0/STM32CubeIDE/plugins/com.st.stm32cube.ide.mcu.externaltools.gnu-tools-for-stm32.11.3.rel1.win32_1.1.100.202309141235/tools/bin/../lib/gcc/arm-none-eabi/11.3.1/thumb/v7e-m+dp/hard\libgcc.a
LOAD C:/ST/STM32CubeIDE_1.14.0/STM32CubeIDE/plugins/com.st.stm32cube.ide.mcu.externaltools.gnu-tools-for-stm32.11.3.rel1.win32_1.1.100.202309141235/tools/bin/../lib/gcc/arm-none-eabi/11.3.1/../../../../arm-none-eabi/lib/thumb/v7e-m+dp/hard\libc_nano.a
END GROUP
START GROUP
LOAD C:/ST/STM32CubeIDE_1.14.0/STM32CubeIDE/plugins/com.st.stm32cube.ide.mcu.externaltools.gnu-tools-for-stm32.11.3.rel1.win32_1.1.100.202309141235/tools/bin/../lib/gcc/arm-none-eabi/11.3.1/thumb/v7e-m+dp/hard\libgcc.a
LOAD C:/ST/STM32CubeIDE_1.14.0/STM32CubeIDE/plugins/com.st.stm32cube.ide.mcu.externaltools.gnu-tools-for-stm32.11.3.rel1.win32_1.1.100.202309141235/tools/bin/../lib/gcc/arm-none-eabi/11.3.1/../../../../arm-none-eabi/lib/thumb/v7e-m+dp/hard\libc_nano.a
LOAD C:/ST/STM32CubeIDE_1.14.0/STM32CubeIDE/plugins/com.st.stm32cube.ide.mcu.externaltools.gnu-tools-for-stm32.11.3.rel1.win32_1.1.100.202309141235/tools/bin/../lib/gcc/arm-none-eabi/11.3.1/../../../../arm-none-eabi/lib/thumb/v7e-m+dp/hard\libnosys.a
END GROUP
START GROUP
LOAD C:/ST/STM32CubeIDE_1.14.0/STM32CubeIDE/plugins/com.st.stm32cube.ide.mcu.externaltools.gnu-tools-for-stm32.11.3.rel1.win32_1.1.100.202309141235/tools/bin/../lib/gcc/arm-none-eabi/11.3.1/thumb/v7e-m+dp/hard\libgcc.a
LOAD C:/ST/STM32CubeIDE_1.14.0/STM32CubeIDE/plugins/com.st.stm32cube.ide.mcu.externaltools.gnu-tools-for-stm32.11.3.rel1.win32_1.1.100.202309141235/tools/bin/../lib/gcc/arm-none-eabi/11.3.1/../../../../arm-none-eabi/lib/thumb/v7e-m+dp/hard\libc_nano.a
LOAD C:/ST/STM32CubeIDE_1.14.0/STM32CubeIDE/plugins/com.st.stm32cube.ide.mcu.externaltools.gnu-tools-for-stm32.11.3.rel1.win32_1.1.100.202309141235/tools/bin/../lib/gcc/arm-none-eabi/11.3.1/../../../../arm-none-eabi/lib/thumb/v7e-m+dp/hard\libnosys.a
END GROUP
LOAD C:/ST/STM32CubeIDE_1.14.0/STM32CubeIDE/plugins/com.st.stm32cube.ide.mcu.externaltools.gnu-tools-for-stm32.11.3.rel1.win32_1.1.100.202309141235/tools/bin/../lib/gcc/arm-none-eabi/11.3.1/thumb/v7e-m+dp/hard/crtend.o
LOAD C:/ST/STM32CubeIDE_1.14.0/STM32CubeIDE/plugins/com.st.stm32cube.ide.mcu.externaltools.gnu-tools-for-stm32.11.3.rel1.win32_1.1.100.202309141235/tools/bin/../lib/gcc/arm-none-eabi/11.3.1/thumb/v7e-m+dp/hard/crtn.o
                0x0000000020080000                _estack = (ORIGIN (RAM) + LENGTH (RAM))
                0x0000000000000800                _Min_Heap_Size = 0x800
                0x0000000000000800                _Min_Stack_Size = 0x800

.isr_vector     0x0000000008000000      0x1f8
                0x0000000008000000                . = ALIGN (0x4)
 *(.isr_vector)
 .isr_vector    0x0000000008000000      0x1f8 ./Core/Startup/startup_stm32f767zitx.o
                0x0000000008000000                g_pfnVectors
                0x00000000080001f8                . = ALIGN (0x4)

.text           0x0000000008000200     0xdfdc
                0x0000000008000200                . = ALIGN (0x4)
 *(.text)
 .text          0x0000000008000200       0x40 C:/ST/STM32CubeIDE_1.14.0/STM32CubeIDE/plugins/com.st.stm32cube.ide.mcu.externaltools.gnu-tools-for-stm32.11.3.rel1.win32_1.1.100.202309141235/tools/bin/../lib/gcc/arm-none-eabi/11.3.1/thumb/v7e-m+dp/hard/crtbegin.o
 .text          0x0000000008000240       0xa0 C:/ST/STM32CubeIDE_1.14.0/STM32CubeIDE/plugins/com.st.stm32cube.ide.mcu.externaltools.gnu-tools-for-stm32.11.3.rel1.win32_1.1.100.202309141235/tools/bin/../lib/gcc/arm-none-eabi/11.3.1/../../../../arm-none-eabi/lib/thumb/v7e-m+dp/hard\libc_nano.a(libc_a-memchr.o)
                0x0000000008000240                memchr
 .text          0x00000000080002e0       0x10 C:/ST/STM32CubeIDE_1.14.0/STM32CubeIDE/plugins/com.st.stm32cube.ide.mcu.externaltools.gnu-tools-for-stm32.11.3.rel1.win32_1.1.100.202309141235/tools/bin/../lib/gcc/arm-none-eabi/11.3.1/../../../../arm-none-eabi/lib/thumb/v7e-m+dp/hard\libc_nano.a(libc_a-strlen.o)
                0x00000000080002e0                strlen
 .text          0x00000000080002f0       0x30 C:/ST/STM32CubeIDE_1.14.0/STM32CubeIDE/plugins/com.st.stm32cube.ide.mcu.externaltools.gnu-tools-for-stm32.11.3.rel1.win32_1.1.100.202309141235/tools/bin/../lib/gcc/arm-none-eabi/11.3.1/thumb/v7e-m+dp/hard\libgcc.a(_aeabi_uldivmod.o)
                0x00000000080002f0                __aeabi_uldivmod
 .text          0x0000000008000320      0x2c8 C:/ST/STM32CubeIDE_1.14.0/STM32CubeIDE/plugins/com.st.stm32cube.ide.mcu.externaltools.gnu-tools-for-stm32.11.3.rel1.win32_1.1.100.202309141235/tools/bin/../lib/gcc/arm-none-eabi/11.3.1/thumb/v7e-m+dp/hard\libgcc.a(_udivmoddi4.o)
                0x0000000008000320                __udivmoddi4
 .text          0x00000000080005e8        0x4 C:/ST/STM32CubeIDE_1.14.0/STM32CubeIDE/plugins/com.st.stm32cube.ide.mcu.externaltools.gnu-tools-for-stm32.11.3.rel1.win32_1.1.100.202309141235/tools/bin/../lib/gcc/arm-none-eabi/11.3.1/thumb/v7e-m+dp/hard\libgcc.a(_dvmd_tls.o)
                0x00000000080005e8                __aeabi_idiv0
                0x00000000080005e8                __aeabi_ldiv0
 *(.text*)
 .text.MLX90640_DumpEE
                0x00000000080005ec       0x26 ./Core/Src/MLX90640_API.o
                0x00000000080005ec                MLX90640_DumpEE
 .text.MLX90640_GetFrameData
                0x0000000008000612      0x10a ./Core/Src/MLX90640_API.o
                0x0000000008000612                MLX90640_GetFrameData
 .text.MLX90640_ExtractParameters
                0x000000000800071c       0x8a ./Core/Src/MLX90640_API.o
                0x000000000800071c                MLX90640_ExtractParameters
 .text.MLX90640_SetRefreshRate
                0x00000000080007a6       0x5e ./Core/Src/MLX90640_API.o
                0x00000000080007a6                MLX90640_SetRefreshRate
 .text.MLX90640_SetChessMode
                0x0000000008000804       0x48 ./Core/Src/MLX90640_API.o
                0x0000000008000804                MLX90640_SetChessMode
 *fill*         0x000000000800084c        0x4 
 .text.MLX90640_CalculateTo
                0x0000000008000850      0x880 ./Core/Src/MLX90640_API.o
                0x0000000008000850                MLX90640_CalculateTo
 .text.MLX90640_GetVdd
                0x00000000080010d0       0xf4 ./Core/Src/MLX90640_API.o
                0x00000000080010d0                MLX90640_GetVdd
 .text.MLX90640_GetTa
                0x00000000080011c4      0x120 ./Core/Src/MLX90640_API.o
                0x00000000080011c4                MLX90640_GetTa
 .text.ExtractVDDParameters
                0x00000000080012e4       0x70 ./Core/Src/MLX90640_API.o
                0x00000000080012e4                ExtractVDDParameters
 *fill*         0x0000000008001354        0x4 
 .text.ExtractPTATParameters
                0x0000000008001358      0x108 ./Core/Src/MLX90640_API.o
                0x0000000008001358                ExtractPTATParameters
 .text.ExtractGainParameters
                0x0000000008001460       0x24 ./Core/Src/MLX90640_API.o
                0x0000000008001460                ExtractGainParameters
 .text.ExtractTgcParameters
                0x0000000008001484       0x70 ./Core/Src/MLX90640_API.o
                0x0000000008001484                ExtractTgcParameters
 .text.ExtractResolutionParameters
                0x00000000080014f4       0x2e ./Core/Src/MLX90640_API.o
                0x00000000080014f4                ExtractResolutionParameters
 *fill*         0x0000000008001522        0x2 
 .text.ExtractKsTaParameters
                0x0000000008001524       0x70 ./Core/Src/MLX90640_API.o
                0x0000000008001524                ExtractKsTaParameters
 .text.ExtractKsToParameters
                0x0000000008001594      0x1cc ./Core/Src/MLX90640_API.o
                0x0000000008001594                ExtractKsToParameters
 .text.ExtractAlphaParameters
                0x0000000008001760      0x6bc ./Core/Src/MLX90640_API.o
                0x0000000008001760                ExtractAlphaParameters
 .text.ExtractOffsetParameters
                0x0000000008001e1c      0x472 ./Core/Src/MLX90640_API.o
                0x0000000008001e1c                ExtractOffsetParameters
 *fill*         0x000000000800228e        0x2 
 .text.ExtractKtaPixelParameters
                0x0000000008002290      0x468 ./Core/Src/MLX90640_API.o
                0x0000000008002290                ExtractKtaPixelParameters
 .text.ExtractKvPixelParameters
                0x00000000080026f8      0x3d0 ./Core/Src/MLX90640_API.o
                0x00000000080026f8                ExtractKvPixelParameters
 .text.ExtractCPParameters
                0x0000000008002ac8      0x288 ./Core/Src/MLX90640_API.o
                0x0000000008002ac8                ExtractCPParameters
 .text.ExtractCILCParameters
                0x0000000008002d50      0x140 ./Core/Src/MLX90640_API.o
                0x0000000008002d50                ExtractCILCParameters
 .text.ExtractDeviatingPixels
                0x0000000008002e90      0x1f6 ./Core/Src/MLX90640_API.o
                0x0000000008002e90                ExtractDeviatingPixels
 .text.CheckAdjacentPixels
                0x0000000008003086       0x62 ./Core/Src/MLX90640_API.o
                0x0000000008003086                CheckAdjacentPixels
 .text.MLX90640_I2CRead
                0x00000000080030e8       0xa0 ./Core/Src/MLX90640_I2C_Driver.o
                0x00000000080030e8                MLX90640_I2CRead
 .text.MLX90640_I2CWrite
                0x0000000008003188       0x88 ./Core/Src/MLX90640_I2C_Driver.o
                0x0000000008003188                MLX90640_I2CWrite
 .text.MX_CRC_Init
                0x0000000008003210       0x44 ./Core/Src/crc.o
                0x0000000008003210                MX_CRC_Init
 .text.HAL_CRC_MspInit
                0x0000000008003254       0x40 ./Core/Src/crc.o
                0x0000000008003254                HAL_CRC_MspInit
 .text.MX_GPIO_Init
                0x0000000008003294       0x98 ./Core/Src/gpio.o
                0x0000000008003294                MX_GPIO_Init
 .text.MX_I2C1_Init
                0x000000000800332c       0x80 ./Core/Src/i2c.o
                0x000000000800332c                MX_I2C1_Init
 .text.HAL_I2C_MspInit
                0x00000000080033ac       0xc0 ./Core/Src/i2c.o
                0x00000000080033ac                HAL_I2C_MspInit
 .text.SCB_EnableICache
                0x000000000800346c       0x4c ./Core/Src/main.o
 .text.SCB_EnableDCache
                0x00000000080034b8       0x88 ./Core/Src/main.o
 .text.main     0x0000000008003540      0x480 ./Core/Src/main.o
                0x0000000008003540                main
 .text.SystemClock_Config
                0x00000000080039c0       0xdc ./Core/Src/main.o
                0x00000000080039c0                SystemClock_Config
 .text.Error_Handler
                0x0000000008003a9c        0xa ./Core/Src/main.o
                0x0000000008003a9c                Error_Handler
 *fill*         0x0000000008003aa6        0x2 
 .text.HAL_MspInit
                0x0000000008003aa8       0x48 ./Core/Src/stm32f7xx_hal_msp.o
                0x0000000008003aa8                HAL_MspInit
 .text.NMI_Handler
                0x0000000008003af0        0x6 ./Core/Src/stm32f7xx_it.o
                0x0000000008003af0                NMI_Handler
 .text.HardFault_Handler
                0x0000000008003af6        0x6 ./Core/Src/stm32f7xx_it.o
                0x0000000008003af6                HardFault_Handler
 .text.MemManage_Handler
                0x0000000008003afc        0x6 ./Core/Src/stm32f7xx_it.o
                0x0000000008003afc                MemManage_Handler
 .text.BusFault_Handler
                0x0000000008003b02        0x6 ./Core/Src/stm32f7xx_it.o
                0x0000000008003b02                BusFault_Handler
 .text.UsageFault_Handler
                0x0000000008003b08        0x6 ./Core/Src/stm32f7xx_it.o
                0x0000000008003b08                UsageFault_Handler
 .text.SVC_Handler
                0x0000000008003b0e        0xe ./Core/Src/stm32f7xx_it.o
                0x0000000008003b0e                SVC_Handler
 .text.DebugMon_Handler
                0x0000000008003b1c        0xe ./Core/Src/stm32f7xx_it.o
                0x0000000008003b1c                DebugMon_Handler
 .text.PendSV_Handler
                0x0000000008003b2a        0xe ./Core/Src/stm32f7xx_it.o
                0x0000000008003b2a                PendSV_Handler
 .text.SysTick_Handler
                0x0000000008003b38        0xc ./Core/Src/stm32f7xx_it.o
                0x0000000008003b38                SysTick_Handler
 .text._sbrk    0x0000000008003b44       0x6c ./Core/Src/sysmem.o
                0x0000000008003b44                _sbrk
 .text.SystemInit
                0x0000000008003bb0       0x24 ./Core/Src/system_stm32f7xx.o
                0x0000000008003bb0                SystemInit
 .text.MX_USART3_UART_Init
                0x0000000008003bd4       0x60 ./Core/Src/usart.o
                0x0000000008003bd4                MX_USART3_UART_Init
 .text.HAL_UART_MspInit
                0x0000000008003c34       0xc0 ./Core/Src/usart.o
                0x0000000008003c34                HAL_UART_MspInit
 .text.Reset_Handler
                0x0000000008003cf4       0x50 ./Core/Startup/startup_stm32f767zitx.o
                0x0000000008003cf4                Reset_Handler
 .text.Default_Handler
                0x0000000008003d44        0x2 ./Core/Startup/startup_stm32f767zitx.o
                0x0000000008003d44                RTC_Alarm_IRQHandler
                0x0000000008003d44                EXTI2_IRQHandler
                0x0000000008003d44                TIM8_CC_IRQHandler
                0x0000000008003d44                UART8_IRQHandler
                0x0000000008003d44                SPI4_IRQHandler
                0x0000000008003d44                TIM1_CC_IRQHandler
                0x0000000008003d44                DMA2_Stream5_IRQHandler
                0x0000000008003d44                JPEG_IRQHandler
                0x0000000008003d44                DMA1_Stream5_IRQHandler
                0x0000000008003d44                CAN3_RX1_IRQHandler
                0x0000000008003d44                PVD_IRQHandler
                0x0000000008003d44                TAMP_STAMP_IRQHandler
                0x0000000008003d44                CAN2_RX1_IRQHandler
                0x0000000008003d44                EXTI3_IRQHandler
                0x0000000008003d44                TIM8_TRG_COM_TIM14_IRQHandler
                0x0000000008003d44                DFSDM1_FLT1_IRQHandler
                0x0000000008003d44                TIM1_UP_TIM10_IRQHandler
                0x0000000008003d44                TIM8_UP_TIM13_IRQHandler
                0x0000000008003d44                I2C3_ER_IRQHandler
                0x0000000008003d44                DFSDM1_FLT2_IRQHandler
                0x0000000008003d44                EXTI0_IRQHandler
                0x0000000008003d44                I2C2_EV_IRQHandler
                0x0000000008003d44                DMA1_Stream2_IRQHandler
                0x0000000008003d44                CAN1_RX0_IRQHandler
                0x0000000008003d44                FPU_IRQHandler
                0x0000000008003d44                OTG_HS_WKUP_IRQHandler
                0x0000000008003d44                CAN3_SCE_IRQHandler
                0x0000000008003d44                LTDC_ER_IRQHandler
                0x0000000008003d44                CAN2_SCE_IRQHandler
                0x0000000008003d44                DMA2_Stream2_IRQHandler
                0x0000000008003d44                SPI1_IRQHandler
                0x0000000008003d44                TIM6_DAC_IRQHandler
                0x0000000008003d44                TIM1_BRK_TIM9_IRQHandler
                0x0000000008003d44                DCMI_IRQHandler
                0x0000000008003d44                CAN2_RX0_IRQHandler
                0x0000000008003d44                DMA2_Stream3_IRQHandler
                0x0000000008003d44                SAI2_IRQHandler
                0x0000000008003d44                DFSDM1_FLT3_IRQHandler
                0x0000000008003d44                USART6_IRQHandler
                0x0000000008003d44                CAN3_RX0_IRQHandler
                0x0000000008003d44                USART3_IRQHandler
                0x0000000008003d44                CAN1_RX1_IRQHandler
                0x0000000008003d44                UART5_IRQHandler
                0x0000000008003d44                DMA2_Stream0_IRQHandler
                0x0000000008003d44                TIM4_IRQHandler
                0x0000000008003d44                QUADSPI_IRQHandler
                0x0000000008003d44                I2C1_EV_IRQHandler
                0x0000000008003d44                DMA1_Stream6_IRQHandler
                0x0000000008003d44                DMA1_Stream1_IRQHandler
                0x0000000008003d44                UART4_IRQHandler
                0x0000000008003d44                TIM3_IRQHandler
                0x0000000008003d44                RCC_IRQHandler
                0x0000000008003d44                TIM8_BRK_TIM12_IRQHandler
                0x0000000008003d44                Default_Handler
                0x0000000008003d44                CEC_IRQHandler
                0x0000000008003d44                EXTI15_10_IRQHandler
                0x0000000008003d44                ADC_IRQHandler
                0x0000000008003d44                DMA1_Stream7_IRQHandler
                0x0000000008003d44                SPI5_IRQHandler
                0x0000000008003d44                TIM7_IRQHandler
                0x0000000008003d44                SDMMC1_IRQHandler
                0x0000000008003d44                CAN2_TX_IRQHandler
                0x0000000008003d44                TIM5_IRQHandler
                0x0000000008003d44                DMA2_Stream7_IRQHandler
                0x0000000008003d44                I2C3_EV_IRQHandler
                0x0000000008003d44                EXTI9_5_IRQHandler
                0x0000000008003d44                RTC_WKUP_IRQHandler
                0x0000000008003d44                LTDC_IRQHandler
                0x0000000008003d44                ETH_WKUP_IRQHandler
                0x0000000008003d44                SPDIF_RX_IRQHandler
                0x0000000008003d44                SPI2_IRQHandler
                0x0000000008003d44                OTG_HS_EP1_IN_IRQHandler
                0x0000000008003d44                DMA1_Stream0_IRQHandler
                0x0000000008003d44                CAN1_TX_IRQHandler
                0x0000000008003d44                EXTI4_IRQHandler
                0x0000000008003d44                RNG_IRQHandler
                0x0000000008003d44                ETH_IRQHandler
                0x0000000008003d44                OTG_HS_EP1_OUT_IRQHandler
                0x0000000008003d44                WWDG_IRQHandler
                0x0000000008003d44                SPI6_IRQHandler
                0x0000000008003d44                MDIOS_IRQHandler
                0x0000000008003d44                I2C4_EV_IRQHandler
                0x0000000008003d44                CAN3_TX_IRQHandler
                0x0000000008003d44                TIM2_IRQHandler
                0x0000000008003d44                OTG_FS_WKUP_IRQHandler
                0x0000000008003d44                TIM1_TRG_COM_TIM11_IRQHandler
                0x0000000008003d44                OTG_HS_IRQHandler
                0x0000000008003d44                DMA2D_IRQHandler
                0x0000000008003d44                EXTI1_IRQHandler
                0x0000000008003d44                SDMMC2_IRQHandler
                0x0000000008003d44                UART7_IRQHandler
                0x0000000008003d44                USART2_IRQHandler
                0x0000000008003d44                DFSDM1_FLT0_IRQHandler
                0x0000000008003d44                I2C2_ER_IRQHandler
                0x0000000008003d44                DMA2_Stream1_IRQHandler
                0x0000000008003d44                CAN1_SCE_IRQHandler
                0x0000000008003d44                FLASH_IRQHandler
                0x0000000008003d44                DMA2_Stream4_IRQHandler
                0x0000000008003d44                USART1_IRQHandler
                0x0000000008003d44                OTG_FS_IRQHandler
                0x0000000008003d44                SPI3_IRQHandler
                0x0000000008003d44                DMA1_Stream4_IRQHandler
                0x0000000008003d44                I2C1_ER_IRQHandler
                0x0000000008003d44                FMC_IRQHandler
                0x0000000008003d44                LPTIM1_IRQHandler
                0x0000000008003d44                I2C4_ER_IRQHandler
                0x0000000008003d44                DMA2_Stream6_IRQHandler
                0x0000000008003d44                SAI1_IRQHandler
                0x0000000008003d44                DMA1_Stream3_IRQHandler
 .text.HAL_Init
                0x0000000008003d46       0x1a ./Drivers/STM32F7xx_HAL_Driver/Src/stm32f7xx_hal.o
                0x0000000008003d46                HAL_Init
 .text.HAL_InitTick
                0x0000000008003d60       0x60 ./Drivers/STM32F7xx_HAL_Driver/Src/stm32f7xx_hal.o
                0x0000000008003d60                HAL_InitTick
 .text.HAL_IncTick
                0x0000000008003dc0       0x28 ./Drivers/STM32F7xx_HAL_Driver/Src/stm32f7xx_hal.o
                0x0000000008003dc0                HAL_IncTick
 .text.HAL_GetTick
                0x0000000008003de8       0x18 ./Drivers/STM32F7xx_HAL_Driver/Src/stm32f7xx_hal.o
                0x0000000008003de8                HAL_GetTick
 .text.HAL_Delay
                0x0000000008003e00       0x48 ./Drivers/STM32F7xx_HAL_Driver/Src/stm32f7xx_hal.o
                0x0000000008003e00                HAL_Delay
 .text.__NVIC_SetPriorityGrouping
                0x0000000008003e48       0x48 ./Drivers/STM32F7xx_HAL_Driver/Src/stm32f7xx_hal_cortex.o
 .text.__NVIC_GetPriorityGrouping
                0x0000000008003e90       0x1c ./Drivers/STM32F7xx_HAL_Driver/Src/stm32f7xx_hal_cortex.o
 .text.__NVIC_SetPriority
                0x0000000008003eac       0x54 ./Drivers/STM32F7xx_HAL_Driver/Src/stm32f7xx_hal_cortex.o
 .text.NVIC_EncodePriority
                0x0000000008003f00       0x66 ./Drivers/STM32F7xx_HAL_Driver/Src/stm32f7xx_hal_cortex.o
 *fill*         0x0000000008003f66        0x2 
 .text.SysTick_Config
                0x0000000008003f68       0x44 ./Drivers/STM32F7xx_HAL_Driver/Src/stm32f7xx_hal_cortex.o
 .text.HAL_NVIC_SetPriorityGrouping
                0x0000000008003fac       0x16 ./Drivers/STM32F7xx_HAL_Driver/Src/stm32f7xx_hal_cortex.o
                0x0000000008003fac                HAL_NVIC_SetPriorityGrouping
 .text.HAL_NVIC_SetPriority
                0x0000000008003fc2       0x38 ./Drivers/STM32F7xx_HAL_Driver/Src/stm32f7xx_hal_cortex.o
                0x0000000008003fc2                HAL_NVIC_SetPriority
 .text.HAL_SYSTICK_Config
                0x0000000008003ffa       0x18 ./Drivers/STM32F7xx_HAL_Driver/Src/stm32f7xx_hal_cortex.o
                0x0000000008003ffa                HAL_SYSTICK_Config
 *fill*         0x0000000008004012        0x2 
 .text.HAL_CRC_Init
                0x0000000008004014       0xc8 ./Drivers/STM32F7xx_HAL_Driver/Src/stm32f7xx_hal_crc.o
                0x0000000008004014                HAL_CRC_Init
 .text.HAL_CRCEx_Polynomial_Set
                0x00000000080040dc      0x10c ./Drivers/STM32F7xx_HAL_Driver/Src/stm32f7xx_hal_crc_ex.o
                0x00000000080040dc                HAL_CRCEx_Polynomial_Set
 .text.HAL_GPIO_Init
                0x00000000080041e8      0x358 ./Drivers/STM32F7xx_HAL_Driver/Src/stm32f7xx_hal_gpio.o
                0x00000000080041e8                HAL_GPIO_Init
 .text.HAL_GPIO_WritePin
                0x0000000008004540       0x32 ./Drivers/STM32F7xx_HAL_Driver/Src/stm32f7xx_hal_gpio.o
                0x0000000008004540                HAL_GPIO_WritePin
 *fill*         0x0000000008004572        0x2 
 .text.HAL_I2C_Init
                0x0000000008004574      0x120 ./Drivers/STM32F7xx_HAL_Driver/Src/stm32f7xx_hal_i2c.o
                0x0000000008004574                HAL_I2C_Init
 .text.HAL_I2C_Mem_Write
                0x0000000008004694      0x228 ./Drivers/STM32F7xx_HAL_Driver/Src/stm32f7xx_hal_i2c.o
                0x0000000008004694                HAL_I2C_Mem_Write
 .text.HAL_I2C_Mem_Read
                0x00000000080048bc      0x234 ./Drivers/STM32F7xx_HAL_Driver/Src/stm32f7xx_hal_i2c.o
                0x00000000080048bc                HAL_I2C_Mem_Read
 .text.I2C_RequestMemoryWrite
                0x0000000008004af0       0xa8 ./Drivers/STM32F7xx_HAL_Driver/Src/stm32f7xx_hal_i2c.o
 .text.I2C_RequestMemoryRead
                0x0000000008004b98       0xa8 ./Drivers/STM32F7xx_HAL_Driver/Src/stm32f7xx_hal_i2c.o
 .text.I2C_Flush_TXDR
                0x0000000008004c40       0x48 ./Drivers/STM32F7xx_HAL_Driver/Src/stm32f7xx_hal_i2c.o
 .text.I2C_WaitOnFlagUntilTimeout
                0x0000000008004c88       0x80 ./Drivers/STM32F7xx_HAL_Driver/Src/stm32f7xx_hal_i2c.o
 .text.I2C_WaitOnTXISFlagUntilTimeout
                0x0000000008004d08       0x80 ./Drivers/STM32F7xx_HAL_Driver/Src/stm32f7xx_hal_i2c.o
 .text.I2C_WaitOnSTOPFlagUntilTimeout
                0x0000000008004d88       0x78 ./Drivers/STM32F7xx_HAL_Driver/Src/stm32f7xx_hal_i2c.o
 .text.I2C_IsErrorOccurred
                0x0000000008004e00      0x1c0 ./Drivers/STM32F7xx_HAL_Driver/Src/stm32f7xx_hal_i2c.o
 .text.I2C_TransferConfig
                0x0000000008004fc0       0x64 ./Drivers/STM32F7xx_HAL_Driver/Src/stm32f7xx_hal_i2c.o
 .text.HAL_I2CEx_ConfigAnalogFilter
                0x0000000008005024       0x96 ./Drivers/STM32F7xx_HAL_Driver/Src/stm32f7xx_hal_i2c_ex.o
                0x0000000008005024                HAL_I2CEx_ConfigAnalogFilter
 .text.HAL_I2CEx_ConfigDigitalFilter
                0x00000000080050ba       0x98 ./Drivers/STM32F7xx_HAL_Driver/Src/stm32f7xx_hal_i2c_ex.o
                0x00000000080050ba                HAL_I2CEx_ConfigDigitalFilter
 *fill*         0x0000000008005152        0x2 
 .text.HAL_PWREx_EnableOverDrive
                0x0000000008005154       0xa0 ./Drivers/STM32F7xx_HAL_Driver/Src/stm32f7xx_hal_pwr_ex.o
                0x0000000008005154                HAL_PWREx_EnableOverDrive
 .text.HAL_RCC_OscConfig
                0x00000000080051f4      0x55c ./Drivers/STM32F7xx_HAL_Driver/Src/stm32f7xx_hal_rcc.o
                0x00000000080051f4                HAL_RCC_OscConfig
 .text.HAL_RCC_ClockConfig
                0x0000000008005750      0x1d8 ./Drivers/STM32F7xx_HAL_Driver/Src/stm32f7xx_hal_rcc.o
                0x0000000008005750                HAL_RCC_ClockConfig
 .text.HAL_RCC_GetSysClockFreq
                0x0000000008005928      0x20c ./Drivers/STM32F7xx_HAL_Driver/Src/stm32f7xx_hal_rcc.o
                0x0000000008005928                HAL_RCC_GetSysClockFreq
 .text.HAL_RCC_GetHCLKFreq
                0x0000000008005b34       0x18 ./Drivers/STM32F7xx_HAL_Driver/Src/stm32f7xx_hal_rcc.o
                0x0000000008005b34                HAL_RCC_GetHCLKFreq
 .text.HAL_RCC_GetPCLK1Freq
                0x0000000008005b4c       0x28 ./Drivers/STM32F7xx_HAL_Driver/Src/stm32f7xx_hal_rcc.o
                0x0000000008005b4c                HAL_RCC_GetPCLK1Freq
 .text.HAL_RCC_GetPCLK2Freq
                0x0000000008005b74       0x28 ./Drivers/STM32F7xx_HAL_Driver/Src/stm32f7xx_hal_rcc.o
                0x0000000008005b74                HAL_RCC_GetPCLK2Freq
 .text.HAL_RCCEx_PeriphCLKConfig
                0x0000000008005b9c      0x850 ./Drivers/STM32F7xx_HAL_Driver/Src/stm32f7xx_hal_rcc_ex.o
                0x0000000008005b9c                HAL_RCCEx_PeriphCLKConfig
 .text.HAL_UART_Init
                0x00000000080063ec       0x9c ./Drivers/STM32F7xx_HAL_Driver/Src/stm32f7xx_hal_uart.o
                0x00000000080063ec                HAL_UART_Init
 .text.HAL_UART_Transmit
                0x0000000008006488      0x106 ./Drivers/STM32F7xx_HAL_Driver/Src/stm32f7xx_hal_uart.o
                0x0000000008006488                HAL_UART_Transmit
 *fill*         0x000000000800658e        0x2 
 .text.UART_SetConfig
                0x0000000008006590      0x4c8 ./Drivers/STM32F7xx_HAL_Driver/Src/stm32f7xx_hal_uart.o
                0x0000000008006590                UART_SetConfig
 .text.UART_AdvFeatureConfig
                0x0000000008006a58      0x144 ./Drivers/STM32F7xx_HAL_Driver/Src/stm32f7xx_hal_uart.o
                0x0000000008006a58                UART_AdvFeatureConfig
 .text.UART_CheckIdleState
                0x0000000008006b9c       0x9a ./Drivers/STM32F7xx_HAL_Driver/Src/stm32f7xx_hal_uart.o
                0x0000000008006b9c                UART_CheckIdleState
 .text.UART_WaitOnFlagUntilTimeout
                0x0000000008006c36      0x18c ./Drivers/STM32F7xx_HAL_Driver/Src/stm32f7xx_hal_uart.o
                0x0000000008006c36                UART_WaitOnFlagUntilTimeout
 *fill*         0x0000000008006dc2        0x2 
 .text.ai_log_err
                0x0000000008006dc4       0x40 ./X-CUBE-AI/App/app_x-cube-ai.o
 .text.ai_boostrap
                0x0000000008006e04       0xc8 ./X-CUBE-AI/App/app_x-cube-ai.o
 .text.ai_run   0x0000000008006ecc       0x54 ./X-CUBE-AI/App/app_x-cube-ai.o
 .text.acquire_and_process_data
                0x0000000008006f20       0x2c ./X-CUBE-AI/App/app_x-cube-ai.o
                0x0000000008006f20                acquire_and_process_data
 .text.UART_Transmit
                0x0000000008006f4c       0x30 ./X-CUBE-AI/App/app_x-cube-ai.o
                0x0000000008006f4c                UART_Transmit
 .text.post_process
                0x0000000008006f7c       0x48 ./X-CUBE-AI/App/app_x-cube-ai.o
                0x0000000008006f7c                post_process
 .text.argmax   0x0000000008006fc4       0x54 ./X-CUBE-AI/App/app_x-cube-ai.o
                0x0000000008006fc4                argmax
 .text.led      0x0000000008007018      0x100 ./X-CUBE-AI/App/app_x-cube-ai.o
                0x0000000008007018                led
 .text.MX_X_CUBE_AI_Init
                0x0000000008007118       0x1c ./X-CUBE-AI/App/app_x-cube-ai.o
                0x0000000008007118                MX_X_CUBE_AI_Init
 .text.MX_X_CUBE_AI_Process
                0x0000000008007134       0x74 ./X-CUBE-AI/App/app_x-cube-ai.o
                0x0000000008007134                MX_X_CUBE_AI_Process
 .text.network_configure_activations
                0x00000000080071a8      0x1bc ./X-CUBE-AI/App/network.o
 .text.network_configure_weights
                0x0000000008007364      0x26c ./X-CUBE-AI/App/network.o
 .text.ai_network_get_error
                0x00000000080075d0       0x18 ./X-CUBE-AI/App/network.o
                0x00000000080075d0                ai_network_get_error
 .text.ai_network_create
                0x00000000080075e8       0x2c ./X-CUBE-AI/App/network.o
                0x00000000080075e8                ai_network_create
 .text.ai_network_create_and_init
                0x0000000008007614       0xe8 ./X-CUBE-AI/App/network.o
                0x0000000008007614                ai_network_create_and_init
 .text.ai_network_inputs_get
                0x00000000080076fc       0x34 ./X-CUBE-AI/App/network.o
                0x00000000080076fc                ai_network_inputs_get
 .text.ai_network_outputs_get
                0x0000000008007730       0x34 ./X-CUBE-AI/App/network.o
                0x0000000008007730                ai_network_outputs_get
 .text.ai_network_init
                0x0000000008007764       0x78 ./X-CUBE-AI/App/network.o
                0x0000000008007764                ai_network_init
 .text.ai_network_run
                0x00000000080077dc       0x20 ./X-CUBE-AI/App/network.o
                0x00000000080077dc                ai_network_run
 .text.ai_network_data_params_get
                0x00000000080077fc       0x50 ./X-CUBE-AI/App/network_data.o
                0x00000000080077fc                ai_network_data_params_get
 .text.ai_buffer_get_size
                0x000000000800784c       0x68 ../Middlewares/ST/AI/Lib\NetworkRuntime810_CM7_GCC.a(ai_platform.o)
                0x000000000800784c                ai_buffer_get_size
 .text.ai_buffer_array_sane
                0x00000000080078b4       0x14 ../Middlewares/ST/AI/Lib\NetworkRuntime810_CM7_GCC.a(ai_platform.o)
                0x00000000080078b4                ai_buffer_array_sane
 .text.ai_buffer_array_item_set_address
                0x00000000080078c8       0x20 ../Middlewares/ST/AI/Lib\NetworkRuntime810_CM7_GCC.a(ai_platform.o)
                0x00000000080078c8                ai_buffer_array_item_set_address
 .text._ai_platform_acquire_crc
                0x00000000080078e8        0x4 ../Middlewares/ST/AI/Lib\NetworkRuntime810_CM7_GCC.a(ai_platform_interface.o)
                0x00000000080078e8                _ai_platform_acquire_crc
 .text._ai_platform_release_crc
                0x00000000080078ec        0x4 ../Middlewares/ST/AI/Lib\NetworkRuntime810_CM7_GCC.a(ai_platform_interface.o)
                0x00000000080078ec                _ai_platform_release_crc
 .text.ai_platform_get_weights_map
                0x00000000080078f0       0xb0 ../Middlewares/ST/AI/Lib\NetworkRuntime810_CM7_GCC.a(ai_platform_interface.o)
                0x00000000080078f0                ai_platform_get_weights_map
 .text.ai_platform_get_activations_map
                0x00000000080079a0       0xb0 ../Middlewares/ST/AI/Lib\NetworkRuntime810_CM7_GCC.a(ai_platform_interface.o)
                0x00000000080079a0                ai_platform_get_activations_map
 .text.ai_platform_bind_network_params
                0x0000000008007a50       0x34 ../Middlewares/ST/AI/Lib\NetworkRuntime810_CM7_GCC.a(ai_platform_interface.o)
                0x0000000008007a50                ai_platform_bind_network_params
 .text.ai_platform_network_get_error
                0x0000000008007a84      0x218 ../Middlewares/ST/AI/Lib\NetworkRuntime810_CM7_GCC.a(ai_platform_interface.o)
                0x0000000008007a84                ai_platform_network_get_error
 .text.ai_platform_network_set_error
                0x0000000008007c9c        0xc ../Middlewares/ST/AI/Lib\NetworkRuntime810_CM7_GCC.a(ai_platform_interface.o)
                0x0000000008007c9c                ai_platform_network_set_error
 .text.ai_platform_inputs_get
                0x0000000008007ca8      0x318 ../Middlewares/ST/AI/Lib\NetworkRuntime810_CM7_GCC.a(ai_platform_interface.o)
                0x0000000008007ca8                ai_platform_inputs_get
 .text.ai_platform_outputs_get
                0x0000000008007fc0      0x310 ../Middlewares/ST/AI/Lib\NetworkRuntime810_CM7_GCC.a(ai_platform_interface.o)
                0x0000000008007fc0                ai_platform_outputs_get
 .text.ai_platform_network_create
                0x00000000080082d0      0x3b4 ../Middlewares/ST/AI/Lib\NetworkRuntime810_CM7_GCC.a(ai_platform_interface.o)
                0x00000000080082d0                ai_platform_network_create
 .text.ai_platform_network_init
                0x0000000008008684      0x338 ../Middlewares/ST/AI/Lib\NetworkRuntime810_CM7_GCC.a(ai_platform_interface.o)
                0x0000000008008684                ai_platform_network_init
 .text.ai_platform_network_post_init
                0x00000000080089bc      0x254 ../Middlewares/ST/AI/Lib\NetworkRuntime810_CM7_GCC.a(ai_platform_interface.o)
                0x00000000080089bc                ai_platform_network_post_init
 .text.ai_platform_network_process
                0x0000000008008c10      0x5b8 ../Middlewares/ST/AI/Lib\NetworkRuntime810_CM7_GCC.a(ai_platform_interface.o)
                0x0000000008008c10                ai_platform_network_process
 .text.core_init
                0x00000000080091c8        0x4 ../Middlewares/ST/AI/Lib\NetworkRuntime810_CM7_GCC.a(core_common.o)
                0x00000000080091c8                core_init
 .text.core_get_error
                0x00000000080091cc        0xc ../Middlewares/ST/AI/Lib\NetworkRuntime810_CM7_GCC.a(core_common.o)
                0x00000000080091cc                core_get_error
 .text.core_set_error
                0x00000000080091d8       0x18 ../Middlewares/ST/AI/Lib\NetworkRuntime810_CM7_GCC.a(core_common.o)
                0x00000000080091d8                core_set_error
 .text.ai_check_custom_types
                0x00000000080091f0       0x50 ../Middlewares/ST/AI/Lib\NetworkRuntime810_CM7_GCC.a(layers.o)
                0x00000000080091f0                ai_check_custom_types
 .text.ai_layers_init_all
                0x0000000008009240       0x1c ../Middlewares/ST/AI/Lib\NetworkRuntime810_CM7_GCC.a(layers.o)
                0x0000000008009240                ai_layers_init_all
 .text.ai_layers_post_init_all
                0x000000000800925c       0x28 ../Middlewares/ST/AI/Lib\NetworkRuntime810_CM7_GCC.a(layers.o)
                0x000000000800925c                ai_layers_post_init_all
 .text.ai_layers_forward_all
                0x0000000008009284       0x90 ../Middlewares/ST/AI/Lib\NetworkRuntime810_CM7_GCC.a(layers.o)
                0x0000000008009284                ai_layers_forward_all
 .text.ai_dict_decompress_f32
                0x0000000008009314       0xa0 ../Middlewares/ST/AI/Lib\NetworkRuntime810_CM7_GCC.a(layers_conv2d_generic_float.o)
                0x0000000008009314                ai_dict_decompress_f32
 .text.forward_conv2d_if32of32wf32
                0x00000000080093b4      0x190 ../Middlewares/ST/AI/Lib\NetworkRuntime810_CM7_GCC.a(layers_conv2d_generic_float.o)
                0x00000000080093b4                forward_conv2d_if32of32wf32
 .text.forward_dense
                0x0000000008009544      0x840 ../Middlewares/ST/AI/Lib\NetworkRuntime810_CM7_GCC.a(layers_conv2d_generic_float.o)
                0x0000000008009544                forward_dense
 .text.forward_relu
                0x0000000008009d84      0x268 ../Middlewares/ST/AI/Lib\NetworkRuntime810_CM7_GCC.a(layers_nl_generic_float.o)
                0x0000000008009d84                forward_relu
 .text.forward_sm
                0x0000000008009fec      0x114 ../Middlewares/ST/AI/Lib\NetworkRuntime810_CM7_GCC.a(layers_nl_generic_float.o)
                0x0000000008009fec                forward_sm
 .text.forward_ap
                0x000000000800a100      0x21c ../Middlewares/ST/AI/Lib\NetworkRuntime810_CM7_GCC.a(layers_pool_generic_float.o)
                0x000000000800a100                forward_ap
 .text.ai_conv2d_kernel_simple_opt_f32.constprop.0
                0x000000000800a31c      0x22c ../Middlewares/ST/AI/Lib\NetworkRuntime810_CM7_GCC.a(forward_lite_conv2d_if32of32wf32.o)
 .text.forward_lite_conv2d_if32of32wf32
                0x000000000800a548      0x2c0 ../Middlewares/ST/AI/Lib\NetworkRuntime810_CM7_GCC.a(forward_lite_conv2d_if32of32wf32.o)
                0x000000000800a548                forward_lite_conv2d_if32of32wf32
 .text.forward_lite_dense_if32of32wf32
                0x000000000800a808      0x250 ../Middlewares/ST/AI/Lib\NetworkRuntime810_CM7_GCC.a(lite_dense_if32.o)
                0x000000000800a808                forward_lite_dense_if32of32wf32
 .text.st_int8_copy
                0x000000000800aa58      0x110 ../Middlewares/ST/AI/Lib\NetworkRuntime810_CM7_GCC.a(st_int8_fill.o)
                0x000000000800aa58                st_int8_copy
 .text.ai_array_to_buffer_fmt
                0x000000000800ab68       0xd8 ../Middlewares/ST/AI/Lib\NetworkRuntime810_CM7_GCC.a(ai_datatypes_format.o)
                0x000000000800ab68                ai_array_to_buffer_fmt
 .text.ai_array_get_byte_size
                0x000000000800ac40       0x50 ../Middlewares/ST/AI/Lib\NetworkRuntime810_CM7_GCC.a(ai_datatypes_format.o)
                0x000000000800ac40                ai_array_get_byte_size
 .text.ai_array_get_data_byte_size
                0x000000000800ac90       0x20 ../Middlewares/ST/AI/Lib\NetworkRuntime810_CM7_GCC.a(ai_datatypes_format.o)
                0x000000000800ac90                ai_array_get_data_byte_size
 .text.ai_version_get
                0x000000000800acb0        0xc ../Middlewares/ST/AI/Lib\NetworkRuntime810_CM7_GCC.a(ai_datatypes_internal.o)
                0x000000000800acb0                ai_version_get
 .text.get_tensor_byte_size
                0x000000000800acbc       0x2c ../Middlewares/ST/AI/Lib\NetworkRuntime810_CM7_GCC.a(ai_datatypes_internal.o)
                0x000000000800acbc                get_tensor_byte_size
 .text.malloc   0x000000000800ace8       0x10 C:/ST/STM32CubeIDE_1.14.0/STM32CubeIDE/plugins/com.st.stm32cube.ide.mcu.externaltools.gnu-tools-for-stm32.11.3.rel1.win32_1.1.100.202309141235/tools/bin/../lib/gcc/arm-none-eabi/11.3.1/../../../../arm-none-eabi/lib/thumb/v7e-m+dp/hard\libc_nano.a(libc_a-malloc.o)
                0x000000000800ace8                malloc
 .text.sbrk_aligned
                0x000000000800acf8       0x40 C:/ST/STM32CubeIDE_1.14.0/STM32CubeIDE/plugins/com.st.stm32cube.ide.mcu.externaltools.gnu-tools-for-stm32.11.3.rel1.win32_1.1.100.202309141235/tools/bin/../lib/gcc/arm-none-eabi/11.3.1/../../../../arm-none-eabi/lib/thumb/v7e-m+dp/hard\libc_nano.a(libc_a-mallocr.o)
 .text._malloc_r
                0x000000000800ad38      0x100 C:/ST/STM32CubeIDE_1.14.0/STM32CubeIDE/plugins/com.st.stm32cube.ide.mcu.externaltools.gnu-tools-for-stm32.11.3.rel1.win32_1.1.100.202309141235/tools/bin/../lib/gcc/arm-none-eabi/11.3.1/../../../../arm-none-eabi/lib/thumb/v7e-m+dp/hard\libc_nano.a(libc_a-mallocr.o)
                0x000000000800ad38                _malloc_r
 .text.__malloc_lock
                0x000000000800ae38        0xc C:/ST/STM32CubeIDE_1.14.0/STM32CubeIDE/plugins/com.st.stm32cube.ide.mcu.externaltools.gnu-tools-for-stm32.11.3.rel1.win32_1.1.100.202309141235/tools/bin/../lib/gcc/arm-none-eabi/11.3.1/../../../../arm-none-eabi/lib/thumb/v7e-m+dp/hard\libc_nano.a(libc_a-mlock.o)
                0x000000000800ae38                __malloc_lock
 .text.__malloc_unlock
                0x000000000800ae44        0xc C:/ST/STM32CubeIDE_1.14.0/STM32CubeIDE/plugins/com.st.stm32cube.ide.mcu.externaltools.gnu-tools-for-stm32.11.3.rel1.win32_1.1.100.202309141235/tools/bin/../lib/gcc/arm-none-eabi/11.3.1/../../../../arm-none-eabi/lib/thumb/v7e-m+dp/hard\libc_nano.a(libc_a-mlock.o)
                0x000000000800ae44                __malloc_unlock
 .text._realloc_r
                0x000000000800ae50       0x5e C:/ST/STM32CubeIDE_1.14.0/STM32CubeIDE/plugins/com.st.stm32cube.ide.mcu.externaltools.gnu-tools-for-stm32.11.3.rel1.win32_1.1.100.202309141235/tools/bin/../lib/gcc/arm-none-eabi/11.3.1/../../../../arm-none-eabi/lib/thumb/v7e-m+dp/hard\libc_nano.a(libc_a-reallocr.o)
                0x000000000800ae50                _realloc_r
 .text.__cvt    0x000000000800aeae       0xa4 C:/ST/STM32CubeIDE_1.14.0/STM32CubeIDE/plugins/com.st.stm32cube.ide.mcu.externaltools.gnu-tools-for-stm32.11.3.rel1.win32_1.1.100.202309141235/tools/bin/../lib/gcc/arm-none-eabi/11.3.1/../../../../arm-none-eabi/lib/thumb/v7e-m+dp/hard\libc_nano.a(libc_a-nano-vfprintf_float.o)
                0x000000000800aeae                __cvt
 .text.__exponent
                0x000000000800af52       0x7c C:/ST/STM32CubeIDE_1.14.0/STM32CubeIDE/plugins/com.st.stm32cube.ide.mcu.externaltools.gnu-tools-for-stm32.11.3.rel1.win32_1.1.100.202309141235/tools/bin/../lib/gcc/arm-none-eabi/11.3.1/../../../../arm-none-eabi/lib/thumb/v7e-m+dp/hard\libc_nano.a(libc_a-nano-vfprintf_float.o)
                0x000000000800af52                __exponent
 *fill*         0x000000000800afce        0x2 
 .text._printf_float
                0x000000000800afd0      0x434 C:/ST/STM32CubeIDE_1.14.0/STM32CubeIDE/plugins/com.st.stm32cube.ide.mcu.externaltools.gnu-tools-for-stm32.11.3.rel1.win32_1.1.100.202309141235/tools/bin/../lib/gcc/arm-none-eabi/11.3.1/../../../../arm-none-eabi/lib/thumb/v7e-m+dp/hard\libc_nano.a(libc_a-nano-vfprintf_float.o)
                0x000000000800afd0                _printf_float
 .text._printf_common
                0x000000000800b404       0xda C:/ST/STM32CubeIDE_1.14.0/STM32CubeIDE/plugins/com.st.stm32cube.ide.mcu.externaltools.gnu-tools-for-stm32.11.3.rel1.win32_1.1.100.202309141235/tools/bin/../lib/gcc/arm-none-eabi/11.3.1/../../../../arm-none-eabi/lib/thumb/v7e-m+dp/hard\libc_nano.a(libc_a-nano-vfprintf_i.o)
                0x000000000800b404                _printf_common
 *fill*         0x000000000800b4de        0x2 
 .text._printf_i
                0x000000000800b4e0      0x244 C:/ST/STM32CubeIDE_1.14.0/STM32CubeIDE/plugins/com.st.stm32cube.ide.mcu.externaltools.gnu-tools-for-stm32.11.3.rel1.win32_1.1.100.202309141235/tools/bin/../lib/gcc/arm-none-eabi/11.3.1/../../../../arm-none-eabi/lib/thumb/v7e-m+dp/hard\libc_nano.a(libc_a-nano-vfprintf_i.o)
                0x000000000800b4e0                _printf_i
 .text.std      0x000000000800b724       0x6c C:/ST/STM32CubeIDE_1.14.0/STM32CubeIDE/plugins/com.st.stm32cube.ide.mcu.externaltools.gnu-tools-for-stm32.11.3.rel1.win32_1.1.100.202309141235/tools/bin/../lib/gcc/arm-none-eabi/11.3.1/../../../../arm-none-eabi/lib/thumb/v7e-m+dp/hard\libc_nano.a(libc_a-findfp.o)
 .text.stdio_exit_handler
                0x000000000800b790       0x18 C:/ST/STM32CubeIDE_1.14.0/STM32CubeIDE/plugins/com.st.stm32cube.ide.mcu.externaltools.gnu-tools-for-stm32.11.3.rel1.win32_1.1.100.202309141235/tools/bin/../lib/gcc/arm-none-eabi/11.3.1/../../../../arm-none-eabi/lib/thumb/v7e-m+dp/hard\libc_nano.a(libc_a-findfp.o)
 .text.cleanup_stdio
                0x000000000800b7a8       0x40 C:/ST/STM32CubeIDE_1.14.0/STM32CubeIDE/plugins/com.st.stm32cube.ide.mcu.externaltools.gnu-tools-for-stm32.11.3.rel1.win32_1.1.100.202309141235/tools/bin/../lib/gcc/arm-none-eabi/11.3.1/../../../../arm-none-eabi/lib/thumb/v7e-m+dp/hard\libc_nano.a(libc_a-findfp.o)
 .text.global_stdio_init.part.0
                0x000000000800b7e8       0x3c C:/ST/STM32CubeIDE_1.14.0/STM32CubeIDE/plugins/com.st.stm32cube.ide.mcu.externaltools.gnu-tools-for-stm32.11.3.rel1.win32_1.1.100.202309141235/tools/bin/../lib/gcc/arm-none-eabi/11.3.1/../../../../arm-none-eabi/lib/thumb/v7e-m+dp/hard\libc_nano.a(libc_a-findfp.o)
 .text.__sfp_lock_acquire
                0x000000000800b824        0xc C:/ST/STM32CubeIDE_1.14.0/STM32CubeIDE/plugins/com.st.stm32cube.ide.mcu.externaltools.gnu-tools-for-stm32.11.3.rel1.win32_1.1.100.202309141235/tools/bin/../lib/gcc/arm-none-eabi/11.3.1/../../../../arm-none-eabi/lib/thumb/v7e-m+dp/hard\libc_nano.a(libc_a-findfp.o)
                0x000000000800b824                __sfp_lock_acquire
 .text.__sfp_lock_release
                0x000000000800b830        0xc C:/ST/STM32CubeIDE_1.14.0/STM32CubeIDE/plugins/com.st.stm32cube.ide.mcu.externaltools.gnu-tools-for-stm32.11.3.rel1.win32_1.1.100.202309141235/tools/bin/../lib/gcc/arm-none-eabi/11.3.1/../../../../arm-none-eabi/lib/thumb/v7e-m+dp/hard\libc_nano.a(libc_a-findfp.o)
                0x000000000800b830                __sfp_lock_release
 .text.__sinit  0x000000000800b83c       0x30 C:/ST/STM32CubeIDE_1.14.0/STM32CubeIDE/plugins/com.st.stm32cube.ide.mcu.externaltools.gnu-tools-for-stm32.11.3.rel1.win32_1.1.100.202309141235/tools/bin/../lib/gcc/arm-none-eabi/11.3.1/../../../../arm-none-eabi/lib/thumb/v7e-m+dp/hard\libc_nano.a(libc_a-findfp.o)
                0x000000000800b83c                __sinit
 .text._fwalk_sglue
                0x000000000800b86c       0x3c C:/ST/STM32CubeIDE_1.14.0/STM32CubeIDE/plugins/com.st.stm32cube.ide.mcu.externaltools.gnu-tools-for-stm32.11.3.rel1.win32_1.1.100.202309141235/tools/bin/../lib/gcc/arm-none-eabi/11.3.1/../../../../arm-none-eabi/lib/thumb/v7e-m+dp/hard\libc_nano.a(libc_a-fwalk.o)
                0x000000000800b86c                _fwalk_sglue
 .text.printf   0x000000000800b8a8       0x24 C:/ST/STM32CubeIDE_1.14.0/STM32CubeIDE/plugins/com.st.stm32cube.ide.mcu.externaltools.gnu-tools-for-stm32.11.3.rel1.win32_1.1.100.202309141235/tools/bin/../lib/gcc/arm-none-eabi/11.3.1/../../../../arm-none-eabi/lib/thumb/v7e-m+dp/hard\libc_nano.a(libc_a-printf.o)
                0x000000000800b8a8                iprintf
                0x000000000800b8a8                printf
 .text._puts_r  0x000000000800b8cc       0xa8 C:/ST/STM32CubeIDE_1.14.0/STM32CubeIDE/plugins/com.st.stm32cube.ide.mcu.externaltools.gnu-tools-for-stm32.11.3.rel1.win32_1.1.100.202309141235/tools/bin/../lib/gcc/arm-none-eabi/11.3.1/../../../../arm-none-eabi/lib/thumb/v7e-m+dp/hard\libc_nano.a(libc_a-puts.o)
                0x000000000800b8cc                _puts_r
 .text.puts     0x000000000800b974       0x10 C:/ST/STM32CubeIDE_1.14.0/STM32CubeIDE/plugins/com.st.stm32cube.ide.mcu.externaltools.gnu-tools-for-stm32.11.3.rel1.win32_1.1.100.202309141235/tools/bin/../lib/gcc/arm-none-eabi/11.3.1/../../../../arm-none-eabi/lib/thumb/v7e-m+dp/hard\libc_nano.a(libc_a-puts.o)
                0x000000000800b974                puts
 .text.snprintf
                0x000000000800b984       0x68 C:/ST/STM32CubeIDE_1.14.0/STM32CubeIDE/plugins/com.st.stm32cube.ide.mcu.externaltools.gnu-tools-for-stm32.11.3.rel1.win32_1.1.100.202309141235/tools/bin/../lib/gcc/arm-none-eabi/11.3.1/../../../../arm-none-eabi/lib/thumb/v7e-m+dp/hard\libc_nano.a(libc_a-snprintf.o)
                0x000000000800b984                sniprintf
                0x000000000800b984                snprintf
 .text.sprintf  0x000000000800b9ec       0x40 C:/ST/STM32CubeIDE_1.14.0/STM32CubeIDE/plugins/com.st.stm32cube.ide.mcu.externaltools.gnu-tools-for-stm32.11.3.rel1.win32_1.1.100.202309141235/tools/bin/../lib/gcc/arm-none-eabi/11.3.1/../../../../arm-none-eabi/lib/thumb/v7e-m+dp/hard\libc_nano.a(libc_a-sprintf.o)
                0x000000000800b9ec                siprintf
                0x000000000800b9ec                sprintf
 .text.__sread  0x000000000800ba2c       0x22 C:/ST/STM32CubeIDE_1.14.0/STM32CubeIDE/plugins/com.st.stm32cube.ide.mcu.externaltools.gnu-tools-for-stm32.11.3.rel1.win32_1.1.100.202309141235/tools/bin/../lib/gcc/arm-none-eabi/11.3.1/../../../../arm-none-eabi/lib/thumb/v7e-m+dp/hard\libc_nano.a(libc_a-stdio.o)
                0x000000000800ba2c                __sread
 .text.__swrite
                0x000000000800ba4e       0x38 C:/ST/STM32CubeIDE_1.14.0/STM32CubeIDE/plugins/com.st.stm32cube.ide.mcu.externaltools.gnu-tools-for-stm32.11.3.rel1.win32_1.1.100.202309141235/tools/bin/../lib/gcc/arm-none-eabi/11.3.1/../../../../arm-none-eabi/lib/thumb/v7e-m+dp/hard\libc_nano.a(libc_a-stdio.o)
                0x000000000800ba4e                __swrite
 .text.__sseek  0x000000000800ba86       0x24 C:/ST/STM32CubeIDE_1.14.0/STM32CubeIDE/plugins/com.st.stm32cube.ide.mcu.externaltools.gnu-tools-for-stm32.11.3.rel1.win32_1.1.100.202309141235/tools/bin/../lib/gcc/arm-none-eabi/11.3.1/../../../../arm-none-eabi/lib/thumb/v7e-m+dp/hard\libc_nano.a(libc_a-stdio.o)
                0x000000000800ba86                __sseek
 .text.__sclose
                0x000000000800baaa        0x8 C:/ST/STM32CubeIDE_1.14.0/STM32CubeIDE/plugins/com.st.stm32cube.ide.mcu.externaltools.gnu-tools-for-stm32.11.3.rel1.win32_1.1.100.202309141235/tools/bin/../lib/gcc/arm-none-eabi/11.3.1/../../../../arm-none-eabi/lib/thumb/v7e-m+dp/hard\libc_nano.a(libc_a-stdio.o)
                0x000000000800baaa                __sclose
 .text.__swbuf_r
                0x000000000800bab2       0x7a C:/ST/STM32CubeIDE_1.14.0/STM32CubeIDE/plugins/com.st.stm32cube.ide.mcu.externaltools.gnu-tools-for-stm32.11.3.rel1.win32_1.1.100.202309141235/tools/bin/../lib/gcc/arm-none-eabi/11.3.1/../../../../arm-none-eabi/lib/thumb/v7e-m+dp/hard\libc_nano.a(libc_a-wbuf.o)
                0x000000000800bab2                __swbuf_r
 .text.__swsetup_r
                0x000000000800bb2c       0xb0 C:/ST/STM32CubeIDE_1.14.0/STM32CubeIDE/plugins/com.st.stm32cube.ide.mcu.externaltools.gnu-tools-for-stm32.11.3.rel1.win32_1.1.100.202309141235/tools/bin/../lib/gcc/arm-none-eabi/11.3.1/../../../../arm-none-eabi/lib/thumb/v7e-m+dp/hard\libc_nano.a(libc_a-wsetup.o)
                0x000000000800bb2c                __swsetup_r
 .text.memset   0x000000000800bbdc       0x10 C:/ST/STM32CubeIDE_1.14.0/STM32CubeIDE/plugins/com.st.stm32cube.ide.mcu.externaltools.gnu-tools-for-stm32.11.3.rel1.win32_1.1.100.202309141235/tools/bin/../lib/gcc/arm-none-eabi/11.3.1/../../../../arm-none-eabi/lib/thumb/v7e-m+dp/hard\libc_nano.a(libc_a-memset.o)
                0x000000000800bbdc                memset
 .text._localeconv_r
                0x000000000800bbec        0x8 C:/ST/STM32CubeIDE_1.14.0/STM32CubeIDE/plugins/com.st.stm32cube.ide.mcu.externaltools.gnu-tools-for-stm32.11.3.rel1.win32_1.1.100.202309141235/tools/bin/../lib/gcc/arm-none-eabi/11.3.1/../../../../arm-none-eabi/lib/thumb/v7e-m+dp/hard\libc_nano.a(libc_a-localeconv.o)
                0x000000000800bbec                _localeconv_r
 .text._close_r
                0x000000000800bbf4       0x20 C:/ST/STM32CubeIDE_1.14.0/STM32CubeIDE/plugins/com.st.stm32cube.ide.mcu.externaltools.gnu-tools-for-stm32.11.3.rel1.win32_1.1.100.202309141235/tools/bin/../lib/gcc/arm-none-eabi/11.3.1/../../../../arm-none-eabi/lib/thumb/v7e-m+dp/hard\libc_nano.a(libc_a-closer.o)
                0x000000000800bbf4                _close_r
 .text._lseek_r
                0x000000000800bc14       0x24 C:/ST/STM32CubeIDE_1.14.0/STM32CubeIDE/plugins/com.st.stm32cube.ide.mcu.externaltools.gnu-tools-for-stm32.11.3.rel1.win32_1.1.100.202309141235/tools/bin/../lib/gcc/arm-none-eabi/11.3.1/../../../../arm-none-eabi/lib/thumb/v7e-m+dp/hard\libc_nano.a(libc_a-lseekr.o)
                0x000000000800bc14                _lseek_r
 .text._read_r  0x000000000800bc38       0x24 C:/ST/STM32CubeIDE_1.14.0/STM32CubeIDE/plugins/com.st.stm32cube.ide.mcu.externaltools.gnu-tools-for-stm32.11.3.rel1.win32_1.1.100.202309141235/tools/bin/../lib/gcc/arm-none-eabi/11.3.1/../../../../arm-none-eabi/lib/thumb/v7e-m+dp/hard\libc_nano.a(libc_a-readr.o)
                0x000000000800bc38                _read_r
 .text._sbrk_r  0x000000000800bc5c       0x20 C:/ST/STM32CubeIDE_1.14.0/STM32CubeIDE/plugins/com.st.stm32cube.ide.mcu.externaltools.gnu-tools-for-stm32.11.3.rel1.win32_1.1.100.202309141235/tools/bin/../lib/gcc/arm-none-eabi/11.3.1/../../../../arm-none-eabi/lib/thumb/v7e-m+dp/hard\libc_nano.a(libc_a-sbrkr.o)
                0x000000000800bc5c                _sbrk_r
 .text._write_r
                0x000000000800bc7c       0x24 C:/ST/STM32CubeIDE_1.14.0/STM32CubeIDE/plugins/com.st.stm32cube.ide.mcu.externaltools.gnu-tools-for-stm32.11.3.rel1.win32_1.1.100.202309141235/tools/bin/../lib/gcc/arm-none-eabi/11.3.1/../../../../arm-none-eabi/lib/thumb/v7e-m+dp/hard\libc_nano.a(libc_a-writer.o)
                0x000000000800bc7c                _write_r
 .text.__errno  0x000000000800bca0        0xc C:/ST/STM32CubeIDE_1.14.0/STM32CubeIDE/plugins/com.st.stm32cube.ide.mcu.externaltools.gnu-tools-for-stm32.11.3.rel1.win32_1.1.100.202309141235/tools/bin/../lib/gcc/arm-none-eabi/11.3.1/../../../../arm-none-eabi/lib/thumb/v7e-m+dp/hard\libc_nano.a(libc_a-errno.o)
                0x000000000800bca0                __errno
 .text.__libc_init_array
                0x000000000800bcac       0x48 C:/ST/STM32CubeIDE_1.14.0/STM32CubeIDE/plugins/com.st.stm32cube.ide.mcu.externaltools.gnu-tools-for-stm32.11.3.rel1.win32_1.1.100.202309141235/tools/bin/../lib/gcc/arm-none-eabi/11.3.1/../../../../arm-none-eabi/lib/thumb/v7e-m+dp/hard\libc_nano.a(libc_a-init.o)
                0x000000000800bcac                __libc_init_array
 .text.__retarget_lock_init_recursive
                0x000000000800bcf4        0x2 C:/ST/STM32CubeIDE_1.14.0/STM32CubeIDE/plugins/com.st.stm32cube.ide.mcu.externaltools.gnu-tools-for-stm32.11.3.rel1.win32_1.1.100.202309141235/tools/bin/../lib/gcc/arm-none-eabi/11.3.1/../../../../arm-none-eabi/lib/thumb/v7e-m+dp/hard\libc_nano.a(libc_a-lock.o)
                0x000000000800bcf4                __retarget_lock_init_recursive
 .text.__retarget_lock_acquire_recursive
                0x000000000800bcf6        0x2 C:/ST/STM32CubeIDE_1.14.0/STM32CubeIDE/plugins/com.st.stm32cube.ide.mcu.externaltools.gnu-tools-for-stm32.11.3.rel1.win32_1.1.100.202309141235/tools/bin/../lib/gcc/arm-none-eabi/11.3.1/../../../../arm-none-eabi/lib/thumb/v7e-m+dp/hard\libc_nano.a(libc_a-lock.o)
                0x000000000800bcf6                __retarget_lock_acquire_recursive
 .text.__retarget_lock_release_recursive
                0x000000000800bcf8        0x2 C:/ST/STM32CubeIDE_1.14.0/STM32CubeIDE/plugins/com.st.stm32cube.ide.mcu.externaltools.gnu-tools-for-stm32.11.3.rel1.win32_1.1.100.202309141235/tools/bin/../lib/gcc/arm-none-eabi/11.3.1/../../../../arm-none-eabi/lib/thumb/v7e-m+dp/hard\libc_nano.a(libc_a-lock.o)
                0x000000000800bcf8                __retarget_lock_release_recursive
 .text.memcpy   0x000000000800bcfa       0x1c C:/ST/STM32CubeIDE_1.14.0/STM32CubeIDE/plugins/com.st.stm32cube.ide.mcu.externaltools.gnu-tools-for-stm32.11.3.rel1.win32_1.1.100.202309141235/tools/bin/../lib/gcc/arm-none-eabi/11.3.1/../../../../arm-none-eabi/lib/thumb/v7e-m+dp/hard\libc_nano.a(libc_a-memcpy-stub.o)
                0x000000000800bcfa                memcpy
 .text.quorem   0x000000000800bd16      0x110 C:/ST/STM32CubeIDE_1.14.0/STM32CubeIDE/plugins/com.st.stm32cube.ide.mcu.externaltools.gnu-tools-for-stm32.11.3.rel1.win32_1.1.100.202309141235/tools/bin/../lib/gcc/arm-none-eabi/11.3.1/../../../../arm-none-eabi/lib/thumb/v7e-m+dp/hard\libc_nano.a(libc_a-dtoa.o)
 *fill*         0x000000000800be26        0x2 
 .text._dtoa_r  0x000000000800be28      0xad8 C:/ST/STM32CubeIDE_1.14.0/STM32CubeIDE/plugins/com.st.stm32cube.ide.mcu.externaltools.gnu-tools-for-stm32.11.3.rel1.win32_1.1.100.202309141235/tools/bin/../lib/gcc/arm-none-eabi/11.3.1/../../../../arm-none-eabi/lib/thumb/v7e-m+dp/hard\libc_nano.a(libc_a-dtoa.o)
                0x000000000800be28                _dtoa_r
 .text._free_r  0x000000000800c900       0x98 C:/ST/STM32CubeIDE_1.14.0/STM32CubeIDE/plugins/com.st.stm32cube.ide.mcu.externaltools.gnu-tools-for-stm32.11.3.rel1.win32_1.1.100.202309141235/tools/bin/../lib/gcc/arm-none-eabi/11.3.1/../../../../arm-none-eabi/lib/thumb/v7e-m+dp/hard\libc_nano.a(libc_a-freer.o)
                0x000000000800c900                _free_r
 .text._Balloc  0x000000000800c998       0x80 C:/ST/STM32CubeIDE_1.14.0/STM32CubeIDE/plugins/com.st.stm32cube.ide.mcu.externaltools.gnu-tools-for-stm32.11.3.rel1.win32_1.1.100.202309141235/tools/bin/../lib/gcc/arm-none-eabi/11.3.1/../../../../arm-none-eabi/lib/thumb/v7e-m+dp/hard\libc_nano.a(libc_a-mprec.o)
                0x000000000800c998                _Balloc
 .text._Bfree   0x000000000800ca18       0x44 C:/ST/STM32CubeIDE_1.14.0/STM32CubeIDE/plugins/com.st.stm32cube.ide.mcu.externaltools.gnu-tools-for-stm32.11.3.rel1.win32_1.1.100.202309141235/tools/bin/../lib/gcc/arm-none-eabi/11.3.1/../../../../arm-none-eabi/lib/thumb/v7e-m+dp/hard\libc_nano.a(libc_a-mprec.o)
                0x000000000800ca18                _Bfree
 .text.__multadd
                0x000000000800ca5c       0x8c C:/ST/STM32CubeIDE_1.14.0/STM32CubeIDE/plugins/com.st.stm32cube.ide.mcu.externaltools.gnu-tools-for-stm32.11.3.rel1.win32_1.1.100.202309141235/tools/bin/../lib/gcc/arm-none-eabi/11.3.1/../../../../arm-none-eabi/lib/thumb/v7e-m+dp/hard\libc_nano.a(libc_a-mprec.o)
                0x000000000800ca5c                __multadd
 .text.__hi0bits
                0x000000000800cae8       0x40 C:/ST/STM32CubeIDE_1.14.0/STM32CubeIDE/plugins/com.st.stm32cube.ide.mcu.externaltools.gnu-tools-for-stm32.11.3.rel1.win32_1.1.100.202309141235/tools/bin/../lib/gcc/arm-none-eabi/11.3.1/../../../../arm-none-eabi/lib/thumb/v7e-m+dp/hard\libc_nano.a(libc_a-mprec.o)
                0x000000000800cae8                __hi0bits
 .text.__lo0bits
                0x000000000800cb28       0x5a C:/ST/STM32CubeIDE_1.14.0/STM32CubeIDE/plugins/com.st.stm32cube.ide.mcu.externaltools.gnu-tools-for-stm32.11.3.rel1.win32_1.1.100.202309141235/tools/bin/../lib/gcc/arm-none-eabi/11.3.1/../../../../arm-none-eabi/lib/thumb/v7e-m+dp/hard\libc_nano.a(libc_a-mprec.o)
                0x000000000800cb28                __lo0bits
 *fill*         0x000000000800cb82        0x2 
 .text.__i2b    0x000000000800cb84       0x2c C:/ST/STM32CubeIDE_1.14.0/STM32CubeIDE/plugins/com.st.stm32cube.ide.mcu.externaltools.gnu-tools-for-stm32.11.3.rel1.win32_1.1.100.202309141235/tools/bin/../lib/gcc/arm-none-eabi/11.3.1/../../../../arm-none-eabi/lib/thumb/v7e-m+dp/hard\libc_nano.a(libc_a-mprec.o)
                0x000000000800cb84                __i2b
 .text.__multiply
                0x000000000800cbb0      0x154 C:/ST/STM32CubeIDE_1.14.0/STM32CubeIDE/plugins/com.st.stm32cube.ide.mcu.externaltools.gnu-tools-for-stm32.11.3.rel1.win32_1.1.100.202309141235/tools/bin/../lib/gcc/arm-none-eabi/11.3.1/../../../../arm-none-eabi/lib/thumb/v7e-m+dp/hard\libc_nano.a(libc_a-mprec.o)
                0x000000000800cbb0                __multiply
 .text.__pow5mult
                0x000000000800cd04       0xb4 C:/ST/STM32CubeIDE_1.14.0/STM32CubeIDE/plugins/com.st.stm32cube.ide.mcu.externaltools.gnu-tools-for-stm32.11.3.rel1.win32_1.1.100.202309141235/tools/bin/../lib/gcc/arm-none-eabi/11.3.1/../../../../arm-none-eabi/lib/thumb/v7e-m+dp/hard\libc_nano.a(libc_a-mprec.o)
                0x000000000800cd04                __pow5mult
 .text.__lshift
                0x000000000800cdb8       0xd8 C:/ST/STM32CubeIDE_1.14.0/STM32CubeIDE/plugins/com.st.stm32cube.ide.mcu.externaltools.gnu-tools-for-stm32.11.3.rel1.win32_1.1.100.202309141235/tools/bin/../lib/gcc/arm-none-eabi/11.3.1/../../../../arm-none-eabi/lib/thumb/v7e-m+dp/hard\libc_nano.a(libc_a-mprec.o)
                0x000000000800cdb8                __lshift
 .text.__mcmp   0x000000000800ce90       0x38 C:/ST/STM32CubeIDE_1.14.0/STM32CubeIDE/plugins/com.st.stm32cube.ide.mcu.externaltools.gnu-tools-for-stm32.11.3.rel1.win32_1.1.100.202309141235/tools/bin/../lib/gcc/arm-none-eabi/11.3.1/../../../../arm-none-eabi/lib/thumb/v7e-m+dp/hard\libc_nano.a(libc_a-mprec.o)
                0x000000000800ce90                __mcmp
 .text.__mdiff  0x000000000800cec8      0x114 C:/ST/STM32CubeIDE_1.14.0/STM32CubeIDE/plugins/com.st.stm32cube.ide.mcu.externaltools.gnu-tools-for-stm32.11.3.rel1.win32_1.1.100.202309141235/tools/bin/../lib/gcc/arm-none-eabi/11.3.1/../../../../arm-none-eabi/lib/thumb/v7e-m+dp/hard\libc_nano.a(libc_a-mprec.o)
                0x000000000800cec8                __mdiff
 .text.__d2b    0x000000000800cfdc       0xb4 C:/ST/STM32CubeIDE_1.14.0/STM32CubeIDE/plugins/com.st.stm32cube.ide.mcu.externaltools.gnu-tools-for-stm32.11.3.rel1.win32_1.1.100.202309141235/tools/bin/../lib/gcc/arm-none-eabi/11.3.1/../../../../arm-none-eabi/lib/thumb/v7e-m+dp/hard\libc_nano.a(libc_a-mprec.o)
                0x000000000800cfdc                __d2b
 .text._malloc_usable_size_r
                0x000000000800d090       0x10 C:/ST/STM32CubeIDE_1.14.0/STM32CubeIDE/plugins/com.st.stm32cube.ide.mcu.externaltools.gnu-tools-for-stm32.11.3.rel1.win32_1.1.100.202309141235/tools/bin/../lib/gcc/arm-none-eabi/11.3.1/../../../../arm-none-eabi/lib/thumb/v7e-m+dp/hard\libc_nano.a(libc_a-msizer.o)
                0x000000000800d090                _malloc_usable_size_r
 .text.__ssputs_r
                0x000000000800d0a0       0xb4 C:/ST/STM32CubeIDE_1.14.0/STM32CubeIDE/plugins/com.st.stm32cube.ide.mcu.externaltools.gnu-tools-for-stm32.11.3.rel1.win32_1.1.100.202309141235/tools/bin/../lib/gcc/arm-none-eabi/11.3.1/../../../../arm-none-eabi/lib/thumb/v7e-m+dp/hard\libc_nano.a(libc_a-nano-svfprintf.o)
                0x000000000800d0a0                __ssputs_r
 .text._svfprintf_r
                0x000000000800d154      0x1fc C:/ST/STM32CubeIDE_1.14.0/STM32CubeIDE/plugins/com.st.stm32cube.ide.mcu.externaltools.gnu-tools-for-stm32.11.3.rel1.win32_1.1.100.202309141235/tools/bin/../lib/gcc/arm-none-eabi/11.3.1/../../../../arm-none-eabi/lib/thumb/v7e-m+dp/hard\libc_nano.a(libc_a-nano-svfprintf.o)
                0x000000000800d154                _svfiprintf_r
                0x000000000800d154                _svfprintf_r
 .text.__sfputc_r
                0x000000000800d350       0x2e C:/ST/STM32CubeIDE_1.14.0/STM32CubeIDE/plugins/com.st.stm32cube.ide.mcu.externaltools.gnu-tools-for-stm32.11.3.rel1.win32_1.1.100.202309141235/tools/bin/../lib/gcc/arm-none-eabi/11.3.1/../../../../arm-none-eabi/lib/thumb/v7e-m+dp/hard\libc_nano.a(libc_a-nano-vfprintf.o)
 .text.__sfputs_r
                0x000000000800d37e       0x24 C:/ST/STM32CubeIDE_1.14.0/STM32CubeIDE/plugins/com.st.stm32cube.ide.mcu.externaltools.gnu-tools-for-stm32.11.3.rel1.win32_1.1.100.202309141235/tools/bin/../lib/gcc/arm-none-eabi/11.3.1/../../../../arm-none-eabi/lib/thumb/v7e-m+dp/hard\libc_nano.a(libc_a-nano-vfprintf.o)
                0x000000000800d37e                __sfputs_r
 *fill*         0x000000000800d3a2        0x2 
 .text._vfprintf_r
                0x000000000800d3a4      0x234 C:/ST/STM32CubeIDE_1.14.0/STM32CubeIDE/plugins/com.st.stm32cube.ide.mcu.externaltools.gnu-tools-for-stm32.11.3.rel1.win32_1.1.100.202309141235/tools/bin/../lib/gcc/arm-none-eabi/11.3.1/../../../../arm-none-eabi/lib/thumb/v7e-m+dp/hard\libc_nano.a(libc_a-nano-vfprintf.o)
                0x000000000800d3a4                _vfprintf_r
                0x000000000800d3a4                _vfiprintf_r
 .text.__sflush_r
                0x000000000800d5d8      0x10c C:/ST/STM32CubeIDE_1.14.0/STM32CubeIDE/plugins/com.st.stm32cube.ide.mcu.externaltools.gnu-tools-for-stm32.11.3.rel1.win32_1.1.100.202309141235/tools/bin/../lib/gcc/arm-none-eabi/11.3.1/../../../../arm-none-eabi/lib/thumb/v7e-m+dp/hard\libc_nano.a(libc_a-fflush.o)
                0x000000000800d5d8                __sflush_r
 .text._fflush_r
                0x000000000800d6e4       0x50 C:/ST/STM32CubeIDE_1.14.0/STM32CubeIDE/plugins/com.st.stm32cube.ide.mcu.externaltools.gnu-tools-for-stm32.11.3.rel1.win32_1.1.100.202309141235/tools/bin/../lib/gcc/arm-none-eabi/11.3.1/../../../../arm-none-eabi/lib/thumb/v7e-m+dp/hard\libc_nano.a(libc_a-fflush.o)
                0x000000000800d6e4                _fflush_r
 .text.__swhatbuf_r
                0x000000000800d734       0x4c C:/ST/STM32CubeIDE_1.14.0/STM32CubeIDE/plugins/com.st.stm32cube.ide.mcu.externaltools.gnu-tools-for-stm32.11.3.rel1.win32_1.1.100.202309141235/tools/bin/../lib/gcc/arm-none-eabi/11.3.1/../../../../arm-none-eabi/lib/thumb/v7e-m+dp/hard\libc_nano.a(libc_a-makebuf.o)
                0x000000000800d734                __swhatbuf_r
 .text.__smakebuf_r
                0x000000000800d780       0x78 C:/ST/STM32CubeIDE_1.14.0/STM32CubeIDE/plugins/com.st.stm32cube.ide.mcu.externaltools.gnu-tools-for-stm32.11.3.rel1.win32_1.1.100.202309141235/tools/bin/../lib/gcc/arm-none-eabi/11.3.1/../../../../arm-none-eabi/lib/thumb/v7e-m+dp/hard\libc_nano.a(libc_a-makebuf.o)
                0x000000000800d780                __smakebuf_r
 .text.memmove  0x000000000800d7f8       0x34 C:/ST/STM32CubeIDE_1.14.0/STM32CubeIDE/plugins/com.st.stm32cube.ide.mcu.externaltools.gnu-tools-for-stm32.11.3.rel1.win32_1.1.100.202309141235/tools/bin/../lib/gcc/arm-none-eabi/11.3.1/../../../../arm-none-eabi/lib/thumb/v7e-m+dp/hard\libc_nano.a(libc_a-memmove.o)
                0x000000000800d7f8                memmove
 .text._fstat_r
                0x000000000800d82c       0x24 C:/ST/STM32CubeIDE_1.14.0/STM32CubeIDE/plugins/com.st.stm32cube.ide.mcu.externaltools.gnu-tools-for-stm32.11.3.rel1.win32_1.1.100.202309141235/tools/bin/../lib/gcc/arm-none-eabi/11.3.1/../../../../arm-none-eabi/lib/thumb/v7e-m+dp/hard\libc_nano.a(libc_a-fstatr.o)
                0x000000000800d82c                _fstat_r
 .text._isatty_r
                0x000000000800d850       0x20 C:/ST/STM32CubeIDE_1.14.0/STM32CubeIDE/plugins/com.st.stm32cube.ide.mcu.externaltools.gnu-tools-for-stm32.11.3.rel1.win32_1.1.100.202309141235/tools/bin/../lib/gcc/arm-none-eabi/11.3.1/../../../../arm-none-eabi/lib/thumb/v7e-m+dp/hard\libc_nano.a(libc_a-isattyr.o)
                0x000000000800d850                _isatty_r
 .text.__assert_func
                0x000000000800d870       0x3c C:/ST/STM32CubeIDE_1.14.0/STM32CubeIDE/plugins/com.st.stm32cube.ide.mcu.externaltools.gnu-tools-for-stm32.11.3.rel1.win32_1.1.100.202309141235/tools/bin/../lib/gcc/arm-none-eabi/11.3.1/../../../../arm-none-eabi/lib/thumb/v7e-m+dp/hard\libc_nano.a(libc_a-assert.o)
                0x000000000800d870                __assert_func
 .text._calloc_r
                0x000000000800d8ac       0x2c C:/ST/STM32CubeIDE_1.14.0/STM32CubeIDE/plugins/com.st.stm32cube.ide.mcu.externaltools.gnu-tools-for-stm32.11.3.rel1.win32_1.1.100.202309141235/tools/bin/../lib/gcc/arm-none-eabi/11.3.1/../../../../arm-none-eabi/lib/thumb/v7e-m+dp/hard\libc_nano.a(libc_a-callocr.o)
                0x000000000800d8ac                _calloc_r
 .text.__ascii_mbtowc
                0x000000000800d8d8       0x24 C:/ST/STM32CubeIDE_1.14.0/STM32CubeIDE/plugins/com.st.stm32cube.ide.mcu.externaltools.gnu-tools-for-stm32.11.3.rel1.win32_1.1.100.202309141235/tools/bin/../lib/gcc/arm-none-eabi/11.3.1/../../../../arm-none-eabi/lib/thumb/v7e-m+dp/hard\libc_nano.a(libc_a-mbtowc_r.o)
                0x000000000800d8d8                __ascii_mbtowc
 .text.__ascii_wctomb
                0x000000000800d8fc       0x1a C:/ST/STM32CubeIDE_1.14.0/STM32CubeIDE/plugins/com.st.stm32cube.ide.mcu.externaltools.gnu-tools-for-stm32.11.3.rel1.win32_1.1.100.202309141235/tools/bin/../lib/gcc/arm-none-eabi/11.3.1/../../../../arm-none-eabi/lib/thumb/v7e-m+dp/hard\libc_nano.a(libc_a-wctomb_r.o)
                0x000000000800d8fc                __ascii_wctomb
 *fill*         0x000000000800d916        0x2 
 .text.fprintf  0x000000000800d918       0x24 C:/ST/STM32CubeIDE_1.14.0/STM32CubeIDE/plugins/com.st.stm32cube.ide.mcu.externaltools.gnu-tools-for-stm32.11.3.rel1.win32_1.1.100.202309141235/tools/bin/../lib/gcc/arm-none-eabi/11.3.1/../../../../arm-none-eabi/lib/thumb/v7e-m+dp/hard\libc_nano.a(libc_a-fprintf.o)
                0x000000000800d918                fiprintf
                0x000000000800d918                fprintf
 .text.abort    0x000000000800d93c        0xe C:/ST/STM32CubeIDE_1.14.0/STM32CubeIDE/plugins/com.st.stm32cube.ide.mcu.externaltools.gnu-tools-for-stm32.11.3.rel1.win32_1.1.100.202309141235/tools/bin/../lib/gcc/arm-none-eabi/11.3.1/../../../../arm-none-eabi/lib/thumb/v7e-m+dp/hard\libc_nano.a(libc_a-abort.o)
                0x000000000800d93c                abort
 .text._raise_r
                0x000000000800d94a       0x50 C:/ST/STM32CubeIDE_1.14.0/STM32CubeIDE/plugins/com.st.stm32cube.ide.mcu.externaltools.gnu-tools-for-stm32.11.3.rel1.win32_1.1.100.202309141235/tools/bin/../lib/gcc/arm-none-eabi/11.3.1/../../../../arm-none-eabi/lib/thumb/v7e-m+dp/hard\libc_nano.a(libc_a-signal.o)
                0x000000000800d94a                _raise_r
 *fill*         0x000000000800d99a        0x2 
 .text.raise    0x000000000800d99c       0x10 C:/ST/STM32CubeIDE_1.14.0/STM32CubeIDE/plugins/com.st.stm32cube.ide.mcu.externaltools.gnu-tools-for-stm32.11.3.rel1.win32_1.1.100.202309141235/tools/bin/../lib/gcc/arm-none-eabi/11.3.1/../../../../arm-none-eabi/lib/thumb/v7e-m+dp/hard\libc_nano.a(libc_a-signal.o)
                0x000000000800d99c                raise
 .text._kill_r  0x000000000800d9ac       0x24 C:/ST/STM32CubeIDE_1.14.0/STM32CubeIDE/plugins/com.st.stm32cube.ide.mcu.externaltools.gnu-tools-for-stm32.11.3.rel1.win32_1.1.100.202309141235/tools/bin/../lib/gcc/arm-none-eabi/11.3.1/../../../../arm-none-eabi/lib/thumb/v7e-m+dp/hard\libc_nano.a(libc_a-signalr.o)
                0x000000000800d9ac                _kill_r
 .text._getpid_r
                0x000000000800d9d0        0x4 C:/ST/STM32CubeIDE_1.14.0/STM32CubeIDE/plugins/com.st.stm32cube.ide.mcu.externaltools.gnu-tools-for-stm32.11.3.rel1.win32_1.1.100.202309141235/tools/bin/../lib/gcc/arm-none-eabi/11.3.1/../../../../arm-none-eabi/lib/thumb/v7e-m+dp/hard\libc_nano.a(libc_a-signalr.o)
                0x000000000800d9d0                _getpid_r
 *fill*         0x000000000800d9d4        0x4 
 .text.sqrt     0x000000000800d9d8       0x40 C:/ST/STM32CubeIDE_1.14.0/STM32CubeIDE/plugins/com.st.stm32cube.ide.mcu.externaltools.gnu-tools-for-stm32.11.3.rel1.win32_1.1.100.202309141235/tools/bin/../lib/gcc/arm-none-eabi/11.3.1/../../../../arm-none-eabi/lib/thumb/v7e-m+dp/hard\libm.a(libm_a-w_sqrt.o)
                0x000000000800d9d8                sqrt
 .text.with_errno
                0x000000000800da18       0x16 C:/ST/STM32CubeIDE_1.14.0/STM32CubeIDE/plugins/com.st.stm32cube.ide.mcu.externaltools.gnu-tools-for-stm32.11.3.rel1.win32_1.1.100.202309141235/tools/bin/../lib/gcc/arm-none-eabi/11.3.1/../../../../arm-none-eabi/lib/thumb/v7e-m+dp/hard\libm.a(libm_a-math_err.o)
 .text.xflow    0x000000000800da2e       0x22 C:/ST/STM32CubeIDE_1.14.0/STM32CubeIDE/plugins/com.st.stm32cube.ide.mcu.externaltools.gnu-tools-for-stm32.11.3.rel1.win32_1.1.100.202309141235/tools/bin/../lib/gcc/arm-none-eabi/11.3.1/../../../../arm-none-eabi/lib/thumb/v7e-m+dp/hard\libm.a(libm_a-math_err.o)
 .text.__math_uflow
                0x000000000800da50       0x10 C:/ST/STM32CubeIDE_1.14.0/STM32CubeIDE/plugins/com.st.stm32cube.ide.mcu.externaltools.gnu-tools-for-stm32.11.3.rel1.win32_1.1.100.202309141235/tools/bin/../lib/gcc/arm-none-eabi/11.3.1/../../../../arm-none-eabi/lib/thumb/v7e-m+dp/hard\libm.a(libm_a-math_err.o)
                0x000000000800da50                __math_uflow
 .text.__math_oflow
                0x000000000800da60       0x10 C:/ST/STM32CubeIDE_1.14.0/STM32CubeIDE/plugins/com.st.stm32cube.ide.mcu.externaltools.gnu-tools-for-stm32.11.3.rel1.win32_1.1.100.202309141235/tools/bin/../lib/gcc/arm-none-eabi/11.3.1/../../../../arm-none-eabi/lib/thumb/v7e-m+dp/hard\libm.a(libm_a-math_err.o)
                0x000000000800da60                __math_oflow
 .text.__math_divzero
                0x000000000800da70       0x30 C:/ST/STM32CubeIDE_1.14.0/STM32CubeIDE/plugins/com.st.stm32cube.ide.mcu.externaltools.gnu-tools-for-stm32.11.3.rel1.win32_1.1.100.202309141235/tools/bin/../lib/gcc/arm-none-eabi/11.3.1/../../../../arm-none-eabi/lib/thumb/v7e-m+dp/hard\libm.a(libm_a-math_err.o)
                0x000000000800da70                __math_divzero
 .text.__math_invalid
                0x000000000800daa0       0x1e C:/ST/STM32CubeIDE_1.14.0/STM32CubeIDE/plugins/com.st.stm32cube.ide.mcu.externaltools.gnu-tools-for-stm32.11.3.rel1.win32_1.1.100.202309141235/tools/bin/../lib/gcc/arm-none-eabi/11.3.1/../../../../arm-none-eabi/lib/thumb/v7e-m+dp/hard\libm.a(libm_a-math_err.o)
                0x000000000800daa0                __math_invalid
 .text.__math_check_uflow
                0x000000000800dabe       0x12 C:/ST/STM32CubeIDE_1.14.0/STM32CubeIDE/plugins/com.st.stm32cube.ide.mcu.externaltools.gnu-tools-for-stm32.11.3.rel1.win32_1.1.100.202309141235/tools/bin/../lib/gcc/arm-none-eabi/11.3.1/../../../../arm-none-eabi/lib/thumb/v7e-m+dp/hard\libm.a(libm_a-math_err.o)
                0x000000000800dabe                __math_check_uflow
 .text.__math_check_oflow
                0x000000000800dad0       0x28 C:/ST/STM32CubeIDE_1.14.0/STM32CubeIDE/plugins/com.st.stm32cube.ide.mcu.externaltools.gnu-tools-for-stm32.11.3.rel1.win32_1.1.100.202309141235/tools/bin/../lib/gcc/arm-none-eabi/11.3.1/../../../../arm-none-eabi/lib/thumb/v7e-m+dp/hard\libm.a(libm_a-math_err.o)
                0x000000000800dad0                __math_check_oflow
 .text.checkint
                0x000000000800daf8       0x68 C:/ST/STM32CubeIDE_1.14.0/STM32CubeIDE/plugins/com.st.stm32cube.ide.mcu.externaltools.gnu-tools-for-stm32.11.3.rel1.win32_1.1.100.202309141235/tools/bin/../lib/gcc/arm-none-eabi/11.3.1/../../../../arm-none-eabi/lib/thumb/v7e-m+dp/hard\libm.a(libm_a-pow.o)
 .text.pow      0x000000000800db60      0x4a0 C:/ST/STM32CubeIDE_1.14.0/STM32CubeIDE/plugins/com.st.stm32cube.ide.mcu.externaltools.gnu-tools-for-stm32.11.3.rel1.win32_1.1.100.202309141235/tools/bin/../lib/gcc/arm-none-eabi/11.3.1/../../../../arm-none-eabi/lib/thumb/v7e-m+dp/hard\libm.a(libm_a-pow.o)
                0x000000000800db60                pow
 .text.expf     0x000000000800e000       0xe8 C:/ST/STM32CubeIDE_1.14.0/STM32CubeIDE/plugins/com.st.stm32cube.ide.mcu.externaltools.gnu-tools-for-stm32.11.3.rel1.win32_1.1.100.202309141235/tools/bin/../lib/gcc/arm-none-eabi/11.3.1/../../../../arm-none-eabi/lib/thumb/v7e-m+dp/hard\libm.a(libm_a-sf_exp.o)
                0x000000000800e000                expf
 .text.with_errnof
                0x000000000800e0e8       0x16 C:/ST/STM32CubeIDE_1.14.0/STM32CubeIDE/plugins/com.st.stm32cube.ide.mcu.externaltools.gnu-tools-for-stm32.11.3.rel1.win32_1.1.100.202309141235/tools/bin/../lib/gcc/arm-none-eabi/11.3.1/../../../../arm-none-eabi/lib/thumb/v7e-m+dp/hard\libm.a(libm_a-math_errf.o)
 .text.xflowf   0x000000000800e0fe       0x16 C:/ST/STM32CubeIDE_1.14.0/STM32CubeIDE/plugins/com.st.stm32cube.ide.mcu.externaltools.gnu-tools-for-stm32.11.3.rel1.win32_1.1.100.202309141235/tools/bin/../lib/gcc/arm-none-eabi/11.3.1/../../../../arm-none-eabi/lib/thumb/v7e-m+dp/hard\libm.a(libm_a-math_errf.o)
 .text.__math_uflowf
                0x000000000800e114        0xc C:/ST/STM32CubeIDE_1.14.0/STM32CubeIDE/plugins/com.st.stm32cube.ide.mcu.externaltools.gnu-tools-for-stm32.11.3.rel1.win32_1.1.100.202309141235/tools/bin/../lib/gcc/arm-none-eabi/11.3.1/../../../../arm-none-eabi/lib/thumb/v7e-m+dp/hard\libm.a(libm_a-math_errf.o)
                0x000000000800e114                __math_uflowf
 .text.__math_may_uflowf
                0x000000000800e120        0xc C:/ST/STM32CubeIDE_1.14.0/STM32CubeIDE/plugins/com.st.stm32cube.ide.mcu.externaltools.gnu-tools-for-stm32.11.3.rel1.win32_1.1.100.202309141235/tools/bin/../lib/gcc/arm-none-eabi/11.3.1/../../../../arm-none-eabi/lib/thumb/v7e-m+dp/hard\libm.a(libm_a-math_errf.o)
                0x000000000800e120                __math_may_uflowf
 .text.__math_oflowf
                0x000000000800e12c        0xc C:/ST/STM32CubeIDE_1.14.0/STM32CubeIDE/plugins/com.st.stm32cube.ide.mcu.externaltools.gnu-tools-for-stm32.11.3.rel1.win32_1.1.100.202309141235/tools/bin/../lib/gcc/arm-none-eabi/11.3.1/../../../../arm-none-eabi/lib/thumb/v7e-m+dp/hard\libm.a(libm_a-math_errf.o)
                0x000000000800e12c                __math_oflowf
 .text.__ieee754_sqrt
                0x000000000800e138        0x6 C:/ST/STM32CubeIDE_1.14.0/STM32CubeIDE/plugins/com.st.stm32cube.ide.mcu.externaltools.gnu-tools-for-stm32.11.3.rel1.win32_1.1.100.202309141235/tools/bin/../lib/gcc/arm-none-eabi/11.3.1/../../../../arm-none-eabi/lib/thumb/v7e-m+dp/hard\libm.a(libm_a-e_sqrt.o)
                0x000000000800e138                __ieee754_sqrt
 *fill*         0x000000000800e13e        0x2 
 .text._close   0x000000000800e140       0x10 C:/ST/STM32CubeIDE_1.14.0/STM32CubeIDE/plugins/com.st.stm32cube.ide.mcu.externaltools.gnu-tools-for-stm32.11.3.rel1.win32_1.1.100.202309141235/tools/bin/../lib/gcc/arm-none-eabi/11.3.1/../../../../arm-none-eabi/lib/thumb/v7e-m+dp/hard\libnosys.a(close.o)
                0x000000000800e140                _close
 .text._fstat   0x000000000800e150       0x10 C:/ST/STM32CubeIDE_1.14.0/STM32CubeIDE/plugins/com.st.stm32cube.ide.mcu.externaltools.gnu-tools-for-stm32.11.3.rel1.win32_1.1.100.202309141235/tools/bin/../lib/gcc/arm-none-eabi/11.3.1/../../../../arm-none-eabi/lib/thumb/v7e-m+dp/hard\libnosys.a(fstat.o)
                0x000000000800e150                _fstat
 .text._getpid  0x000000000800e160       0x10 C:/ST/STM32CubeIDE_1.14.0/STM32CubeIDE/plugins/com.st.stm32cube.ide.mcu.externaltools.gnu-tools-for-stm32.11.3.rel1.win32_1.1.100.202309141235/tools/bin/../lib/gcc/arm-none-eabi/11.3.1/../../../../arm-none-eabi/lib/thumb/v7e-m+dp/hard\libnosys.a(getpid.o)
                0x000000000800e160                _getpid
 .text._isatty  0x000000000800e170       0x10 C:/ST/STM32CubeIDE_1.14.0/STM32CubeIDE/plugins/com.st.stm32cube.ide.mcu.externaltools.gnu-tools-for-stm32.11.3.rel1.win32_1.1.100.202309141235/tools/bin/../lib/gcc/arm-none-eabi/11.3.1/../../../../arm-none-eabi/lib/thumb/v7e-m+dp/hard\libnosys.a(isatty.o)
                0x000000000800e170                _isatty
 .text._kill    0x000000000800e180       0x10 C:/ST/STM32CubeIDE_1.14.0/STM32CubeIDE/plugins/com.st.stm32cube.ide.mcu.externaltools.gnu-tools-for-stm32.11.3.rel1.win32_1.1.100.202309141235/tools/bin/../lib/gcc/arm-none-eabi/11.3.1/../../../../arm-none-eabi/lib/thumb/v7e-m+dp/hard\libnosys.a(kill.o)
                0x000000000800e180                _kill
 .text._lseek   0x000000000800e190       0x10 C:/ST/STM32CubeIDE_1.14.0/STM32CubeIDE/plugins/com.st.stm32cube.ide.mcu.externaltools.gnu-tools-for-stm32.11.3.rel1.win32_1.1.100.202309141235/tools/bin/../lib/gcc/arm-none-eabi/11.3.1/../../../../arm-none-eabi/lib/thumb/v7e-m+dp/hard\libnosys.a(lseek.o)
                0x000000000800e190                _lseek
 .text._read    0x000000000800e1a0       0x10 C:/ST/STM32CubeIDE_1.14.0/STM32CubeIDE/plugins/com.st.stm32cube.ide.mcu.externaltools.gnu-tools-for-stm32.11.3.rel1.win32_1.1.100.202309141235/tools/bin/../lib/gcc/arm-none-eabi/11.3.1/../../../../arm-none-eabi/lib/thumb/v7e-m+dp/hard\libnosys.a(read.o)
                0x000000000800e1a0                _read
 .text._write   0x000000000800e1b0       0x10 C:/ST/STM32CubeIDE_1.14.0/STM32CubeIDE/plugins/com.st.stm32cube.ide.mcu.externaltools.gnu-tools-for-stm32.11.3.rel1.win32_1.1.100.202309141235/tools/bin/../lib/gcc/arm-none-eabi/11.3.1/../../../../arm-none-eabi/lib/thumb/v7e-m+dp/hard\libnosys.a(write.o)
                0x000000000800e1b0                _write
 .text._exit    0x000000000800e1c0        0x2 C:/ST/STM32CubeIDE_1.14.0/STM32CubeIDE/plugins/com.st.stm32cube.ide.mcu.externaltools.gnu-tools-for-stm32.11.3.rel1.win32_1.1.100.202309141235/tools/bin/../lib/gcc/arm-none-eabi/11.3.1/../../../../arm-none-eabi/lib/thumb/v7e-m+dp/hard\libnosys.a(_exit.o)
                0x000000000800e1c0                _exit
 *(.glue_7)
 .glue_7        0x000000000800e1c2        0x0 linker stubs
 *(.glue_7t)
 .glue_7t       0x000000000800e1c2        0x0 linker stubs
 *(.eh_frame)
 *fill*         0x000000000800e1c2        0x2 
 .eh_frame      0x000000000800e1c4        0x0 C:/ST/STM32CubeIDE_1.14.0/STM32CubeIDE/plugins/com.st.stm32cube.ide.mcu.externaltools.gnu-tools-for-stm32.11.3.rel1.win32_1.1.100.202309141235/tools/bin/../lib/gcc/arm-none-eabi/11.3.1/thumb/v7e-m+dp/hard/crtbegin.o
 *(.init)
 .init          0x000000000800e1c4        0x4 C:/ST/STM32CubeIDE_1.14.0/STM32CubeIDE/plugins/com.st.stm32cube.ide.mcu.externaltools.gnu-tools-for-stm32.11.3.rel1.win32_1.1.100.202309141235/tools/bin/../lib/gcc/arm-none-eabi/11.3.1/thumb/v7e-m+dp/hard/crti.o
                0x000000000800e1c4                _init
 .init          0x000000000800e1c8        0x8 C:/ST/STM32CubeIDE_1.14.0/STM32CubeIDE/plugins/com.st.stm32cube.ide.mcu.externaltools.gnu-tools-for-stm32.11.3.rel1.win32_1.1.100.202309141235/tools/bin/../lib/gcc/arm-none-eabi/11.3.1/thumb/v7e-m+dp/hard/crtn.o
 *(.fini)
 .fini          0x000000000800e1d0        0x4 C:/ST/STM32CubeIDE_1.14.0/STM32CubeIDE/plugins/com.st.stm32cube.ide.mcu.externaltools.gnu-tools-for-stm32.11.3.rel1.win32_1.1.100.202309141235/tools/bin/../lib/gcc/arm-none-eabi/11.3.1/thumb/v7e-m+dp/hard/crti.o
                0x000000000800e1d0                _fini
 .fini          0x000000000800e1d4        0x8 C:/ST/STM32CubeIDE_1.14.0/STM32CubeIDE/plugins/com.st.stm32cube.ide.mcu.externaltools.gnu-tools-for-stm32.11.3.rel1.win32_1.1.100.202309141235/tools/bin/../lib/gcc/arm-none-eabi/11.3.1/thumb/v7e-m+dp/hard/crtn.o
                0x000000000800e1dc                . = ALIGN (0x4)
                0x000000000800e1dc                _etext = .

.vfp11_veneer   0x000000000800e1dc        0x0
 .vfp11_veneer  0x000000000800e1dc        0x0 linker stubs

.v4_bx          0x000000000800e1dc        0x0
 .v4_bx         0x000000000800e1dc        0x0 linker stubs

.iplt           0x000000000800e1dc        0x0
 .iplt          0x000000000800e1dc        0x0 C:/ST/STM32CubeIDE_1.14.0/STM32CubeIDE/plugins/com.st.stm32cube.ide.mcu.externaltools.gnu-tools-for-stm32.11.3.rel1.win32_1.1.100.202309141235/tools/bin/../lib/gcc/arm-none-eabi/11.3.1/thumb/v7e-m+dp/hard/crtbegin.o

.rodata         0x000000000800e1e0    0x130d0
                0x000000000800e1e0                . = ALIGN (0x4)
 *(.rodata)
 .rodata        0x000000000800e1e0       0x82 ./Core/Src/main.o
 *fill*         0x000000000800e262        0x2 
 .rodata        0x000000000800e264       0xef ./X-CUBE-AI/App/app_x-cube-ai.o
 *fill*         0x000000000800e353        0x1 
 .rodata        0x000000000800e354       0x30 ./X-CUBE-AI/App/network_data.o
 *(.rodata*)
 .rodata.AHBPrescTable
                0x000000000800e384       0x10 ./Core/Src/system_stm32f7xx.o
                0x000000000800e384                AHBPrescTable
 .rodata.APBPrescTable
                0x000000000800e394        0x8 ./Core/Src/system_stm32f7xx.o
                0x000000000800e394                APBPrescTable
 .rodata.number_output_chain
                0x000000000800e39c        0x8 ./X-CUBE-AI/App/network.o
 .rodata.number_output_dense_chain
                0x000000000800e3a4        0x8 ./X-CUBE-AI/App/network.o
 .rodata.dense_2_chain
                0x000000000800e3ac        0x8 ./X-CUBE-AI/App/network.o
 .rodata.dense_2_dense_chain
                0x000000000800e3b4        0x8 ./X-CUBE-AI/App/network.o
 .rodata.dense_1_chain
                0x000000000800e3bc        0x8 ./X-CUBE-AI/App/network.o
 .rodata.dense_1_dense_chain
                0x000000000800e3c4        0x8 ./X-CUBE-AI/App/network.o
 .rodata.dense_chain
                0x000000000800e3cc        0x8 ./X-CUBE-AI/App/network.o
 .rodata.dense_dense_chain
                0x000000000800e3d4        0x8 ./X-CUBE-AI/App/network.o
 .rodata.global_average_pooling2d_chain
                0x000000000800e3dc        0x8 ./X-CUBE-AI/App/network.o
 .rodata.conv2d_2_chain
                0x000000000800e3e4        0x8 ./X-CUBE-AI/App/network.o
 .rodata.conv2d_2_conv2d_chain
                0x000000000800e3ec        0x8 ./X-CUBE-AI/App/network.o
 .rodata.conv2d_1_chain
                0x000000000800e3f4        0x8 ./X-CUBE-AI/App/network.o
 .rodata.conv2d_1_conv2d_chain
                0x000000000800e3fc        0x8 ./X-CUBE-AI/App/network.o
 .rodata.conv2d_chain
                0x000000000800e404        0x8 ./X-CUBE-AI/App/network.o
 .rodata.conv2d_conv2d_chain
                0x000000000800e40c        0x8 ./X-CUBE-AI/App/network.o
 *fill*         0x000000000800e414        0xc 
 .rodata.s_network_weights_array_u64
                0x000000000800e420    0x11118 ./X-CUBE-AI/App/network_data_params.o
                0x000000000800e420                s_network_weights_array_u64
 .rodata._printf_float.str1.1
                0x000000000801f538       0x12 C:/ST/STM32CubeIDE_1.14.0/STM32CubeIDE/plugins/com.st.stm32cube.ide.mcu.externaltools.gnu-tools-for-stm32.11.3.rel1.win32_1.1.100.202309141235/tools/bin/../lib/gcc/arm-none-eabi/11.3.1/../../../../arm-none-eabi/lib/thumb/v7e-m+dp/hard\libc_nano.a(libc_a-nano-vfprintf_float.o)
 .rodata._printf_i.str1.1
                0x000000000801f54a       0x22 C:/ST/STM32CubeIDE_1.14.0/STM32CubeIDE/plugins/com.st.stm32cube.ide.mcu.externaltools.gnu-tools-for-stm32.11.3.rel1.win32_1.1.100.202309141235/tools/bin/../lib/gcc/arm-none-eabi/11.3.1/../../../../arm-none-eabi/lib/thumb/v7e-m+dp/hard\libc_nano.a(libc_a-nano-vfprintf_i.o)
 .rodata._dtoa_r.str1.1
                0x000000000801f56c       0x8d C:/ST/STM32CubeIDE_1.14.0/STM32CubeIDE/plugins/com.st.stm32cube.ide.mcu.externaltools.gnu-tools-for-stm32.11.3.rel1.win32_1.1.100.202309141235/tools/bin/../lib/gcc/arm-none-eabi/11.3.1/../../../../arm-none-eabi/lib/thumb/v7e-m+dp/hard\libc_nano.a(libc_a-dtoa.o)
                                         0x8f (size before relaxing)
 .rodata._Balloc.str1.1
                0x000000000801f5f9       0x59 C:/ST/STM32CubeIDE_1.14.0/STM32CubeIDE/plugins/com.st.stm32cube.ide.mcu.externaltools.gnu-tools-for-stm32.11.3.rel1.win32_1.1.100.202309141235/tools/bin/../lib/gcc/arm-none-eabi/11.3.1/../../../../arm-none-eabi/lib/thumb/v7e-m+dp/hard\libc_nano.a(libc_a-mprec.o)
                                         0x70 (size before relaxing)
 .rodata.__multadd.str1.1
                0x000000000801f652       0x11 C:/ST/STM32CubeIDE_1.14.0/STM32CubeIDE/plugins/com.st.stm32cube.ide.mcu.externaltools.gnu-tools-for-stm32.11.3.rel1.win32_1.1.100.202309141235/tools/bin/../lib/gcc/arm-none-eabi/11.3.1/../../../../arm-none-eabi/lib/thumb/v7e-m+dp/hard\libc_nano.a(libc_a-mprec.o)
 *fill*         0x000000000801f652        0x6 
 .rodata.__mprec_bigtens
                0x000000000801f658       0x28 C:/ST/STM32CubeIDE_1.14.0/STM32CubeIDE/plugins/com.st.stm32cube.ide.mcu.externaltools.gnu-tools-for-stm32.11.3.rel1.win32_1.1.100.202309141235/tools/bin/../lib/gcc/arm-none-eabi/11.3.1/../../../../arm-none-eabi/lib/thumb/v7e-m+dp/hard\libc_nano.a(libc_a-mprec.o)
                0x000000000801f658                __mprec_bigtens
 .rodata.__mprec_tens
                0x000000000801f680       0xc8 C:/ST/STM32CubeIDE_1.14.0/STM32CubeIDE/plugins/com.st.stm32cube.ide.mcu.externaltools.gnu-tools-for-stm32.11.3.rel1.win32_1.1.100.202309141235/tools/bin/../lib/gcc/arm-none-eabi/11.3.1/../../../../arm-none-eabi/lib/thumb/v7e-m+dp/hard\libc_nano.a(libc_a-mprec.o)
                0x000000000801f680                __mprec_tens
 .rodata.p05.0  0x000000000801f748        0xc C:/ST/STM32CubeIDE_1.14.0/STM32CubeIDE/plugins/com.st.stm32cube.ide.mcu.externaltools.gnu-tools-for-stm32.11.3.rel1.win32_1.1.100.202309141235/tools/bin/../lib/gcc/arm-none-eabi/11.3.1/../../../../arm-none-eabi/lib/thumb/v7e-m+dp/hard\libc_nano.a(libc_a-mprec.o)
 .rodata._svfprintf_r.str1.1
                0x000000000801f754       0x11 C:/ST/STM32CubeIDE_1.14.0/STM32CubeIDE/plugins/com.st.stm32cube.ide.mcu.externaltools.gnu-tools-for-stm32.11.3.rel1.win32_1.1.100.202309141235/tools/bin/../lib/gcc/arm-none-eabi/11.3.1/../../../../arm-none-eabi/lib/thumb/v7e-m+dp/hard\libc_nano.a(libc_a-nano-svfprintf.o)
 .rodata._vfprintf_r.str1.1
                0x000000000801f765       0x11 C:/ST/STM32CubeIDE_1.14.0/STM32CubeIDE/plugins/com.st.stm32cube.ide.mcu.externaltools.gnu-tools-for-stm32.11.3.rel1.win32_1.1.100.202309141235/tools/bin/../lib/gcc/arm-none-eabi/11.3.1/../../../../arm-none-eabi/lib/thumb/v7e-m+dp/hard\libc_nano.a(libc_a-nano-vfprintf.o)
 .rodata._setlocale_r.str1.1