../Drivers/CMSIS/Include/core_cm7.h:2229:22:SCB_EnableICache	4	static,ignoring_inline_asm
../Drivers/CMSIS/Include/core_cm7.h:2281:22:SCB_EnableDCache	24	static,ignoring_inline_asm
../Core/Src/main.c:149:5:main	3088	static
../Core/Src/main.c:237:6:SystemClock_Config	88	static
../Core/Src/main.c:288:13:ai_log_err	16	static
../Core/Src/main.c:302:12:ai_boostrap	32	static
../Core/Src/main.c:345:6:AI_Init	8	static
../Core/Src/main.c:356:5:argmax	24	static
../Core/Src/main.c:367:6:transform_to_4d	24	static
../Core/Src/main.c:376:6:captureAndPreprocessFrame	48	static
../Core/Src/main.c:396:6:getFrame	3128	static
../Core/Src/main.c:435:6:Error_Handler	4	static,ignoring_inline_asm
